startup_stm32f103c8tx.c:55:13:NMI_Handler	0	static
startup_stm32f103c8tx.c:56:13:HardFault_Handler	0	static
startup_stm32f103c8tx.c:57:13:MemManage_Handler	0	static
startup_stm32f103c8tx.c:58:13:BusFault_Handler	0	static
startup_stm32f103c8tx.c:59:13:UsageFault_Handler	0	static
startup_stm32f103c8tx.c:60:13:SVC_Handler	0	static
startup_stm32f103c8tx.c:61:13:DebugMon_Handler	0	static
startup_stm32f103c8tx.c:62:13:PendSV_Handler	0	static
startup_stm32f103c8tx.c:63:13:SysTick_Handler	0	static
startup_stm32f103c8tx.c:64:13:WWDG_IRQHandler	0	static
startup_stm32f103c8tx.c:65:13:PVD_IRQHandler	0	static
startup_stm32f103c8tx.c:66:13:TAMPER_IRQHandler	0	static
startup_stm32f103c8tx.c:67:13:RTC_IRQHandler	0	static
startup_stm32f103c8tx.c:68:13:FLASH_IRQHandler	0	static
startup_stm32f103c8tx.c:69:13:RCC_IRQHandler	0	static
startup_stm32f103c8tx.c:70:13:EXTI0_IRQHandler	0	static
startup_stm32f103c8tx.c:71:13:EXTI1_IRQHandler	0	static
startup_stm32f103c8tx.c:72:13:EXTI2_IRQHandler	0	static
startup_stm32f103c8tx.c:73:13:EXTI3_IRQHandler	0	static
startup_stm32f103c8tx.c:74:13:EXTI4_IRQHandler	0	static
startup_stm32f103c8tx.c:75:13:DMA1_Channel1_IRQHandler	0	static
startup_stm32f103c8tx.c:76:13:DMA1_Channel2_IRQHandler	0	static
startup_stm32f103c8tx.c:77:13:DMA1_Channel3_IRQHandler	0	static
startup_stm32f103c8tx.c:78:13:DMA1_Channel4_IRQHandler	0	static
startup_stm32f103c8tx.c:79:13:DMA1_Channel5_IRQHandler	0	static
startup_stm32f103c8tx.c:80:13:DMA1_Channel6_IRQHandler	0	static
startup_stm32f103c8tx.c:81:13:DMA1_Channel7_IRQHandler	0	static
startup_stm32f103c8tx.c:82:13:ADC1_2_IRQHandler	0	static
startup_stm32f103c8tx.c:83:13:USB_HP_CAN1_TX_IRQHandler	0	static
startup_stm32f103c8tx.c:84:13:USB_LP_CAN1_RX0_IRQHandler	0	static
startup_stm32f103c8tx.c:85:13:CAN1_RX1_IRQHandler	0	static
startup_stm32f103c8tx.c:86:13:CAN1_SCE_IRQHandler	0	static
startup_stm32f103c8tx.c:87:13:EXTI9_5_IRQHandler	0	static
startup_stm32f103c8tx.c:88:13:TIM1_BRK_IRQHandler	0	static
startup_stm32f103c8tx.c:89:13:TIM1_UP_IRQHandler	0	static
startup_stm32f103c8tx.c:90:13:TIM1_TRG_COM_IRQHandler	0	static
startup_stm32f103c8tx.c:91:13:TIM1_CC_IRQHandler	0	static
startup_stm32f103c8tx.c:92:13:TIM2_IRQHandler	0	static
startup_stm32f103c8tx.c:93:13:TIM3_IRQHandler	0	static
startup_stm32f103c8tx.c:94:13:TIM4_IRQHandler	0	static
startup_stm32f103c8tx.c:95:13:I2C1_EV_IRQHandler	0	static
startup_stm32f103c8tx.c:96:13:I2C1_ER_IRQHandler	0	static
startup_stm32f103c8tx.c:97:13:I2C2_EV_IRQHandler	0	static
startup_stm32f103c8tx.c:98:13:I2C2_ER_IRQHandler	0	static
startup_stm32f103c8tx.c:99:13:SPI1_IRQHandler	0	static
startup_stm32f103c8tx.c:100:13:SPI2_IRQHandler	0	static
startup_stm32f103c8tx.c:101:13:USART1_IRQHandler	0	static
startup_stm32f103c8tx.c:102:13:USART2_IRQHandler	0	static
startup_stm32f103c8tx.c:103:13:USART3_IRQHandler	0	static
startup_stm32f103c8tx.c:104:13:EXTI15_10_IRQHandler	0	static
startup_stm32f103c8tx.c:105:13:RTC_Alarm_IRQHandler	0	static
startup_stm32f103c8tx.c:106:13:USBWakeUp_IRQHandler	0	static
startup_stm32f103c8tx.c:107:13:BootRAM	0	static
startup_stm32f103c8tx.c:30:6:Reset_Handler	8	static
startup_stm32f103c8tx.c:48:6:Default_Handler	0	static
