Archive member included to satisfy reference by file (symbol)

c:/st/stm32cubeide_1.4.0/stm32cubeide/plugins/com.st.stm32cube.ide.mcu.externaltools.gnu-tools-for-stm32.7-2018-q2-update.win32_1.4.0.202007081208/tools/bin/../lib/gcc/arm-none-eabi/7.3.1/../../../../arm-none-eabi/lib/thumb/v7-m\libc_nano.a(lib_a-errno.o)
                              Core/Src/syscalls.o (__errno)
c:/st/stm32cubeide_1.4.0/stm32cubeide/plugins/com.st.stm32cube.ide.mcu.externaltools.gnu-tools-for-stm32.7-2018-q2-update.win32_1.4.0.202007081208/tools/bin/../lib/gcc/arm-none-eabi/7.3.1/../../../../arm-none-eabi/lib/thumb/v7-m\libc_nano.a(lib_a-exit.o)
                              c:/st/stm32cubeide_1.4.0/stm32cubeide/plugins/com.st.stm32cube.ide.mcu.externaltools.gnu-tools-for-stm32.7-2018-q2-update.win32_1.4.0.202007081208/tools/bin/../lib/gcc/arm-none-eabi/7.3.1/../../../../arm-none-eabi/lib/thumb/v7-m/crt0.o (exit)
c:/st/stm32cubeide_1.4.0/stm32cubeide/plugins/com.st.stm32cube.ide.mcu.externaltools.gnu-tools-for-stm32.7-2018-q2-update.win32_1.4.0.202007081208/tools/bin/../lib/gcc/arm-none-eabi/7.3.1/../../../../arm-none-eabi/lib/thumb/v7-m\libc_nano.a(lib_a-impure.o)
                              c:/st/stm32cubeide_1.4.0/stm32cubeide/plugins/com.st.stm32cube.ide.mcu.externaltools.gnu-tools-for-stm32.7-2018-q2-update.win32_1.4.0.202007081208/tools/bin/../lib/gcc/arm-none-eabi/7.3.1/../../../../arm-none-eabi/lib/thumb/v7-m\libc_nano.a(lib_a-exit.o) (_global_impure_ptr)
c:/st/stm32cubeide_1.4.0/stm32cubeide/plugins/com.st.stm32cube.ide.mcu.externaltools.gnu-tools-for-stm32.7-2018-q2-update.win32_1.4.0.202007081208/tools/bin/../lib/gcc/arm-none-eabi/7.3.1/../../../../arm-none-eabi/lib/thumb/v7-m\libc_nano.a(lib_a-init.o)
                              c:/st/stm32cubeide_1.4.0/stm32cubeide/plugins/com.st.stm32cube.ide.mcu.externaltools.gnu-tools-for-stm32.7-2018-q2-update.win32_1.4.0.202007081208/tools/bin/../lib/gcc/arm-none-eabi/7.3.1/../../../../arm-none-eabi/lib/thumb/v7-m/crt0.o (__libc_init_array)
c:/st/stm32cubeide_1.4.0/stm32cubeide/plugins/com.st.stm32cube.ide.mcu.externaltools.gnu-tools-for-stm32.7-2018-q2-update.win32_1.4.0.202007081208/tools/bin/../lib/gcc/arm-none-eabi/7.3.1/../../../../arm-none-eabi/lib/thumb/v7-m\libc_nano.a(lib_a-memcpy-stub.o)
                              Core/Src/main.o (memcpy)
c:/st/stm32cubeide_1.4.0/stm32cubeide/plugins/com.st.stm32cube.ide.mcu.externaltools.gnu-tools-for-stm32.7-2018-q2-update.win32_1.4.0.202007081208/tools/bin/../lib/gcc/arm-none-eabi/7.3.1/../../../../arm-none-eabi/lib/thumb/v7-m\libc_nano.a(lib_a-memset.o)
                              c:/st/stm32cubeide_1.4.0/stm32cubeide/plugins/com.st.stm32cube.ide.mcu.externaltools.gnu-tools-for-stm32.7-2018-q2-update.win32_1.4.0.202007081208/tools/bin/../lib/gcc/arm-none-eabi/7.3.1/../../../../arm-none-eabi/lib/thumb/v7-m/crt0.o (memset)

Allocating common symbols
Common symbol       size              file

flag                0x1               Core/Src/main.o
hcan                0x28              Core/Src/main.o
uwTick              0x4               Drivers/STM32F1xx_HAL_Driver/Src/stm32f1xx_hal.o
prog                0x400             Core/Src/main.o
temp                0x4               Core/Src/main.o
pFlash              0x20              Drivers/STM32F1xx_HAL_Driver/Src/stm32f1xx_hal_flash.o
high                0x1               Core/Src/main.o
low                 0x1               Core/Src/main.o
Rxdata              0x8               Core/Src/main.o
counter             0x1               Core/Src/main.o
pointer_counter     0x4               Core/Src/main.o
Txmailbox           0x4               Core/Src/main.o
offset              0x4               Core/Src/main.o
TxHeader            0x18              Core/Src/main.o
RxHeader            0x1c              Core/Src/main.o

Discarded input sections

 .text          0x0000000000000000        0x0 c:/st/stm32cubeide_1.4.0/stm32cubeide/plugins/com.st.stm32cube.ide.mcu.externaltools.gnu-tools-for-stm32.7-2018-q2-update.win32_1.4.0.202007081208/tools/bin/../lib/gcc/arm-none-eabi/7.3.1/thumb/v7-m/crti.o
 .data          0x0000000000000000        0x0 c:/st/stm32cubeide_1.4.0/stm32cubeide/plugins/com.st.stm32cube.ide.mcu.externaltools.gnu-tools-for-stm32.7-2018-q2-update.win32_1.4.0.202007081208/tools/bin/../lib/gcc/arm-none-eabi/7.3.1/thumb/v7-m/crti.o
 .bss           0x0000000000000000        0x0 c:/st/stm32cubeide_1.4.0/stm32cubeide/plugins/com.st.stm32cube.ide.mcu.externaltools.gnu-tools-for-stm32.7-2018-q2-update.win32_1.4.0.202007081208/tools/bin/../lib/gcc/arm-none-eabi/7.3.1/thumb/v7-m/crti.o
 .data          0x0000000000000000        0x4 c:/st/stm32cubeide_1.4.0/stm32cubeide/plugins/com.st.stm32cube.ide.mcu.externaltools.gnu-tools-for-stm32.7-2018-q2-update.win32_1.4.0.202007081208/tools/bin/../lib/gcc/arm-none-eabi/7.3.1/thumb/v7-m/crtbegin.o
[...]
Memory Configuration

Name             Origin             Length             Attributes
RAM              0x0000000020000000 0x0000000000005000 xrw
FLASH            0x0000000008000000 0x0000000000001c00 xr
*default*        0x0000000000000000 0xffffffffffffffff

Linker script and memory map

LOAD c:/st/stm32cubeide_1.4.0/stm32cubeide/plugins/com.st.stm32cube.ide.mcu.externaltools.gnu-tools-for-stm32.7-2018-q2-update.win32_1.4.0.202007081208/tools/bin/../lib/gcc/arm-none-eabi/7.3.1/thumb/v7-m/crti.o
LOAD c:/st/stm32cubeide_1.4.0/stm32cubeide/plugins/com.st.stm32cube.ide.mcu.externaltools.gnu-tools-for-stm32.7-2018-q2-update.win32_1.4.0.202007081208/tools/bin/../lib/gcc/arm-none-eabi/7.3.1/thumb/v7-m/crtbegin.o
LOAD c:/st/stm32cubeide_1.4.0/stm32cubeide/plugins/com.st.stm32cube.ide.mcu.externaltools.gnu-tools-for-stm32.7-2018-q2-update.win32_1.4.0.202007081208/tools/bin/../lib/gcc/arm-none-eabi/7.3.1/../../../../arm-none-eabi/lib/thumb/v7-m/crt0.o
LOAD Core/Src/main.o
LOAD Core/Src/stm32f1xx_hal_msp.o
LOAD Core/Src/stm32f1xx_it.o
LOAD Core/Src/syscalls.o
LOAD Core/Src/sysmem.o
LOAD Core/Src/system_stm32f1xx.o
LOAD Core/Startup/startup_stm32f103c8tx.o
LOAD Drivers/STM32F1xx_HAL_Driver/Src/stm32f1xx_hal.o
LOAD Drivers/STM32F1xx_HAL_Driver/Src/stm32f1xx_hal_can.o
LOAD Drivers/STM32F1xx_HAL_Driver/Src/stm32f1xx_hal_cortex.o
LOAD Drivers/STM32F1xx_HAL_Driver/Src/stm32f1xx_hal_dma.o
LOAD Drivers/STM32F1xx_HAL_Driver/Src/stm32f1xx_hal_exti.o
LOAD Drivers/STM32F1xx_HAL_Driver/Src/stm32f1xx_hal_flash.o
LOAD Drivers/STM32F1xx_HAL_Driver/Src/stm32f1xx_hal_flash_ex.o
LOAD Drivers/STM32F1xx_HAL_Driver/Src/stm32f1xx_hal_gpio.o
LOAD Drivers/STM32F1xx_HAL_Driver/Src/stm32f1xx_hal_gpio_ex.o
LOAD Drivers/STM32F1xx_HAL_Driver/Src/stm32f1xx_hal_pwr.o
LOAD Drivers/STM32F1xx_HAL_Driver/Src/stm32f1xx_hal_rcc.o
LOAD Drivers/STM32F1xx_HAL_Driver/Src/stm32f1xx_hal_rcc_ex.o
LOAD Drivers/STM32F1xx_HAL_Driver/Src/stm32f1xx_hal_tim.o
LOAD Drivers/STM32F1xx_HAL_Driver/Src/stm32f1xx_hal_tim_ex.o
START GROUP
LOAD c:/st/stm32cubeide_1.4.0/stm32cubeide/plugins/com.st.stm32cube.ide.mcu.externaltools.gnu-tools-for-stm32.7-2018-q2-update.win32_1.4.0.202007081208/tools/bin/../lib/gcc/arm-none-eabi/7.3.1/../../../../arm-none-eabi/lib/thumb/v7-m\libc_nano.a
LOAD c:/st/stm32cubeide_1.4.0/stm32cubeide/plugins/com.st.stm32cube.ide.mcu.externaltools.gnu-tools-for-stm32.7-2018-q2-update.win32_1.4.0.202007081208/tools/bin/../lib/gcc/arm-none-eabi/7.3.1/../../../../arm-none-eabi/lib/thumb/v7-m\libm.a
END GROUP
START GROUP
LOAD c:/st/stm32cubeide_1.4.0/stm32cubeide/plugins/com.st.stm32cube.ide.mcu.externaltools.gnu-tools-for-stm32.7-2018-q2-update.win32_1.4.0.202007081208/tools/bin/../lib/gcc/arm-none-eabi/7.3.1/thumb/v7-m\libgcc.a
LOAD c:/st/stm32cubeide_1.4.0/stm32cubeide/plugins/com.st.stm32cube.ide.mcu.externaltools.gnu-tools-for-stm32.7-2018-q2-update.win32_1.4.0.202007081208/tools/bin/../lib/gcc/arm-none-eabi/7.3.1/../../../../arm-none-eabi/lib/thumb/v7-m\libc_nano.a
END GROUP
START GROUP
LOAD c:/st/stm32cubeide_1.4.0/stm32cubeide/plugins/com.st.stm32cube.ide.mcu.externaltools.gnu-tools-for-stm32.7-2018-q2-update.win32_1.4.0.202007081208/tools/bin/../lib/gcc/arm-none-eabi/7.3.1/thumb/v7-m\libgcc.a
LOAD c:/st/stm32cubeide_1.4.0/stm32cubeide/plugins/com.st.stm32cube.ide.mcu.externaltools.gnu-tools-for-stm32.7-2018-q2-update.win32_1.4.0.202007081208/tools/bin/../lib/gcc/arm-none-eabi/7.3.1/../../../../arm-none-eabi/lib/thumb/v7-m\libc_nano.a
LOAD c:/st/stm32cubeide_1.4.0/stm32cubeide/plugins/com.st.stm32cube.ide.mcu.externaltools.gnu-tools-for-stm32.7-2018-q2-update.win32_1.4.0.202007081208/tools/bin/../lib/gcc/arm-none-eabi/7.3.1/../../../../arm-none-eabi/lib/thumb/v7-m\libnosys.a
END GROUP
START GROUP
LOAD c:/st/stm32cubeide_1.4.0/stm32cubeide/plugins/com.st.stm32cube.ide.mcu.externaltools.gnu-tools-for-stm32.7-2018-q2-update.win32_1.4.0.202007081208/tools/bin/../lib/gcc/arm-none-eabi/7.3.1/thumb/v7-m\libgcc.a
LOAD c:/st/stm32cubeide_1.4.0/stm32cubeide/plugins/com.st.stm32cube.ide.mcu.externaltools.gnu-tools-for-stm32.7-2018-q2-update.win32_1.4.0.202007081208/tools/bin/../lib/gcc/arm-none-eabi/7.3.1/../../../../arm-none-eabi/lib/thumb/v7-m\libc_nano.a
LOAD c:/st/stm32cubeide_1.4.0/stm32cubeide/plugins/com.st.stm32cube.ide.mcu.externaltools.gnu-tools-for-stm32.7-2018-q2-update.win32_1.4.0.202007081208/tools/bin/../lib/gcc/arm-none-eabi/7.3.1/../../../../arm-none-eabi/lib/thumb/v7-m\libnosys.a
END GROUP
LOAD c:/st/stm32cubeide_1.4.0/stm32cubeide/plugins/com.st.stm32cube.ide.mcu.externaltools.gnu-tools-for-stm32.7-2018-q2-update.win32_1.4.0.202007081208/tools/bin/../lib/gcc/arm-none-eabi/7.3.1/thumb/v7-m/crtend.o
LOAD c:/st/stm32cubeide_1.4.0/stm32cubeide/plugins/com.st.stm32cube.ide.mcu.externaltools.gnu-tools-for-stm32.7-2018-q2-update.win32_1.4.0.202007081208/tools/bin/../lib/gcc/arm-none-eabi/7.3.1/thumb/v7-m/crtn.o
                0x0000000020005000                _estack = (ORIGIN (RAM) + LENGTH (RAM))
                0x0000000000000200                _Min_Heap_Size = 0x200
                0x0000000000000400                _Min_Stack_Size = 0x400

.isr_vector     0x0000000008000000      0x10c
                0x0000000008000000                . = ALIGN (0x4)
 *(.isr_vector)
 .isr_vector    0x0000000008000000      0x10c Core/Startup/startup_stm32f103c8tx.o
                0x0000000008000000                VectorTable
                0x000000000800010c                . = ALIGN (0x4)

.text           0x000000000800010c     0x16e0
                0x000000000800010c                . = ALIGN (0x4)
 *(.text)
 .text          0x000000000800010c       0x40 c:/st/stm32cubeide_1.4.0/stm32cubeide/plugins/com.st.stm32cube.ide.mcu.externaltools.gnu-tools-for-stm32.7-2018-q2-update.win32_1.4.0.202007081208/tools/bin/../lib/gcc/arm-none-eabi/7.3.1/thumb/v7-m/crtbegin.o
 *(.text*)
 .text.HAL_CAN_RxFifo1MsgPendingCallback
                0x000000000800014c       0x20 Core/Src/main.o
                0x000000000800014c                HAL_CAN_RxFifo1MsgPendingCallback
 .text.can_tx   0x000000000800016c       0x44 Core/Src/main.o
                0x000000000800016c                can_tx
 .text.Flash_Write_Data
                0x00000000080001b0       0x54 Core/Src/main.o
                0x00000000080001b0                Flash_Write_Data
 .text.ascii_to_hex
                0x0000000008000204       0x28 Core/Src/main.o
                0x0000000008000204                ascii_to_hex
 .text.receive_program
                0x000000000800022c       0xcc Core/Src/main.o
                0x000000000800022c                receive_program
 .text.SystemClock_Config
                0x00000000080002f8       0x56 Core/Src/main.o
                0x00000000080002f8                SystemClock_Config
 *fill*         0x000000000800034e        0x2 
 .text.startup.main
                0x0000000008000350      0x18c Core/Src/main.o
                0x0000000008000350                main
 .text.HAL_MspInit
                0x00000000080004dc       0x44 Core/Src/stm32f1xx_hal_msp.o
                0x00000000080004dc                HAL_MspInit
 .text.HAL_CAN_MspInit
                0x0000000008000520       0xa8 Core/Src/stm32f1xx_hal_msp.o
                0x0000000008000520                HAL_CAN_MspInit
 .text.NMI_Handler
                0x00000000080005c8        0x2 Core/Src/stm32f1xx_it.o
                0x00000000080005c8                NMI_Handler
 .text.HardFault_Handler
                0x00000000080005ca        0x2 Core/Src/stm32f1xx_it.o
                0x00000000080005ca                HardFault_Handler
 .text.MemManage_Handler
                0x00000000080005cc        0x2 Core/Src/stm32f1xx_it.o
                0x00000000080005cc                MemManage_Handler
 .text.BusFault_Handler
                0x00000000080005ce        0x2 Core/Src/stm32f1xx_it.o
                0x00000000080005ce                BusFault_Handler
 .text.UsageFault_Handler
                0x00000000080005d0        0x2 Core/Src/stm32f1xx_it.o
                0x00000000080005d0                UsageFault_Handler
 .text.SVC_Handler
                0x00000000080005d2        0x2 Core/Src/stm32f1xx_it.o
                0x00000000080005d2                SVC_Handler
 .text.DebugMon_Handler
                0x00000000080005d4        0x2 Core/Src/stm32f1xx_it.o
                0x00000000080005d4                DebugMon_Handler
 .text.PendSV_Handler
                0x00000000080005d6        0x2 Core/Src/stm32f1xx_it.o
                0x00000000080005d6                PendSV_Handler
 .text.SysTick_Handler
                0x00000000080005d8        0x4 Core/Src/stm32f1xx_it.o
                0x00000000080005d8                SysTick_Handler
 .text.USB_LP_CAN1_RX0_IRQHandler
                0x00000000080005dc        0xc Core/Src/stm32f1xx_it.o
                0x00000000080005dc                USB_LP_CAN1_RX0_IRQHandler
 .text.CAN1_RX1_IRQHandler
                0x00000000080005e8        0x4 Core/Src/stm32f1xx_it.o
                0x00000000080005e8                CAN1_RX1_IRQHandler
 .text.SystemInit
                0x00000000080005ec        0x2 Core/Src/system_stm32f1xx.o
                0x00000000080005ec                SystemInit
 .text.WWDG_IRQHandler
                0x00000000080005ee        0x2 Core/Startup/startup_stm32f103c8tx.o
                0x00000000080005ee                WWDG_IRQHandler
 .text.PVD_IRQHandler
                0x00000000080005f0        0x2 Core/Startup/startup_stm32f103c8tx.o
                0x00000000080005f0                PVD_IRQHandler
 .text.TAMPER_IRQHandler
                0x00000000080005f2        0x2 Core/Startup/startup_stm32f103c8tx.o
                0x00000000080005f2                TAMPER_IRQHandler
 .text.RTC_IRQHandler
                0x00000000080005f4        0x2 Core/Startup/startup_stm32f103c8tx.o
                0x00000000080005f4                RTC_IRQHandler
 .text.FLASH_IRQHandler
                0x00000000080005f6        0x2 Core/Startup/startup_stm32f103c8tx.o
                0x00000000080005f6                FLASH_IRQHandler
 .text.RCC_IRQHandler
                0x00000000080005f8        0x2 Core/Startup/startup_stm32f103c8tx.o
                0x00000000080005f8                RCC_IRQHandler
 .text.EXTI0_IRQHandler
                0x00000000080005fa        0x2 Core/Startup/startup_stm32f103c8tx.o
                0x00000000080005fa                EXTI0_IRQHandler
 .text.EXTI1_IRQHandler
                0x00000000080005fc        0x2 Core/Startup/startup_stm32f103c8tx.o
                0x00000000080005fc                EXTI1_IRQHandler
 .text.EXTI2_IRQHandler
                0x00000000080005fe        0x2 Core/Startup/startup_stm32f103c8tx.o
                0x00000000080005fe                EXTI2_IRQHandler
 .text.EXTI3_IRQHandler
                0x0000000008000600        0x2 Core/Startup/startup_stm32f103c8tx.o
                0x0000000008000600                EXTI3_IRQHandler
 .text.EXTI4_IRQHandler
                0x0000000008000602        0x2 Core/Startup/startup_stm32f103c8tx.o
                0x0000000008000602                EXTI4_IRQHandler
 .text.DMA1_Channel1_IRQHandler
                0x0000000008000604        0x2 Core/Startup/startup_stm32f103c8tx.o
                0x0000000008000604                DMA1_Channel1_IRQHandler
 .text.DMA1_Channel2_IRQHandler
                0x0000000008000606        0x2 Core/Startup/startup_stm32f103c8tx.o
                0x0000000008000606                DMA1_Channel2_IRQHandler
 .text.DMA1_Channel3_IRQHandler
                0x0000000008000608        0x2 Core/Startup/startup_stm32f103c8tx.o
                0x0000000008000608                DMA1_Channel3_IRQHandler
 .text.DMA1_Channel4_IRQHandler
                0x000000000800060a        0x2 Core/Startup/startup_stm32f103c8tx.o
                0x000000000800060a                DMA1_Channel4_IRQHandler
 .text.DMA1_Channel5_IRQHandler
                0x000000000800060c        0x2 Core/Startup/startup_stm32f103c8tx.o
                0x000000000800060c                DMA1_Channel5_IRQHandler
 .text.DMA1_Channel6_IRQHandler
                0x000000000800060e        0x2 Core/Startup/startup_stm32f103c8tx.o
                0x000000000800060e                DMA1_Channel6_IRQHandler
 .text.DMA1_Channel7_IRQHandler
                0x0000000008000610        0x2 Core/Startup/startup_stm32f103c8tx.o
                0x0000000008000610                DMA1_Channel7_IRQHandler
 .text.ADC1_2_IRQHandler
                0x0000000008000612        0x2 Core/Startup/startup_stm32f103c8tx.o
                0x0000000008000612                ADC1_2_IRQHandler
 .text.USB_HP_CAN1_TX_IRQHandler
                0x0000000008000614        0x2 Core/Startup/startup_stm32f103c8tx.o
                0x0000000008000614                USB_HP_CAN1_TX_IRQHandler
 .text.CAN1_SCE_IRQHandler
                0x0000000008000616        0x2 Core/Startup/startup_stm32f103c8tx.o
                0x0000000008000616                CAN1_SCE_IRQHandler
 .text.EXTI9_5_IRQHandler
                0x0000000008000618        0x2 Core/Startup/startup_stm32f103c8tx.o
                0x0000000008000618                EXTI9_5_IRQHandler
 .text.TIM1_BRK_IRQHandler
                0x000000000800061a        0x2 Core/Startup/startup_stm32f103c8tx.o
                0x000000000800061a                TIM1_BRK_IRQHandler
 .text.TIM1_UP_IRQHandler
                0x000000000800061c        0x2 Core/Startup/startup_stm32f103c8tx.o
                0x000000000800061c                TIM1_UP_IRQHandler
 .text.TIM1_TRG_COM_IRQHandler
                0x000000000800061e        0x2 Core/Startup/startup_stm32f103c8tx.o
                0x000000000800061e                TIM1_TRG_COM_IRQHandler
 .text.TIM1_CC_IRQHandler
                0x0000000008000620        0x2 Core/Startup/startup_stm32f103c8tx.o
                0x0000000008000620                TIM1_CC_IRQHandler
 .text.TIM2_IRQHandler
                0x0000000008000622        0x2 Core/Startup/startup_stm32f103c8tx.o
                0x0000000008000622                TIM2_IRQHandler
 .text.TIM3_IRQHandler
                0x0000000008000624        0x2 Core/Startup/startup_stm32f103c8tx.o
                0x0000000008000624                TIM3_IRQHandler
 .text.TIM4_IRQHandler
                0x0000000008000626        0x2 Core/Startup/startup_stm32f103c8tx.o
                0x0000000008000626                TIM4_IRQHandler
 .text.I2C1_EV_IRQHandler
                0x0000000008000628        0x2 Core/Startup/startup_stm32f103c8tx.o
                0x0000000008000628                I2C1_EV_IRQHandler
 .text.I2C1_ER_IRQHandler
                0x000000000800062a        0x2 Core/Startup/startup_stm32f103c8tx.o
                0x000000000800062a                I2C1_ER_IRQHandler
 .text.I2C2_EV_IRQHandler
                0x000000000800062c        0x2 Core/Startup/startup_stm32f103c8tx.o
                0x000000000800062c                I2C2_EV_IRQHandler
 .text.I2C2_ER_IRQHandler
                0x000000000800062e        0x2 Core/Startup/startup_stm32f103c8tx.o
                0x000000000800062e                I2C2_ER_IRQHandler
 .text.SPI1_IRQHandler
                0x0000000008000630        0x2 Core/Startup/startup_stm32f103c8tx.o
                0x0000000008000630                SPI1_IRQHandler
 .text.SPI2_IRQHandler
                0x0000000008000632        0x2 Core/Startup/startup_stm32f103c8tx.o
                0x0000000008000632                SPI2_IRQHandler
 .text.USART1_IRQHandler
                0x0000000008000634        0x2 Core/Startup/startup_stm32f103c8tx.o
                0x0000000008000634                USART1_IRQHandler
 .text.USART2_IRQHandler
                0x0000000008000636        0x2 Core/Startup/startup_stm32f103c8tx.o
                0x0000000008000636                USART2_IRQHandler
 .text.USART3_IRQHandler
                0x0000000008000638        0x2 Core/Startup/startup_stm32f103c8tx.o
                0x0000000008000638                USART3_IRQHandler
 .text.EXTI15_10_IRQHandler
                0x000000000800063a        0x2 Core/Startup/startup_stm32f103c8tx.o
                0x000000000800063a                EXTI15_10_IRQHandler
 .text.RTC_Alarm_IRQHandler
                0x000000000800063c        0x2 Core/Startup/startup_stm32f103c8tx.o
                0x000000000800063c                RTC_Alarm_IRQHandler
 .text.USBWakeUp_IRQHandler
                0x000000000800063e        0x2 Core/Startup/startup_stm32f103c8tx.o
                0x000000000800063e                USBWakeUp_IRQHandler
 .text.BootRAM  0x0000000008000640        0x2 Core/Startup/startup_stm32f103c8tx.o
                0x0000000008000640                BootRAM
 *fill*         0x0000000008000642        0x2 
 .text.Reset_Handler
                0x0000000008000644       0x48 Core/Startup/startup_stm32f103c8tx.o
                0x0000000008000644                Reset_Handler
 .text.HAL_MspDeInit
                0x000000000800068c        0x2 Drivers/STM32F1xx_HAL_Driver/Src/stm32f1xx_hal.o
                0x000000000800068c                HAL_MspDeInit
 *fill*         0x000000000800068e        0x2 
 .text.HAL_DeInit
                0x0000000008000690       0x20 Drivers/STM32F1xx_HAL_Driver/Src/stm32f1xx_hal.o
                0x0000000008000690                HAL_DeInit
 .text.HAL_InitTick
                0x00000000080006b0       0x48 Drivers/STM32F1xx_HAL_Driver/Src/stm32f1xx_hal.o
                0x00000000080006b0                HAL_InitTick
 .text.HAL_Init
                0x00000000080006f8       0x24 Drivers/STM32F1xx_HAL_Driver/Src/stm32f1xx_hal.o
                0x00000000080006f8                HAL_Init
 .text.HAL_IncTick
                0x000000000800071c       0x18 Drivers/STM32F1xx_HAL_Driver/Src/stm32f1xx_hal.o
                0x000000000800071c                HAL_IncTick
 .text.HAL_GetTick
                0x0000000008000734        0xc Drivers/STM32F1xx_HAL_Driver/Src/stm32f1xx_hal.o
                0x0000000008000734                HAL_GetTick
 .text.HAL_CAN_Init
                0x0000000008000740       0xf6 Drivers/STM32F1xx_HAL_Driver/Src/stm32f1xx_hal_can.o
                0x0000000008000740                HAL_CAN_Init
 .text.HAL_CAN_ConfigFilter
                0x0000000008000836       0xd8 Drivers/STM32F1xx_HAL_Driver/Src/stm32f1xx_hal_can.o
                0x0000000008000836                HAL_CAN_ConfigFilter
 .text.HAL_CAN_Start
                0x000000000800090e       0x56 Drivers/STM32F1xx_HAL_Driver/Src/stm32f1xx_hal_can.o
                0x000000000800090e                HAL_CAN_Start
 .text.HAL_CAN_AddTxMessage
                0x0000000008000964       0x9a Drivers/STM32F1xx_HAL_Driver/Src/stm32f1xx_hal_can.o
                0x0000000008000964                HAL_CAN_AddTxMessage
 .text.HAL_CAN_GetTxMailboxesFreeLevel
                0x00000000080009fe       0x28 Drivers/STM32F1xx_HAL_Driver/Src/stm32f1xx_hal_can.o
                0x00000000080009fe                HAL_CAN_GetTxMailboxesFreeLevel
 .text.HAL_CAN_IsTxMessagePending
                0x0000000008000a26       0x20 Drivers/STM32F1xx_HAL_Driver/Src/stm32f1xx_hal_can.o
                0x0000000008000a26                HAL_CAN_IsTxMessagePending
 .text.HAL_CAN_GetRxMessage
                0x0000000008000a46       0xec Drivers/STM32F1xx_HAL_Driver/Src/stm32f1xx_hal_can.o
                0x0000000008000a46                HAL_CAN_GetRxMessage
 .text.HAL_CAN_ActivateNotification
                0x0000000008000b32       0x22 Drivers/STM32F1xx_HAL_Driver/Src/stm32f1xx_hal_can.o
                0x0000000008000b32                HAL_CAN_ActivateNotification
 .text.HAL_CAN_TxMailbox0CompleteCallback
                0x0000000008000b54        0x2 Drivers/STM32F1xx_HAL_Driver/Src/stm32f1xx_hal_can.o
                0x0000000008000b54                HAL_CAN_TxMailbox0CompleteCallback
 .text.HAL_CAN_TxMailbox1CompleteCallback
                0x0000000008000b56        0x2 Drivers/STM32F1xx_HAL_Driver/Src/stm32f1xx_hal_can.o
                0x0000000008000b56                HAL_CAN_TxMailbox1CompleteCallback
 .text.HAL_CAN_TxMailbox2CompleteCallback
                0x0000000008000b58        0x2 Drivers/STM32F1xx_HAL_Driver/Src/stm32f1xx_hal_can.o
                0x0000000008000b58                HAL_CAN_TxMailbox2CompleteCallback
 .text.HAL_CAN_TxMailbox0AbortCallback
                0x0000000008000b5a        0x2 Drivers/STM32F1xx_HAL_Driver/Src/stm32f1xx_hal_can.o
                0x0000000008000b5a                HAL_CAN_TxMailbox0AbortCallback
 .text.HAL_CAN_TxMailbox1AbortCallback
                0x0000000008000b5c        0x2 Drivers/STM32F1xx_HAL_Driver/Src/stm32f1xx_hal_can.o
                0x0000000008000b5c                HAL_CAN_TxMailbox1AbortCallback
 .text.HAL_CAN_TxMailbox2AbortCallback
                0x0000000008000b5e        0x2 Drivers/STM32F1xx_HAL_Driver/Src/stm32f1xx_hal_can.o
                0x0000000008000b5e                HAL_CAN_TxMailbox2AbortCallback
 .text.HAL_CAN_RxFifo0MsgPendingCallback
                0x0000000008000b60        0x2 Drivers/STM32F1xx_HAL_Driver/Src/stm32f1xx_hal_can.o
                0x0000000008000b60                HAL_CAN_RxFifo0MsgPendingCallback
 .text.HAL_CAN_RxFifo0FullCallback
                0x0000000008000b62        0x2 Drivers/STM32F1xx_HAL_Driver/Src/stm32f1xx_hal_can.o
                0x0000000008000b62                HAL_CAN_RxFifo0FullCallback
 .text.HAL_CAN_RxFifo1FullCallback
                0x0000000008000b64        0x2 Drivers/STM32F1xx_HAL_Driver/Src/stm32f1xx_hal_can.o
                0x0000000008000b64                HAL_CAN_RxFifo1FullCallback
 .text.HAL_CAN_SleepCallback
                0x0000000008000b66        0x2 Drivers/STM32F1xx_HAL_Driver/Src/stm32f1xx_hal_can.o
                0x0000000008000b66                HAL_CAN_SleepCallback
 .text.HAL_CAN_WakeUpFromRxMsgCallback
                0x0000000008000b68        0x2 Drivers/STM32F1xx_HAL_Driver/Src/stm32f1xx_hal_can.o
                0x0000000008000b68                HAL_CAN_WakeUpFromRxMsgCallback
 .text.HAL_CAN_ErrorCallback
                0x0000000008000b6a        0x2 Drivers/STM32F1xx_HAL_Driver/Src/stm32f1xx_hal_can.o
                0x0000000008000b6a                HAL_CAN_ErrorCallback
 .text.HAL_CAN_IRQHandler
                0x0000000008000b6c      0x1fc Drivers/STM32F1xx_HAL_Driver/Src/stm32f1xx_hal_can.o
                0x0000000008000b6c                HAL_CAN_IRQHandler
 .text.HAL_NVIC_SetPriorityGrouping
                0x0000000008000d68       0x24 Drivers/STM32F1xx_HAL_Driver/Src/stm32f1xx_hal_cortex.o
                0x0000000008000d68                HAL_NVIC_SetPriorityGrouping
 .text.HAL_NVIC_SetPriority
                0x0000000008000d8c       0x68 Drivers/STM32F1xx_HAL_Driver/Src/stm32f1xx_hal_cortex.o
                0x0000000008000d8c                HAL_NVIC_SetPriority
 .text.HAL_NVIC_EnableIRQ
                0x0000000008000df4       0x1c Drivers/STM32F1xx_HAL_Driver/Src/stm32f1xx_hal_cortex.o
                0x0000000008000df4                HAL_NVIC_EnableIRQ
 .text.HAL_SYSTICK_Config
                0x0000000008000e10       0x2c Drivers/STM32F1xx_HAL_Driver/Src/stm32f1xx_hal_cortex.o
                0x0000000008000e10                HAL_SYSTICK_Config
 .text.FLASH_SetErrorCode
                0x0000000008000e3c       0x50 Drivers/STM32F1xx_HAL_Driver/Src/stm32f1xx_hal_flash.o
 .text.HAL_FLASH_Unlock
                0x0000000008000e8c       0x24 Drivers/STM32F1xx_HAL_Driver/Src/stm32f1xx_hal_flash.o
                0x0000000008000e8c                HAL_FLASH_Unlock
 .text.HAL_FLASH_Lock
                0x0000000008000eb0       0x14 Drivers/STM32F1xx_HAL_Driver/Src/stm32f1xx_hal_flash.o
                0x0000000008000eb0                HAL_FLASH_Lock
 .text.HAL_FLASH_GetError
                0x0000000008000ec4        0xc Drivers/STM32F1xx_HAL_Driver/Src/stm32f1xx_hal_flash.o
                0x0000000008000ec4                HAL_FLASH_GetError
 .text.FLASH_WaitForLastOperation
                0x0000000008000ed0       0x54 Drivers/STM32F1xx_HAL_Driver/Src/stm32f1xx_hal_flash.o
                0x0000000008000ed0                FLASH_WaitForLastOperation
 .text.HAL_FLASH_Program
                0x0000000008000f24       0xa0 Drivers/STM32F1xx_HAL_Driver/Src/stm32f1xx_hal_flash.o
                0x0000000008000f24                HAL_FLASH_Program
 .text.FLASH_MassErase.isra.0
                0x0000000008000fc4       0x24 Drivers/STM32F1xx_HAL_Driver/Src/stm32f1xx_hal_flash_ex.o
 .text.FLASH_PageErase
                0x0000000008000fe8       0x24 Drivers/STM32F1xx_HAL_Driver/Src/stm32f1xx_hal_flash_ex.o
                0x0000000008000fe8                FLASH_PageErase
 .text.HAL_FLASHEx_Erase
                0x000000000800100c       0x98 Drivers/STM32F1xx_HAL_Driver/Src/stm32f1xx_hal_flash_ex.o
                0x000000000800100c                HAL_FLASHEx_Erase
 .text.HAL_GPIO_Init
                0x00000000080010a4      0x1c0 Drivers/STM32F1xx_HAL_Driver/Src/stm32f1xx_hal_gpio.o
                0x00000000080010a4                HAL_GPIO_Init
 .text.HAL_GPIO_ReadPin
                0x0000000008001264        0xc Drivers/STM32F1xx_HAL_Driver/Src/stm32f1xx_hal_gpio.o
                0x0000000008001264                HAL_GPIO_ReadPin
 .text.HAL_GPIO_WritePin
                0x0000000008001270        0xa Drivers/STM32F1xx_HAL_Driver/Src/stm32f1xx_hal_gpio.o
                0x0000000008001270                HAL_GPIO_WritePin
 *fill*         0x000000000800127a        0x2 
 .text.HAL_RCC_OscConfig
                0x000000000800127c      0x33c Drivers/STM32F1xx_HAL_Driver/Src/stm32f1xx_hal_rcc.o
                0x000000000800127c                HAL_RCC_OscConfig
 .text.HAL_RCC_GetSysClockFreq
                0x00000000080015b8       0x74 Drivers/STM32F1xx_HAL_Driver/Src/stm32f1xx_hal_rcc.o
                0x00000000080015b8                HAL_RCC_GetSysClockFreq
 .text.HAL_RCC_ClockConfig
                0x000000000800162c      0x138 Drivers/STM32F1xx_HAL_Driver/Src/stm32f1xx_hal_rcc.o
                0x000000000800162c                HAL_RCC_ClockConfig
 .text.__libc_init_array
                0x0000000008001764       0x48 c:/st/stm32cubeide_1.4.0/stm32cubeide/plugins/com.st.stm32cube.ide.mcu.externaltools.gnu-tools-for-stm32.7-2018-q2-update.win32_1.4.0.202007081208/tools/bin/../lib/gcc/arm-none-eabi/7.3.1/../../../../arm-none-eabi/lib/thumb/v7-m\libc_nano.a(lib_a-init.o)
                0x0000000008001764                __libc_init_array
 .text.memcpy   0x00000000080017ac       0x16 c:/st/stm32cubeide_1.4.0/stm32cubeide/plugins/com.st.stm32cube.ide.mcu.externaltools.gnu-tools-for-stm32.7-2018-q2-update.win32_1.4.0.202007081208/tools/bin/../lib/gcc/arm-none-eabi/7.3.1/../../../../arm-none-eabi/lib/thumb/v7-m\libc_nano.a(lib_a-memcpy-stub.o)
                0x00000000080017ac                memcpy
 .text.memset   0x00000000080017c2       0x10 c:/st/stm32cubeide_1.4.0/stm32cubeide/plugins/com.st.stm32cube.ide.mcu.externaltools.gnu-tools-for-stm32.7-2018-q2-update.win32_1.4.0.202007081208/tools/bin/../lib/gcc/arm-none-eabi/7.3.1/../../../../arm-none-eabi/lib/thumb/v7-m\libc_nano.a(lib_a-memset.o)
                0x00000000080017c2                memset
 *(.glue_7)
 .glue_7        0x00000000080017d2        0x0 linker stubs
 *(.glue_7t)
 .glue_7t       0x00000000080017d2        0x0 linker stubs
 *(.eh_frame)
 *fill*         0x00000000080017d2        0x2 
 .eh_frame      0x00000000080017d4        0x0 c:/st/stm32cubeide_1.4.0/stm32cubeide/plugins/com.st.stm32cube.ide.mcu.externaltools.gnu-tools-for-stm32.7-2018-q2-update.win32_1.4.0.202007081208/tools/bin/../lib/gcc/arm-none-eabi/7.3.1/thumb/v7-m/crtbegin.o
 *(.init)
 .init          0x00000000080017d4        0x4 c:/st/stm32cubeide_1.4.0/stm32cubeide/plugins/com.st.stm32cube.ide.mcu.externaltools.gnu-tools-for-stm32.7-2018-q2-update.win32_1.4.0.202007081208/tools/bin/../lib/gcc/arm-none-eabi/7.3.1/thumb/v7-m/crti.o
                0x00000000080017d4                _init
 .init          0x00000000080017d8        0x8 c:/st/stm32cubeide_1.4.0/stm32cubeide/plugins/com.st.stm32cube.ide.mcu.externaltools.gnu-tools-for-stm32.7-2018-q2-update.win32_1.4.0.202007081208/tools/bin/../lib/gcc/arm-none-eabi/7.3.1/thumb/v7-m/crtn.o
 *(.fini)
 .fini          0x00000000080017e0        0x4 c:/st/stm32cubeide_1.4.0/stm32cubeide/plugins/com.st.stm32cube.ide.mcu.externaltools.gnu-tools-for-stm32.7-2018-q2-update.win32_1.4.0.202007081208/tools/bin/../lib/gcc/arm-none-eabi/7.3.1/thumb/v7-m/crti.o
                0x00000000080017e0                _fini
 .fini          0x00000000080017e4        0x8 c:/st/stm32cubeide_1.4.0/stm32cubeide/plugins/com.st.stm32cube.ide.mcu.externaltools.gnu-tools-for-stm32.7-2018-q2-update.win32_1.4.0.202007081208/tools/bin/../lib/gcc/arm-none-eabi/7.3.1/thumb/v7-m/crtn.o
                0x00000000080017ec                . = ALIGN (0x4)
                0x00000000080017ec                _etext = .

.vfp11_veneer   0x00000000080017ec        0x0
 .vfp11_veneer  0x00000000080017ec        0x0 linker stubs

.v4_bx          0x00000000080017ec        0x0
 .v4_bx         0x00000000080017ec        0x0 linker stubs

.iplt           0x00000000080017ec        0x0
 .iplt          0x00000000080017ec        0x0 c:/st/stm32cubeide_1.4.0/stm32cubeide/plugins/com.st.stm32cube.ide.mcu.externaltools.gnu-tools-for-stm32.7-2018-q2-update.win32_1.4.0.202007081208/tools/bin/../lib/gcc/arm-none-eabi/7.3.1/thumb/v7-m/crtbegin.o

.rodata         0x00000000080017ec       0x20
                0x00000000080017ec                . = ALIGN (0x4)
 *(.rodata)
 .rodata        0x00000000080017ec       0x10 Drivers/STM32F1xx_HAL_Driver/Src/stm32f1xx_hal_rcc.o
 *(.rodata*)
 .rodata.AHBPrescTable
                0x00000000080017fc       0x10 Core/Src/system_stm32f1xx.o
                0x00000000080017fc                AHBPrescTable
                0x000000000800180c                . = ALIGN (0x4)

.rel.dyn        0x000000000800180c        0x0
 .rel.iplt      0x000000000800180c        0x0 c:/st/stm32cubeide_1.4.0/stm32cubeide/plugins/com.st.stm32cube.ide.mcu.externaltools.gnu-tools-for-stm32.7-2018-q2-update.win32_1.4.0.202007081208/tools/bin/../lib/gcc/arm-none-eabi/7.3.1/thumb/v7-m/crtbegin.o

.ARM.extab      0x000000000800180c        0x0
                0x000000000800180c                . = ALIGN (0x4)
 *(.ARM.extab* .gnu.linkonce.armextab.*)
                0x000000000800180c                . = ALIGN (0x4)

.ARM            0x000000000800180c        0x0
                0x000000000800180c                . = ALIGN (0x4)
                0x000000000800180c                __exidx_start = .
 *(.ARM.exidx*)
                0x000000000800180c                __exidx_end = .
                0x000000000800180c                . = ALIGN (0x4)

.preinit_array  0x000000000800180c        0x0
                0x000000000800180c                . = ALIGN (0x4)
                0x000000000800180c                PROVIDE (__preinit_array_start = .)
 *(.preinit_array*)
                0x000000000800180c                PROVIDE (__preinit_array_end = .)
                0x000000000800180c                . = ALIGN (0x4)

.init_array     0x000000000800180c        0x4
                0x000000000800180c                . = ALIGN (0x4)
                0x000000000800180c                PROVIDE (__init_array_start = .)
 *(SORT_BY_NAME(.init_array.*))
 *(.init_array*)
 .init_array    0x000000000800180c        0x4 c:/st/stm32cubeide_1.4.0/stm32cubeide/plugins/com.st.stm32cube.ide.mcu.externaltools.gnu-tools-for-stm32.7-2018-q2-update.win32_1.4.0.202007081208/tools/bin/../lib/gcc/arm-none-eabi/7.3.1/thumb/v7-m/crtbegin.o
                0x0000000008001810                PROVIDE (__init_array_end = .)
                0x0000000008001810                . = ALIGN (0x4)

.fini_array     0x0000000008001810        0x4
                0x0000000008001810                . = ALIGN (0x4)
                [!provide]                        PROVIDE (__fini_array_start = .)
 *(SORT_BY_NAME(.fini_array.*))
 *(.fini_array*)
 .fini_array    0x0000000008001810        0x4 c:/st/stm32cubeide_1.4.0/stm32cubeide/plugins/com.st.stm32cube.ide.mcu.externaltools.gnu-tools-for-stm32.7-2018-q2-update.win32_1.4.0.202007081208/tools/bin/../lib/gcc/arm-none-eabi/7.3.1/thumb/v7-m/crtbegin.o
                [!provide]                        PROVIDE (__fini_array_end = .)
                0x0000000008001814                . = ALIGN (0x4)
                0x0000000008001814                _sidata = LOADADDR (.data)

.data           0x0000000020000000       0x10 load address 0x0000000008001814
                0x0000000020000000                . = ALIGN (0x4)
                0x0000000020000000                _sdata = .
 *(.data)
 *(.data*)
 .data.done     0x0000000020000000        0x1 Core/Src/main.o
                0x0000000020000000                done
 *fill*         0x0000000020000001        0x3 
 .data.SystemCoreClock
                0x0000000020000004        0x4 Core/Src/system_stm32f1xx.o
                0x0000000020000004                SystemCoreClock
 .data.uwTickFreq
                0x0000000020000008        0x1 Drivers/STM32F1xx_HAL_Driver/Src/stm32f1xx_hal.o
                0x0000000020000008                uwTickFreq
 *fill*         0x0000000020000009        0x3 
 .data.uwTickPrio
                0x000000002000000c        0x4 Drivers/STM32F1xx_HAL_Driver/Src/stm32f1xx_hal.o
                0x000000002000000c                uwTickPrio
                0x0000000020000010                . = ALIGN (0x4)
                0x0000000020000010                _edata = .

.igot.plt       0x0000000020000010        0x0 load address 0x0000000008001824
 .igot.plt      0x0000000020000010        0x0 c:/st/stm32cubeide_1.4.0/stm32cubeide/plugins/com.st.stm32cube.ide.mcu.externaltools.gnu-tools-for-stm32.7-2018-q2-update.win32_1.4.0.202007081208/tools/bin/../lib/gcc/arm-none-eabi/7.3.1/thumb/v7-m/crtbegin.o
                0x0000000020000010                . = ALIGN (0x4)

.bss            0x0000000020000010      0x4d0 load address 0x0000000008001824
                0x0000000020000010                _sbss = .
                0x0000000020000010                __bss_start__ = _sbss
 *(.bss)
 .bss           0x0000000020000010       0x1c c:/st/stm32cubeide_1.4.0/stm32cubeide/plugins/com.st.stm32cube.ide.mcu.externaltools.gnu-tools-for-stm32.7-2018-q2-update.win32_1.4.0.202007081208/tools/bin/../lib/gcc/arm-none-eabi/7.3.1/thumb/v7-m/crtbegin.o
 *(.bss*)
 .bss.EraseInitStruct.5941
                0x000000002000002c       0x10 Core/Src/main.o
 *(COMMON)
 COMMON         0x000000002000003c      0x47c Core/Src/main.o
                0x000000002000003c                flag
                0x0000000020000040                hcan
                0x0000000020000068                prog
                0x0000000020000468                temp
                0x000000002000046c                high
                0x000000002000046d                low
                0x000000002000046e                Rxdata
                0x0000000020000476                counter
                0x0000000020000478                pointer_counter
                0x000000002000047c                Txmailbox
                0x0000000020000480                offset
                0x0000000020000484                TxHeader
                0x000000002000049c                RxHeader
 COMMON         0x00000000200004b8        0x4 Drivers/STM32F1xx_HAL_Driver/Src/stm32f1xx_hal.o
                0x00000000200004b8                uwTick
 *fill*         0x00000000200004bc        0x4 
 COMMON         0x00000000200004c0       0x20 Drivers/STM32F1xx_HAL_Driver/Src/stm32f1xx_hal_flash.o
                0x00000000200004c0                pFlash
                0x00000000200004e0                . = ALIGN (0x4)
                0x00000000200004e0                _ebss = .
                0x00000000200004e0                __bss_end__ = _ebss

._user_heap_stack
                0x00000000200004e0      0x600 load address 0x0000000008001824
                0x00000000200004e0                . = ALIGN (0x8)
                [!provide]                        PROVIDE (end = .)
                0x00000000200004e0                PROVIDE (_end = .)
                0x00000000200006e0                . = (. + _Min_Heap_Size)
 *fill*         0x00000000200004e0      0x200 
                0x0000000020000ae0                . = (. + _Min_Stack_Size)
 *fill*         0x00000000200006e0      0x400 
                0x0000000020000ae0                . = ALIGN (0x8)

/DISCARD/
 libc.a(*)
 libm.a(*)
 libgcc.a(*)

.ARM.attributes
                0x0000000000000000       0x29
 *(.ARM.attributes)
 .ARM.attributes
                0x0000000000000000       0x1d c:/st/stm32cubeide_1.4.0/stm32cubeide/plugins/com.st.stm32cube.ide.mcu.externaltools.gnu-tools-for-stm32.7-2018-q2-update.win32_1.4.0.202007081208/tools/bin/../lib/gcc/arm-none-eabi/7.3.1/thumb/v7-m/crti.o
 .ARM.attributes
                0x000000000000001d       0x2d c:/st/stm32cubeide_1.4.0/stm32cubeide/plugins/com.st.stm32cube.ide.mcu.externaltools.gnu-tools-for-stm32.7-2018-q2-update.win32_1.4.0.202007081208/tools/bin/../lib/gcc/arm-none-eabi/7.3.1/thumb/v7-m/crtbegin.o
 .ARM.attributes
                0x000000000000004a       0x33 Core/Src/main.o
 .ARM.attributes
                0x000000000000007d       0x33 Core/Src/stm32f1xx_hal_msp.o
 .ARM.attributes
                0x00000000000000b0       0x33 Core/Src/stm32f1xx_it.o
 .ARM.attributes
                0x00000000000000e3       0x33 Core/Src/system_stm32f1xx.o
 .ARM.attributes
                0x0000000000000116       0x33 Core/Startup/startup_stm32f103c8tx.o
 .ARM.attributes
                0x0000000000000149       0x33 Drivers/STM32F1xx_HAL_Driver/Src/stm32f1xx_hal.o
 .ARM.attributes
                0x000000000000017c       0x33 Drivers/STM32F1xx_HAL_Driver/Src/stm32f1xx_hal_can.o
 .ARM.attributes
                0x00000000000001af       0x33 Drivers/STM32F1xx_HAL_Driver/Src/stm32f1xx_hal_cortex.o
 .ARM.attributes
                0x00000000000001e2       0x33 Drivers/STM32F1xx_HAL_Driver/Src/stm32f1xx_hal_flash.o
 .ARM.attributes
                0x0000000000000215       0x33 Drivers/STM32F1xx_HAL_Driver/Src/stm32f1xx_hal_flash_ex.o
 .ARM.attributes
                0x0000000000000248       0x33 Drivers/STM32F1xx_HAL_Driver/Src/stm32f1xx_hal_gpio.o
 .ARM.attributes
                0x000000000000027b       0x33 Drivers/STM32F1xx_HAL_Driver/Src/stm32f1xx_hal_rcc.o
 .ARM.attributes
                0x00000000000002ae       0x2d c:/st/stm32cubeide_1.4.0/stm32cubeide/plugins/com.st.stm32cube.ide.mcu.externaltools.gnu-tools-for-stm32.7-2018-q2-update.win32_1.4.0.202007081208/tools/bin/../lib/gcc/arm-none-eabi/7.3.1/../../../../arm-none-eabi/lib/thumb/v7-m\libc_nano.a(lib_a-init.o)
 .ARM.attributes
                0x00000000000002db       0x2d c:/st/stm32cubeide_1.4.0/stm32cubeide/plugins/com.st.stm32cube.ide.mcu.externaltools.gnu-tools-for-stm32.7-2018-q2-update.win32_1.4.0.202007081208/tools/bin/../lib/gcc/arm-none-eabi/7.3.1/../../../../arm-none-eabi/lib/thumb/v7-m\libc_nano.a(lib_a-memcpy-stub.o)
 .ARM.attributes
                0x0000000000000308       0x2d c:/st/stm32cubeide_1.4.0/stm32cubeide/plugins/com.st.stm32cube.ide.mcu.externaltools.gnu-tools-for-stm32.7-2018-q2-update.win32_1.4.0.202007081208/tools/bin/../lib/gcc/arm-none-eabi/7.3.1/../../../../arm-none-eabi/lib/thumb/v7-m\libc_nano.a(lib_a-memset.o)
 .ARM.attributes
                0x0000000000000335       0x1d c:/st/stm32cubeide_1.4.0/stm32cubeide/plugins/com.st.stm32cube.ide.mcu.externaltools.gnu-tools-for-stm32.7-2018-q2-update.win32_1.4.0.202007081208/tools/bin/../lib/gcc/arm-none-eabi/7.3.1/thumb/v7-m/crtn.o
OUTPUT(stm32f103_can_bootloader.elf elf32-littlearm)

.debug_info     0x0000000000000000     0x7be6
 .debug_info    0x0000000000000000     0x1a7e Core/Src/main.o
 .debug_info    0x0000000000001a7e      0xa57 Core/Src/stm32f1xx_hal_msp.o
 .debug_info    0x00000000000024d5      0x5da Core/Src/stm32f1xx_it.o
 .debug_info    0x0000000000002aaf      0x29d Core/Src/system_stm32f1xx.o
 .debug_info    0x0000000000002d4c      0x5f8 Core/Startup/startup_stm32f103c8tx.o
 .debug_info    0x0000000000003344      0x7e8 Drivers/STM32F1xx_HAL_Driver/Src/stm32f1xx_hal.o
 .debug_info    0x0000000000003b2c     0x10e9 Drivers/STM32F1xx_HAL_Driver/Src/stm32f1xx_hal_can.o
 .debug_info    0x0000000000004c15      0xcaf Drivers/STM32F1xx_HAL_Driver/Src/stm32f1xx_hal_cortex.o
 .debug_info    0x00000000000058c4      0x6e6 Drivers/STM32F1xx_HAL_Driver/Src/stm32f1xx_hal_flash.o
 .debug_info    0x0000000000005faa      0xbaa Drivers/STM32F1xx_HAL_Driver/Src/stm32f1xx_hal_flash_ex.o
 .debug_info    0x0000000000006b54      0x6ac Drivers/STM32F1xx_HAL_Driver/Src/stm32f1xx_hal_gpio.o
 .debug_info    0x0000000000007200      0x9e6 Drivers/STM32F1xx_HAL_Driver/Src/stm32f1xx_hal_rcc.o

.debug_abbrev   0x0000000000000000     0x1cca
 .debug_abbrev  0x0000000000000000      0x44c Core/Src/main.o
 .debug_abbrev  0x000000000000044c      0x21d Core/Src/stm32f1xx_hal_msp.o
 .debug_abbrev  0x0000000000000669      0x1a1 Core/Src/stm32f1xx_it.o
 .debug_abbrev  0x000000000000080a      0x134 Core/Src/system_stm32f1xx.o
 .debug_abbrev  0x000000000000093e      0x14b Core/Startup/startup_stm32f103c8tx.o
 .debug_abbrev  0x0000000000000a89      0x240 Drivers/STM32F1xx_HAL_Driver/Src/stm32f1xx_hal.o
 .debug_abbrev  0x0000000000000cc9      0x2be Drivers/STM32F1xx_HAL_Driver/Src/stm32f1xx_hal_can.o
 .debug_abbrev  0x0000000000000f87      0x30c Drivers/STM32F1xx_HAL_Driver/Src/stm32f1xx_hal_cortex.o
 .debug_abbrev  0x0000000000001293      0x2d8 Drivers/STM32F1xx_HAL_Driver/Src/stm32f1xx_hal_flash.o
 .debug_abbrev  0x000000000000156b      0x2ca Drivers/STM32F1xx_HAL_Driver/Src/stm32f1xx_hal_flash_ex.o
 .debug_abbrev  0x0000000000001835      0x1e9 Drivers/STM32F1xx_HAL_Driver/Src/stm32f1xx_hal_gpio.o
 .debug_abbrev  0x0000000000001a1e      0x2ac Drivers/STM32F1xx_HAL_Driver/Src/stm32f1xx_hal_rcc.o

.debug_loc      0x0000000000000000     0x24b8
 .debug_loc     0x0000000000000000      0x1f5 Core/Src/main.o
 .debug_loc     0x00000000000001f5       0x87 Core/Src/stm32f1xx_hal_msp.o
 .debug_loc     0x000000000000027c       0xcd Core/Src/system_stm32f1xx.o
 .debug_loc     0x0000000000000349       0x56 Core/Startup/startup_stm32f103c8tx.o
 .debug_loc     0x000000000000039f      0x115 Drivers/STM32F1xx_HAL_Driver/Src/stm32f1xx_hal.o
 .debug_loc     0x00000000000004b4      0xa35 Drivers/STM32F1xx_HAL_Driver/Src/stm32f1xx_hal_can.o
 .debug_loc     0x0000000000000ee9      0x457 Drivers/STM32F1xx_HAL_Driver/Src/stm32f1xx_hal_cortex.o
 .debug_loc     0x0000000000001340      0x326 Drivers/STM32F1xx_HAL_Driver/Src/stm32f1xx_hal_flash.o
 .debug_loc     0x0000000000001666      0x6b5 Drivers/STM32F1xx_HAL_Driver/Src/stm32f1xx_hal_flash_ex.o
 .debug_loc     0x0000000000001d1b      0x317 Drivers/STM32F1xx_HAL_Driver/Src/stm32f1xx_hal_gpio.o
 .debug_loc     0x0000000000002032      0x486 Drivers/STM32F1xx_HAL_Driver/Src/stm32f1xx_hal_rcc.o

.debug_aranges  0x0000000000000000      0x6b8
 .debug_aranges
                0x0000000000000000       0x58 Core/Src/main.o
 .debug_aranges
                0x0000000000000058       0x30 Core/Src/stm32f1xx_hal_msp.o
 .debug_aranges
                0x0000000000000088       0x50 Core/Src/stm32f1xx_it.o
 .debug_aranges
                0x00000000000000d8       0x28 Core/Src/system_stm32f1xx.o
 .debug_aranges
                0x0000000000000100      0x1d0 Core/Startup/startup_stm32f103c8tx.o
 .debug_aranges
                0x00000000000002d0       0xd8 Drivers/STM32F1xx_HAL_Driver/Src/stm32f1xx_hal.o
 .debug_aranges
                0x00000000000003a8       0xc8 Drivers/STM32F1xx_HAL_Driver/Src/stm32f1xx_hal_can.o
 .debug_aranges
                0x0000000000000470       0x90 Drivers/STM32F1xx_HAL_Driver/Src/stm32f1xx_hal_cortex.o
 .debug_aranges
                0x0000000000000500       0x78 Drivers/STM32F1xx_HAL_Driver/Src/stm32f1xx_hal_flash.o
 .debug_aranges
                0x0000000000000578       0x60 Drivers/STM32F1xx_HAL_Driver/Src/stm32f1xx_hal_flash_ex.o
 .debug_aranges
                0x00000000000005d8       0x58 Drivers/STM32F1xx_HAL_Driver/Src/stm32f1xx_hal_gpio.o
 .debug_aranges
                0x0000000000000630       0x88 Drivers/STM32F1xx_HAL_Driver/Src/stm32f1xx_hal_rcc.o

.debug_ranges   0x0000000000000000      0x928
 .debug_ranges  0x0000000000000000       0xf8 Core/Src/main.o
 .debug_ranges  0x00000000000000f8       0xa0 Core/Src/stm32f1xx_hal_msp.o
 .debug_ranges  0x0000000000000198       0x40 Core/Src/stm32f1xx_it.o
 .debug_ranges  0x00000000000001d8       0x18 Core/Src/system_stm32f1xx.o
 .debug_ranges  0x00000000000001f0      0x1c0 Core/Startup/startup_stm32f103c8tx.o
 .debug_ranges  0x00000000000003b0       0xc8 Drivers/STM32F1xx_HAL_Driver/Src/stm32f1xx_hal.o
 .debug_ranges  0x0000000000000478       0xb8 Drivers/STM32F1xx_HAL_Driver/Src/stm32f1xx_hal_can.o
 .debug_ranges  0x0000000000000530      0x148 Drivers/STM32F1xx_HAL_Driver/Src/stm32f1xx_hal_cortex.o
 .debug_ranges  0x0000000000000678       0xc8 Drivers/STM32F1xx_HAL_Driver/Src/stm32f1xx_hal_flash.o
 .debug_ranges  0x0000000000000740       0xe0 Drivers/STM32F1xx_HAL_Driver/Src/stm32f1xx_hal_flash_ex.o
 .debug_ranges  0x0000000000000820       0x60 Drivers/STM32F1xx_HAL_Driver/Src/stm32f1xx_hal_gpio.o
 .debug_ranges  0x0000000000000880       0xa8 Drivers/STM32F1xx_HAL_Driver/Src/stm32f1xx_hal_rcc.o

.debug_macro    0x0000000000000000    0x16ae2
 .debug_macro   0x0000000000000000      0x25f Core/Src/main.o
 .debug_macro   0x000000000000025f      0xa60 Core/Src/main.o
 .debug_macro   0x0000000000000cbf      0x215 Core/Src/main.o
 .debug_macro   0x0000000000000ed4       0x2e Core/Src/main.o
 .debug_macro   0x0000000000000f02       0x22 Core/Src/main.o
 .debug_macro   0x0000000000000f24       0x22 Core/Src/main.o
 .debug_macro   0x0000000000000f46       0x8e Core/Src/main.o
 .debug_macro   0x0000000000000fd4       0x51 Core/Src/main.o
 .debug_macro   0x0000000000001025       0xef Core/Src/main.o
 .debug_macro   0x0000000000001114       0x6a Core/Src/main.o
 .debug_macro   0x000000000000117e      0x1df Core/Src/main.o
 .debug_macro   0x000000000000135d       0x1c Core/Src/main.o
 .debug_macro   0x0000000000001379       0x22 Core/Src/main.o
 .debug_macro   0x000000000000139b       0xc3 Core/Src/main.o
 .debug_macro   0x000000000000145e      0xd23 Core/Src/main.o
 .debug_macro   0x0000000000002181     0xe09e Core/Src/main.o
 .debug_macro   0x000000000001021f       0x6d Core/Src/main.o
 .debug_macro   0x000000000001028c     0x3468 Core/Src/main.o
 .debug_macro   0x00000000000136f4      0x174 Core/Src/main.o
 .debug_macro   0x0000000000013868       0x5c Core/Src/main.o
 .debug_macro   0x00000000000138c4      0x5be Core/Src/main.o
 .debug_macro   0x0000000000013e82      0x289 Core/Src/main.o
 .debug_macro   0x000000000001410b      0x1cb Core/Src/main.o
 .debug_macro   0x00000000000142d6      0x114 Core/Src/main.o
 .debug_macro   0x00000000000143ea      0x1b2 Core/Src/main.o
 .debug_macro   0x000000000001459c       0x27 Core/Src/main.o
 .debug_macro   0x00000000000145c3      0x136 Core/Src/main.o
 .debug_macro   0x00000000000146f9      0x1bc Core/Src/main.o
 .debug_macro   0x00000000000148b5       0x34 Core/Src/main.o
 .debug_macro   0x00000000000148e9       0x3c Core/Src/main.o
 .debug_macro   0x0000000000014925      0x408 Core/Src/main.o
 .debug_macro   0x0000000000014d2d       0x57 Core/Src/main.o
 .debug_macro   0x0000000000014d84       0x88 Core/Src/main.o
 .debug_macro   0x0000000000014e0c      0x241 Core/Src/main.o
 .debug_macro   0x000000000001504d      0x141 Core/Src/main.o
 .debug_macro   0x000000000001518e       0x83 Core/Src/main.o
 .debug_macro   0x0000000000015211       0x46 Core/Src/main.o
 .debug_macro   0x0000000000015257       0x18 Core/Src/main.o
 .debug_macro   0x000000000001526f       0x3c Core/Src/main.o
 .debug_macro   0x00000000000152ab       0x34 Core/Src/main.o
 .debug_macro   0x00000000000152df       0x52 Core/Src/main.o
 .debug_macro   0x0000000000015331       0x1f Core/Src/main.o
 .debug_macro   0x0000000000015350       0x43 Core/Src/main.o
 .debug_macro   0x0000000000015393       0x20 Core/Src/main.o
 .debug_macro   0x00000000000153b3      0x1a3 Core/Src/main.o
 .debug_macro   0x0000000000015556      0x32a Core/Src/main.o
 .debug_macro   0x0000000000015880       0x10 Core/Src/main.o
 .debug_macro   0x0000000000015890       0x35 Core/Src/main.o
 .debug_macro   0x00000000000158c5       0x20 Core/Src/main.o
 .debug_macro   0x00000000000158e5      0x198 Core/Src/stm32f1xx_hal_msp.o
 .debug_macro   0x0000000000015a7d      0x1a2 Core/Src/stm32f1xx_it.o
 .debug_macro   0x0000000000015c1f      0x18e Core/Src/system_stm32f1xx.o
 .debug_macro   0x0000000000015dad      0x198 Core/Startup/startup_stm32f103c8tx.o
 .debug_macro   0x0000000000015f45      0x1b2 Drivers/STM32F1xx_HAL_Driver/Src/stm32f1xx_hal.o
 .debug_macro   0x00000000000160f7      0x196 Drivers/STM32F1xx_HAL_Driver/Src/stm32f1xx_hal_can.o
 .debug_macro   0x000000000001628d      0x18e Drivers/STM32F1xx_HAL_Driver/Src/stm32f1xx_hal_cortex.o
 .debug_macro   0x000000000001641b      0x18e Drivers/STM32F1xx_HAL_Driver/Src/stm32f1xx_hal_flash.o
 .debug_macro   0x00000000000165a9      0x1a0 Drivers/STM32F1xx_HAL_Driver/Src/stm32f1xx_hal_flash_ex.o
 .debug_macro   0x0000000000016749      0x1f9 Drivers/STM32F1xx_HAL_Driver/Src/stm32f1xx_hal_gpio.o
 .debug_macro   0x0000000000016942      0x1a0 Drivers/STM32F1xx_HAL_Driver/Src/stm32f1xx_hal_rcc.o

.debug_line     0x0000000000000000     0x63b4
 .debug_line    0x0000000000000000      0x90e Core/Src/main.o
 .debug_line    0x000000000000090e      0x6aa Core/Src/stm32f1xx_hal_msp.o
 .debug_line    0x0000000000000fb8      0x6b2 Core/Src/stm32f1xx_it.o
 .debug_line    0x000000000000166a      0x668 Core/Src/system_stm32f1xx.o
 .debug_line    0x0000000000001cd2      0x9a0 Core/Startup/startup_stm32f103c8tx.o
 .debug_line    0x0000000000002672      0x815 Drivers/STM32F1xx_HAL_Driver/Src/stm32f1xx_hal.o
 .debug_line    0x0000000000002e87      0xa3c Drivers/STM32F1xx_HAL_Driver/Src/stm32f1xx_hal_can.o
 .debug_line    0x00000000000038c3      0x85c Drivers/STM32F1xx_HAL_Driver/Src/stm32f1xx_hal_cortex.o
 .debug_line    0x000000000000411f      0x88e Drivers/STM32F1xx_HAL_Driver/Src/stm32f1xx_hal_flash.o
 .debug_line    0x00000000000049ad      0x8b9 Drivers/STM32F1xx_HAL_Driver/Src/stm32f1xx_hal_flash_ex.o
 .debug_line    0x0000000000005266      0x7d7 Drivers/STM32F1xx_HAL_Driver/Src/stm32f1xx_hal_gpio.o
 .debug_line    0x0000000000005a3d      0x977 Drivers/STM32F1xx_HAL_Driver/Src/stm32f1xx_hal_rcc.o

.debug_str      0x0000000000000000    0x81c74
 .debug_str     0x0000000000000000    0x80121 Core/Src/main.o
                                      0x8054d (size before relaxing)
 .debug_str     0x0000000000080121      0x322 Core/Src/stm32f1xx_hal_msp.o
                                      0x7d3aa (size before relaxing)
 .debug_str     0x0000000000080443       0xf0 Core/Src/stm32f1xx_it.o
                                      0x7d05f (size before relaxing)
 .debug_str     0x0000000000080533       0x52 Core/Src/system_stm32f1xx.o
                                      0x7cd42 (size before relaxing)
 .debug_str     0x0000000000080585      0x342 Core/Startup/startup_stm32f103c8tx.o
                                      0x7d152 (size before relaxing)
 .debug_str     0x00000000000808c7      0x314 Drivers/STM32F1xx_HAL_Driver/Src/stm32f1xx_hal.o
                                      0x7d418 (size before relaxing)
 .debug_str     0x0000000000080bdb      0x391 Drivers/STM32F1xx_HAL_Driver/Src/stm32f1xx_hal_can.o
                                      0x7d56e (size before relaxing)
 .debug_str     0x0000000000080f6c      0x26c Drivers/STM32F1xx_HAL_Driver/Src/stm32f1xx_hal_cortex.o
                                      0x7d3db (size before relaxing)
 .debug_str     0x00000000000811d8      0x281 Drivers/STM32F1xx_HAL_Driver/Src/stm32f1xx_hal_flash.o
                                      0x7d049 (size before relaxing)
 .debug_str     0x0000000000081459      0x314 Drivers/STM32F1xx_HAL_Driver/Src/stm32f1xx_hal_flash_ex.o
                                      0x7d1f7 (size before relaxing)
 .debug_str     0x000000000008176d      0x2de Drivers/STM32F1xx_HAL_Driver/Src/stm32f1xx_hal_gpio.o
                                      0x7d106 (size before relaxing)
 .debug_str     0x0000000000081a4b      0x229 Drivers/STM32F1xx_HAL_Driver/Src/stm32f1xx_hal_rcc.o
                                      0x7d166 (size before relaxing)

.comment        0x0000000000000000       0x7b
 .comment       0x0000000000000000       0x7b Core/Src/main.o
                                         0x7c (size before relaxing)
 .comment       0x000000000000007b       0x7c Core/Src/stm32f1xx_hal_msp.o
 .comment       0x000000000000007b       0x7c Core/Src/stm32f1xx_it.o
 .comment       0x000000000000007b       0x7c Core/Src/system_stm32f1xx.o
 .comment       0x000000000000007b       0x7c Core/Startup/startup_stm32f103c8tx.o
 .comment       0x000000000000007b       0x7c Drivers/STM32F1xx_HAL_Driver/Src/stm32f1xx_hal.o
 .comment       0x000000000000007b       0x7c Drivers/STM32F1xx_HAL_Driver/Src/stm32f1xx_hal_can.o
 .comment       0x000000000000007b       0x7c Drivers/STM32F1xx_HAL_Driver/Src/stm32f1xx_hal_cortex.o
 .comment       0x000000000000007b       0x7c Drivers/STM32F1xx_HAL_Driver/Src/stm32f1xx_hal_flash.o
 .comment       0x000000000000007b       0x7c Drivers/STM32F1xx_HAL_Driver/Src/stm32f1xx_hal_flash_ex.o
 .comment       0x000000000000007b       0x7c Drivers/STM32F1xx_HAL_Driver/Src/stm32f1xx_hal_gpio.o
 .comment       0x000000000000007b       0x7c Drivers/STM32F1xx_HAL_Driver/Src/stm32f1xx_hal_rcc.o

.debug_frame    0x0000000000000000     0x103c
 .debug_frame   0x0000000000000000       0xf0 Core/Src/main.o
 .debug_frame   0x00000000000000f0       0x68 Core/Src/stm32f1xx_hal_msp.o
 .debug_frame   0x0000000000000158       0xc0 Core/Src/stm32f1xx_it.o
 .debug_frame   0x0000000000000218       0x30 Core/Src/system_stm32f1xx.o
 .debug_frame   0x0000000000000248      0x388 Core/Startup/startup_stm32f103c8tx.o
 .debug_frame   0x00000000000005d0      0x1d4 Drivers/STM32F1xx_HAL_Driver/Src/stm32f1xx_hal.o
 .debug_frame   0x00000000000007a4      0x2cc Drivers/STM32F1xx_HAL_Driver/Src/stm32f1xx_hal_can.o
 .debug_frame   0x0000000000000a70      0x120 Drivers/STM32F1xx_HAL_Driver/Src/stm32f1xx_hal_cortex.o
 .debug_frame   0x0000000000000b90      0x120 Drivers/STM32F1xx_HAL_Driver/Src/stm32f1xx_hal_flash.o
 .debug_frame   0x0000000000000cb0       0xf0 Drivers/STM32F1xx_HAL_Driver/Src/stm32f1xx_hal_flash_ex.o
 .debug_frame   0x0000000000000da0       0xd8 Drivers/STM32F1xx_HAL_Driver/Src/stm32f1xx_hal_gpio.o
 .debug_frame   0x0000000000000e78      0x150 Drivers/STM32F1xx_HAL_Driver/Src/stm32f1xx_hal_rcc.o
 .debug_frame   0x0000000000000fc8       0x2c c:/st/stm32cubeide_1.4.0/stm32cubeide/plugins/com.st.stm32cube.ide.mcu.externaltools.gnu-tools-for-stm32.7-2018-q2-update.win32_1.4.0.202007081208/tools/bin/../lib/gcc/arm-none-eabi/7.3.1/../../../../arm-none-eabi/lib/thumb/v7-m\libc_nano.a(lib_a-init.o)
 .debug_frame   0x0000000000000ff4       0x28 c:/st/stm32cubeide_1.4.0/stm32cubeide/plugins/com.st.stm32cube.ide.mcu.externaltools.gnu-tools-for-stm32.7-2018-q2-update.win32_1.4.0.202007081208/tools/bin/../lib/gcc/arm-none-eabi/7.3.1/../../../../arm-none-eabi/lib/thumb/v7-m\libc_nano.a(lib_a-memcpy-stub.o)
 .debug_frame   0x000000000000101c       0x20 c:/st/stm32cubeide_1.4.0/stm32cubeide/plugins/com.st.stm32cube.ide.mcu.externaltools.gnu-tools-for-stm32.7-2018-q2-update.win32_1.4.0.202007081208/tools/bin/../lib/gcc/arm-none-eabi/7.3.1/../../../../arm-none-eabi/lib/thumb/v7-m\libc_nano.a(lib_a-memset.o)
