../Core/Src/MY_NRF24.c:64:6:NRF24_csn.part.0	0	static
../Core/Src/MY_NRF24.c:70:6:NRF24_ce.part.0	0	static
../Core/Src/MY_NRF24.c:56:6:NRF24_DelayMicroSeconds	0	static
../Core/Src/MY_NRF24.c:64:6:NRF24_csn	0	static
../Core/Src/MY_NRF24.c:70:6:NRF24_ce	0	static
../Core/Src/MY_NRF24.c:76:9:NRF24_read_register	16	static
../Core/Src/MY_NRF24.c:93:6:NRF24_read_registerN	24	static
../Core/Src/MY_NRF24.c:108:6:NRF24_write_register	24	static
../Core/Src/MY_NRF24.c:121:6:NRF24_write_registerN	24	static
../Core/Src/MY_NRF24.c:134:6:NRF24_write_payload	24	static
../Core/Src/MY_NRF24.c:147:6:NRF24_read_payload	24	static
../Core/Src/MY_NRF24.c:161:6:NRF24_flush_tx	0	static
../Core/Src/MY_NRF24.c:166:6:NRF24_flush_rx	0	static
../Core/Src/MY_NRF24.c:171:9:NRF24_get_status	0	static
../Core/Src/MY_NRF24.c:255:6:NRF24_startListening	8	static
../Core/Src/MY_NRF24.c:272:6:NRF24_stopListening	8	static
../Core/Src/MY_NRF24.c:329:6:NRF24_openWritingPipe	16	static
../Core/Src/MY_NRF24.c:338:6:NRF24_openReadingPipe	16	static
../Core/Src/MY_NRF24.c:362:6:NRF24_setRetries	0	static
../Core/Src/MY_NRF24.c:368:6:NRF24_setChannel	0	static
../Core/Src/MY_NRF24.c:374:6:NRF24_setPayloadSize	0	static
../Core/Src/MY_NRF24.c:380:9:NRF24_getPayloadSize	0	static
../Core/Src/MY_NRF24.c:385:9:NRF24_getDynamicPayloadSize	0	static
../Core/Src/MY_NRF24.c:320:6:NRF24_read	8	static
../Core/Src/MY_NRF24.c:417:6:NRF24_disableDynamicPayloads	8	static
../Core/Src/MY_NRF24.c:425:6:NRF24_isNRF_Plus	0	static
../Core/Src/MY_NRF24.c:430:6:NRF24_setAutoAck	0	static
../Core/Src/MY_NRF24.c:438:6:NRF24_setAutoAckPipe	16	static
../Core/Src/MY_NRF24.c:455:6:NRF24_setPALevel	8	static
../Core/Src/MY_NRF24.c:486:15:NRF24_getPALevel	8	static
../Core/Src/MY_NRF24.c:512:6:NRF24_setDataRate	16	static
../Core/Src/MY_NRF24.c:557:17:NRF24_getDataRate	8	static
../Core/Src/MY_NRF24.c:582:6:NRF24_setCRCLength	8	static
../Core/Src/MY_NRF24.c:603:18:NRF24_getCRCLength	8	static
../Core/Src/MY_NRF24.c:619:6:NRF24_disableCRC	8	static
../Core/Src/MY_NRF24.c:625:6:NRF24_powerUp	8	static
../Core/Src/MY_NRF24.c:630:6:NRF24_powerDown	8	static
../Core/Src/MY_NRF24.c:635:6:NRF24_availablePipe	16	static
../Core/Src/MY_NRF24.c:315:6:NRF24_available	0	static
../Core/Src/MY_NRF24.c:659:6:NRF24_startWrite	16	static
../Core/Src/MY_NRF24.c:676:6:NRF24_writeAckPayload	16	static
../Core/Src/MY_NRF24.c:687:6:NRF24_isAckPayloadAvailable	0	static
../Core/Src/MY_NRF24.c:694:6:NRF24_whatHappened	24	static
../Core/Src/MY_NRF24.c:705:6:NRF24_testCarrier	8	static
../Core/Src/MY_NRF24.c:710:6:NRF24_testRPD	0	static
../Core/Src/MY_NRF24.c:716:6:NRF24_resetStatus	0	static
../Core/Src/MY_NRF24.c:279:6:NRF24_write	24	static
../Core/Src/MY_NRF24.c:722:6:NRF24_ACTIVATE_cmd	16	static
../Core/Src/MY_NRF24.c:390:6:NRF24_enableAckPayload	8	static
../Core/Src/MY_NRF24.c:403:6:NRF24_enableDynamicPayloads	8	static
../Core/Src/MY_NRF24.c:733:9:NRF24_GetAckPayloadSize	0	static
../Core/Src/MY_NRF24.c:738:6:printRadioSettings	136	static
../Core/Src/MY_NRF24.c:179:6:NRF24_begin	24	static
../Core/Src/MY_NRF24.c:865:6:printStatusReg	136	static
../Core/Src/MY_NRF24.c:881:6:printConfigReg	120	static
../Core/Src/MY_NRF24.c:899:6:nrf24_DebugUART_Init	8	static
../Core/Src/MY_NRF24.c:904:6:printFIFOstatus	128	static
../Core/Src/MY_NRF24.c:920:6:nrf_init	104	static
