../Core/Src/stm32f1xx_hal_msp.c:69:6:HAL_MspInit	16	static
../Core/Src/stm32f1xx_hal_msp.c:97:6:HAL_ADC_MspInit	40	static
../Core/Src/stm32f1xx_hal_msp.c:146:6:HAL_ADC_MspDeInit	8	static
../Core/Src/stm32f1xx_hal_msp.c:176:6:HAL_CAN_MspInit	32	static
../Core/Src/stm32f1xx_hal_msp.c:217:6:HAL_CAN_MspDeInit	0	static
../Core/Src/stm32f1xx_hal_msp.c:246:6:HAL_I2C_MspInit	32	static
../Core/Src/stm32f1xx_hal_msp.c:280:6:HAL_I2C_MspDeInit	8	static
../Core/Src/stm32f1xx_hal_msp.c:311:6:HAL_SPI_MspInit	32	static
../Core/Src/stm32f1xx_hal_msp.c:351:6:HAL_SPI_MspDeInit	0	static
../Core/Src/stm32f1xx_hal_msp.c:381:6:HAL_TIM_Base_MspInit	16	static
../Core/Src/stm32f1xx_hal_msp.c:406:6:HAL_TIM_PWM_MspInit	8	static
../Core/Src/stm32f1xx_hal_msp.c:422:6:HAL_TIM_MspPostInit	32	static
../Core/Src/stm32f1xx_hal_msp.c:453:6:HAL_TIM_Base_MspDeInit	0	static
../Core/Src/stm32f1xx_hal_msp.c:478:6:HAL_TIM_PWM_MspDeInit	0	static
../Core/Src/stm32f1xx_hal_msp.c:500:6:HAL_UART_MspInit	48	static
../Core/Src/stm32f1xx_hal_msp.c:583:6:HAL_UART_MspDeInit	8	static
