Archive member included to satisfy reference by file (symbol)

/opt/st/stm32cubeide_1.14.0/plugins/com.st.stm32cube.ide.mcu.externaltools.gnu-tools-for-stm32.11.3.rel1.linux64_1.1.100.202309141235/tools/bin/../lib/gcc/arm-none-eabi/11.3.1/../../../../arm-none-eabi/lib/thumb/v7-m/nofp/libc_nano.a(libc_a-atoi.o)
                              ./Core/Src/new_NMEA.o (atoi)
/opt/st/stm32cubeide_1.14.0/plugins/com.st.stm32cube.ide.mcu.externaltools.gnu-tools-for-stm32.11.3.rel1.linux64_1.1.100.202309141235/tools/bin/../lib/gcc/arm-none-eabi/11.3.1/../../../../arm-none-eabi/lib/thumb/v7-m/nofp/libc_nano.a(libc_a-exit.o)
                              /opt/st/stm32cubeide_1.14.0/plugins/com.st.stm32cube.ide.mcu.externaltools.gnu-tools-for-stm32.11.3.rel1.linux64_1.1.100.202309141235/tools/bin/../lib/gcc/arm-none-eabi/11.3.1/../../../../arm-none-eabi/lib/thumb/v7-m/nofp/crt0.o (exit)
/opt/st/stm32cubeide_1.14.0/plugins/com.st.stm32cube.ide.mcu.externaltools.gnu-tools-for-stm32.11.3.rel1.linux64_1.1.100.202309141235/tools/bin/../lib/gcc/arm-none-eabi/11.3.1/../../../../arm-none-eabi/lib/thumb/v7-m/nofp/libc_nano.a(libc_a-strtol.o)
                              /opt/st/stm32cubeide_1.14.0/plugins/com.st.stm32cube.ide.mcu.externaltools.gnu-tools-for-stm32.11.3.rel1.linux64_1.1.100.202309141235/tools/bin/../lib/gcc/arm-none-eabi/11.3.1/../../../../arm-none-eabi/lib/thumb/v7-m/nofp/libc_nano.a(libc_a-atoi.o) (_strtol_r)
/opt/st/stm32cubeide_1.14.0/plugins/com.st.stm32cube.ide.mcu.externaltools.gnu-tools-for-stm32.11.3.rel1.linux64_1.1.100.202309141235/tools/bin/../lib/gcc/arm-none-eabi/11.3.1/../../../../arm-none-eabi/lib/thumb/v7-m/nofp/libc_nano.a(libc_a-ctype_.o)
                              /opt/st/stm32cubeide_1.14.0/plugins/com.st.stm32cube.ide.mcu.externaltools.gnu-tools-for-stm32.11.3.rel1.linux64_1.1.100.202309141235/tools/bin/../lib/gcc/arm-none-eabi/11.3.1/../../../../arm-none-eabi/lib/thumb/v7-m/nofp/libc_nano.a(libc_a-strtol.o) (_ctype_)
/opt/st/stm32cubeide_1.14.0/plugins/com.st.stm32cube.ide.mcu.externaltools.gnu-tools-for-stm32.11.3.rel1.linux64_1.1.100.202309141235/tools/bin/../lib/gcc/arm-none-eabi/11.3.1/../../../../arm-none-eabi/lib/thumb/v7-m/nofp/libc_nano.a(libc_a-findfp.o)
                              ./Middlewares/Third_Party/FreeRTOS/Source/tasks.o (__sf)
/opt/st/stm32cubeide_1.14.0/plugins/com.st.stm32cube.ide.mcu.externaltools.gnu-tools-for-stm32.11.3.rel1.linux64_1.1.100.202309141235/tools/bin/../lib/gcc/arm-none-eabi/11.3.1/../../../../arm-none-eabi/lib/thumb/v7-m/nofp/libc_nano.a(libc_a-fwalk.o)
                              /opt/st/stm32cubeide_1.14.0/plugins/com.st.stm32cube.ide.mcu.externaltools.gnu-tools-for-stm32.11.3.rel1.linux64_1.1.100.202309141235/tools/bin/../lib/gcc/arm-none-eabi/11.3.1/../../../../arm-none-eabi/lib/thumb/v7-m/nofp/libc_nano.a(libc_a-findfp.o) (_fwalk_sglue)
/opt/st/stm32cubeide_1.14.0/plugins/com.st.stm32cube.ide.mcu.externaltools.gnu-tools-for-stm32.11.3.rel1.linux64_1.1.100.202309141235/tools/bin/../lib/gcc/arm-none-eabi/11.3.1/../../../../arm-none-eabi/lib/thumb/v7-m/nofp/libc_nano.a(libc_a-sprintf.o)
                              ./Core/Src/MY_NRF24.o (sprintf)
/opt/st/stm32cubeide_1.14.0/plugins/com.st.stm32cube.ide.mcu.externaltools.gnu-tools-for-stm32.11.3.rel1.linux64_1.1.100.202309141235/tools/bin/../lib/gcc/arm-none-eabi/11.3.1/../../../../arm-none-eabi/lib/thumb/v7-m/nofp/libc_nano.a(libc_a-stdio.o)
                              /opt/st/stm32cubeide_1.14.0/plugins/com.st.stm32cube.ide.mcu.externaltools.gnu-tools-for-stm32.11.3.rel1.linux64_1.1.100.202309141235/tools/bin/../lib/gcc/arm-none-eabi/11.3.1/../../../../arm-none-eabi/lib/thumb/v7-m/nofp/libc_nano.a(libc_a-findfp.o) (__sread)
/opt/st/stm32cubeide_1.14.0/plugins/com.st.stm32cube.ide.mcu.externaltools.gnu-tools-for-stm32.11.3.rel1.linux64_1.1.100.202309141235/tools/bin/../lib/gcc/arm-none-eabi/11.3.1/../../../../arm-none-eabi/lib/thumb/v7-m/nofp/libc_nano.a(libc_a-memset.o)
                              /opt/st/stm32cubeide_1.14.0/plugins/com.st.stm32cube.ide.mcu.externaltools.gnu-tools-for-stm32.11.3.rel1.linux64_1.1.100.202309141235/tools/bin/../lib/gcc/arm-none-eabi/11.3.1/../../../../arm-none-eabi/lib/thumb/v7-m/nofp/crt0.o (memset)
/opt/st/stm32cubeide_1.14.0/plugins/com.st.stm32cube.ide.mcu.externaltools.gnu-tools-for-stm32.11.3.rel1.linux64_1.1.100.202309141235/tools/bin/../lib/gcc/arm-none-eabi/11.3.1/../../../../arm-none-eabi/lib/thumb/v7-m/nofp/libc_nano.a(libc_a-closer.o)
                              /opt/st/stm32cubeide_1.14.0/plugins/com.st.stm32cube.ide.mcu.externaltools.gnu-tools-for-stm32.11.3.rel1.linux64_1.1.100.202309141235/tools/bin/../lib/gcc/arm-none-eabi/11.3.1/../../../../arm-none-eabi/lib/thumb/v7-m/nofp/libc_nano.a(libc_a-stdio.o) (_close_r)
[...]
Memory Configuration

Name             Origin             Length             Attributes
RAM              0x0000000020000000 0x0000000000005000 xrw
FLASH            0x0000000008000000 0x0000000000010000 xr
*default*        0x0000000000000000 0xffffffffffffffff

Linker script and memory map

LOAD /opt/st/stm32cubeide_1.14.0/plugins/com.st.stm32cube.ide.mcu.externaltools.gnu-tools-for-stm32.11.3.rel1.linux64_1.1.100.202309141235/tools/bin/../lib/gcc/arm-none-eabi/11.3.1/thumb/v7-m/nofp/crti.o
LOAD /opt/st/stm32cubeide_1.14.0/plugins/com.st.stm32cube.ide.mcu.externaltools.gnu-tools-for-stm32.11.3.rel1.linux64_1.1.100.202309141235/tools/bin/../lib/gcc/arm-none-eabi/11.3.1/thumb/v7-m/nofp/crtbegin.o
LOAD /opt/st/stm32cubeide_1.14.0/plugins/com.st.stm32cube.ide.mcu.externaltools.gnu-tools-for-stm32.11.3.rel1.linux64_1.1.100.202309141235/tools/bin/../lib/gcc/arm-none-eabi/11.3.1/../../../../arm-none-eabi/lib/thumb/v7-m/nofp/crt0.o
LOAD ./Core/Src/CAN.o
LOAD ./Core/Src/HCompass_HMC5883L_3.o
LOAD ./Core/Src/HServo_Motor.o
LOAD ./Core/Src/MY_NRF24.o
LOAD ./Core/Src/Temperature_Battery.o
LOAD ./Core/Src/freertos.o
LOAD ./Core/Src/main.o
LOAD ./Core/Src/new_NMEA.o
LOAD ./Core/Src/steering_pid.o
LOAD ./Core/Src/stm32f1xx_hal_msp.o
LOAD ./Core/Src/stm32f1xx_hal_timebase_tim.o
LOAD ./Core/Src/stm32f1xx_it.o
LOAD ./Core/Src/syscalls.o
LOAD ./Core/Src/sysmem.o
LOAD ./Core/Src/system_stm32f1xx.o
LOAD ./Core/Startup/startup_stm32f103c8tx.o
LOAD ./Drivers/STM32F1xx_HAL_Driver/Src/stm32f1xx_hal.o
LOAD ./Drivers/STM32F1xx_HAL_Driver/Src/stm32f1xx_hal_adc.o
LOAD ./Drivers/STM32F1xx_HAL_Driver/Src/stm32f1xx_hal_adc_ex.o
LOAD ./Drivers/STM32F1xx_HAL_Driver/Src/stm32f1xx_hal_can.o
LOAD ./Drivers/STM32F1xx_HAL_Driver/Src/stm32f1xx_hal_cortex.o
LOAD ./Drivers/STM32F1xx_HAL_Driver/Src/stm32f1xx_hal_dma.o
LOAD ./Drivers/STM32F1xx_HAL_Driver/Src/stm32f1xx_hal_exti.o
LOAD ./Drivers/STM32F1xx_HAL_Driver/Src/stm32f1xx_hal_flash.o
LOAD ./Drivers/STM32F1xx_HAL_Driver/Src/stm32f1xx_hal_flash_ex.o
LOAD ./Drivers/STM32F1xx_HAL_Driver/Src/stm32f1xx_hal_gpio.o
LOAD ./Drivers/STM32F1xx_HAL_Driver/Src/stm32f1xx_hal_gpio_ex.o
LOAD ./Drivers/STM32F1xx_HAL_Driver/Src/stm32f1xx_hal_i2c.o
LOAD ./Drivers/STM32F1xx_HAL_Driver/Src/stm32f1xx_hal_pwr.o
LOAD ./Drivers/STM32F1xx_HAL_Driver/Src/stm32f1xx_hal_rcc.o
LOAD ./Drivers/STM32F1xx_HAL_Driver/Src/stm32f1xx_hal_rcc_ex.o
LOAD ./Drivers/STM32F1xx_HAL_Driver/Src/stm32f1xx_hal_spi.o
LOAD ./Drivers/STM32F1xx_HAL_Driver/Src/stm32f1xx_hal_tim.o
LOAD ./Drivers/STM32F1xx_HAL_Driver/Src/stm32f1xx_hal_tim_ex.o
LOAD ./Drivers/STM32F1xx_HAL_Driver/Src/stm32f1xx_hal_uart.o
LOAD ./Middlewares/Third_Party/FreeRTOS/Source/CMSIS_RTOS_V2/cmsis_os2.o
LOAD ./Middlewares/Third_Party/FreeRTOS/Source/croutine.o
LOAD ./Middlewares/Third_Party/FreeRTOS/Source/event_groups.o
LOAD ./Middlewares/Third_Party/FreeRTOS/Source/list.o
LOAD ./Middlewares/Third_Party/FreeRTOS/Source/queue.o
LOAD ./Middlewares/Third_Party/FreeRTOS/Source/stream_buffer.o
LOAD ./Middlewares/Third_Party/FreeRTOS/Source/tasks.o
LOAD ./Middlewares/Third_Party/FreeRTOS/Source/timers.o
LOAD ./Middlewares/Third_Party/FreeRTOS/Source/portable/GCC/ARM_CM3/port.o
LOAD ./Middlewares/Third_Party/FreeRTOS/Source/portable/MemMang/heap_4.o
START GROUP
LOAD /opt/st/stm32cubeide_1.14.0/plugins/com.st.stm32cube.ide.mcu.externaltools.gnu-tools-for-stm32.11.3.rel1.linux64_1.1.100.202309141235/tools/bin/../lib/gcc/arm-none-eabi/11.3.1/../../../../arm-none-eabi/lib/thumb/v7-m/nofp/libc_nano.a
LOAD /opt/st/stm32cubeide_1.14.0/plugins/com.st.stm32cube.ide.mcu.externaltools.gnu-tools-for-stm32.11.3.rel1.linux64_1.1.100.202309141235/tools/bin/../lib/gcc/arm-none-eabi/11.3.1/../../../../arm-none-eabi/lib/thumb/v7-m/nofp/libm.a
END GROUP
START GROUP
LOAD /opt/st/stm32cubeide_1.14.0/plugins/com.st.stm32cube.ide.mcu.externaltools.gnu-tools-for-stm32.11.3.rel1.linux64_1.1.100.202309141235/tools/bin/../lib/gcc/arm-none-eabi/11.3.1/thumb/v7-m/nofp/libgcc.a
LOAD /opt/st/stm32cubeide_1.14.0/plugins/com.st.stm32cube.ide.mcu.externaltools.gnu-tools-for-stm32.11.3.rel1.linux64_1.1.100.202309141235/tools/bin/../lib/gcc/arm-none-eabi/11.3.1/../../../../arm-none-eabi/lib/thumb/v7-m/nofp/libc_nano.a
END GROUP
START GROUP
LOAD /opt/st/stm32cubeide_1.14.0/plugins/com.st.stm32cube.ide.mcu.externaltools.gnu-tools-for-stm32.11.3.rel1.linux64_1.1.100.202309141235/tools/bin/../lib/gcc/arm-none-eabi/11.3.1/thumb/v7-m/nofp/libgcc.a
LOAD /opt/st/stm32cubeide_1.14.0/plugins/com.st.stm32cube.ide.mcu.externaltools.gnu-tools-for-stm32.11.3.rel1.linux64_1.1.100.202309141235/tools/bin/../lib/gcc/arm-none-eabi/11.3.1/../../../../arm-none-eabi/lib/thumb/v7-m/nofp/libc_nano.a
LOAD /opt/st/stm32cubeide_1.14.0/plugins/com.st.stm32cube.ide.mcu.externaltools.gnu-tools-for-stm32.11.3.rel1.linux64_1.1.100.202309141235/tools/bin/../lib/gcc/arm-none-eabi/11.3.1/../../../../arm-none-eabi/lib/thumb/v7-m/nofp/libnosys.a
END GROUP
START GROUP
LOAD /opt/st/stm32cubeide_1.14.0/plugins/com.st.stm32cube.ide.mcu.externaltools.gnu-tools-for-stm32.11.3.rel1.linux64_1.1.100.202309141235/tools/bin/../lib/gcc/arm-none-eabi/11.3.1/thumb/v7-m/nofp/libgcc.a
LOAD /opt/st/stm32cubeide_1.14.0/plugins/com.st.stm32cube.ide.mcu.externaltools.gnu-tools-for-stm32.11.3.rel1.linux64_1.1.100.202309141235/tools/bin/../lib/gcc/arm-none-eabi/11.3.1/../../../../arm-none-eabi/lib/thumb/v7-m/nofp/libc_nano.a
LOAD /opt/st/stm32cubeide_1.14.0/plugins/com.st.stm32cube.ide.mcu.externaltools.gnu-tools-for-stm32.11.3.rel1.linux64_1.1.100.202309141235/tools/bin/../lib/gcc/arm-none-eabi/11.3.1/../../../../arm-none-eabi/lib/thumb/v7-m/nofp/libnosys.a
END GROUP
LOAD /opt/st/stm32cubeide_1.14.0/plugins/com.st.stm32cube.ide.mcu.externaltools.gnu-tools-for-stm32.11.3.rel1.linux64_1.1.100.202309141235/tools/bin/../lib/gcc/arm-none-eabi/11.3.1/thumb/v7-m/nofp/crtend.o
LOAD /opt/st/stm32cubeide_1.14.0/plugins/com.st.stm32cube.ide.mcu.externaltools.gnu-tools-for-stm32.11.3.rel1.linux64_1.1.100.202309141235/tools/bin/../lib/gcc/arm-none-eabi/11.3.1/thumb/v7-m/nofp/crtn.o
                0x0000000020005000                _estack = (ORIGIN (RAM) + LENGTH (RAM))
                0x0000000000000200                _Min_Heap_Size = 0x200
                0x0000000000000400                _Min_Stack_Size = 0x400

.isr_vector     0x0000000008000000      0x10c
                0x0000000008000000                . = ALIGN (0x4)
 *(.isr_vector)
 .isr_vector    0x0000000008000000      0x10c ./Core/Startup/startup_stm32f103c8tx.o
                0x0000000008000000                g_pfnVectors
                0x000000000800010c                . = ALIGN (0x4)

.text           0x0000000008000110     0x90d4
                0x0000000008000110                . = ALIGN (0x4)
 *(.text)
 .text          0x0000000008000110       0x40 /opt/st/stm32cubeide_1.14.0/plugins/com.st.stm32cube.ide.mcu.externaltools.gnu-tools-for-stm32.11.3.rel1.linux64_1.1.100.202309141235/tools/bin/../lib/gcc/arm-none-eabi/11.3.1/thumb/v7-m/nofp/crtbegin.o
 .text          0x0000000008000150       0x10 /opt/st/stm32cubeide_1.14.0/plugins/com.st.stm32cube.ide.mcu.externaltools.gnu-tools-for-stm32.11.3.rel1.linux64_1.1.100.202309141235/tools/bin/../lib/gcc/arm-none-eabi/11.3.1/../../../../arm-none-eabi/lib/thumb/v7-m/nofp/libc_nano.a(libc_a-strlen.o)
                0x0000000008000150                strlen
 .text          0x0000000008000160      0x378 /opt/st/stm32cubeide_1.14.0/plugins/com.st.stm32cube.ide.mcu.externaltools.gnu-tools-for-stm32.11.3.rel1.linux64_1.1.100.202309141235/tools/bin/../lib/gcc/arm-none-eabi/11.3.1/thumb/v7-m/nofp/libgcc.a(_arm_addsubdf3.o)
                0x0000000008000160                __aeabi_drsub
                0x0000000008000168                __aeabi_dsub
                0x0000000008000168                __subdf3
                0x000000000800016c                __adddf3
                0x000000000800016c                __aeabi_dadd
                0x00000000080003e4                __aeabi_ui2d
                0x00000000080003e4                __floatunsidf
                0x0000000008000404                __floatsidf
                0x0000000008000404                __aeabi_i2d
                0x0000000008000428                __extendsfdf2
                0x0000000008000428                __aeabi_f2d
                0x000000000800046c                __aeabi_ul2d
                0x000000000800046c                __floatundidf
                0x000000000800047c                __floatdidf
                0x000000000800047c                __aeabi_l2d
 .text          0x00000000080004d8      0x424 /opt/st/stm32cubeide_1.14.0/plugins/com.st.stm32cube.ide.mcu.externaltools.gnu-tools-for-stm32.11.3.rel1.linux64_1.1.100.202309141235/tools/bin/../lib/gcc/arm-none-eabi/11.3.1/thumb/v7-m/nofp/libgcc.a(_arm_muldivdf3.o)
                0x00000000080004d8                __aeabi_dmul
                0x00000000080004d8                __muldf3
                0x000000000800072c                __aeabi_ddiv
                0x000000000800072c                __divdf3
 .text          0x00000000080008fc      0x110 /opt/st/stm32cubeide_1.14.0/plugins/com.st.stm32cube.ide.mcu.externaltools.gnu-tools-for-stm32.11.3.rel1.linux64_1.1.100.202309141235/tools/bin/../lib/gcc/arm-none-eabi/11.3.1/thumb/v7-m/nofp/libgcc.a(_arm_cmpdf2.o)
                0x00000000080008fc                __gtdf2
                0x00000000080008fc                __gedf2
                0x0000000008000904                __ltdf2
                0x0000000008000904                __ledf2
                0x000000000800090c                __cmpdf2
                0x000000000800090c                __eqdf2
                0x000000000800090c                __nedf2
                0x0000000008000988                __aeabi_cdrcmple
                0x0000000008000998                __aeabi_cdcmple
                0x0000000008000998                __aeabi_cdcmpeq
                0x00000000080009a8                __aeabi_dcmpeq
                0x00000000080009bc                __aeabi_dcmplt
                0x00000000080009d0                __aeabi_dcmple
                0x00000000080009e4                __aeabi_dcmpge
                0x00000000080009f8                __aeabi_dcmpgt
 .text          0x0000000008000a0c       0x2c /opt/st/stm32cubeide_1.14.0/plugins/com.st.stm32cube.ide.mcu.externaltools.gnu-tools-for-stm32.11.3.rel1.linux64_1.1.100.202309141235/tools/bin/../lib/gcc/arm-none-eabi/11.3.1/thumb/v7-m/nofp/libgcc.a(_arm_unorddf2.o)
                0x0000000008000a0c                __aeabi_dcmpun
                0x0000000008000a0c                __unorddf2
 .text          0x0000000008000a38       0x50 /opt/st/stm32cubeide_1.14.0/plugins/com.st.stm32cube.ide.mcu.externaltools.gnu-tools-for-stm32.11.3.rel1.linux64_1.1.100.202309141235/tools/bin/../lib/gcc/arm-none-eabi/11.3.1/thumb/v7-m/nofp/libgcc.a(_arm_fixdfsi.o)
                0x0000000008000a38                __fixdfsi
                0x0000000008000a38                __aeabi_d2iz
 .text          0x0000000008000a88       0x40 /opt/st/stm32cubeide_1.14.0/plugins/com.st.stm32cube.ide.mcu.externaltools.gnu-tools-for-stm32.11.3.rel1.linux64_1.1.100.202309141235/tools/bin/../lib/gcc/arm-none-eabi/11.3.1/thumb/v7-m/nofp/libgcc.a(_arm_fixunsdfsi.o)
                0x0000000008000a88                __fixunsdfsi
                0x0000000008000a88                __aeabi_d2uiz
 .text          0x0000000008000ac8       0xa0 /opt/st/stm32cubeide_1.14.0/plugins/com.st.stm32cube.ide.mcu.externaltools.gnu-tools-for-stm32.11.3.rel1.linux64_1.1.100.202309141235/tools/bin/../lib/gcc/arm-none-eabi/11.3.1/thumb/v7-m/nofp/libgcc.a(_arm_truncdfsf2.o)
                0x0000000008000ac8                __aeabi_d2f
                0x0000000008000ac8                __truncdfsf2
 .text          0x0000000008000b68      0x21c /opt/st/stm32cubeide_1.14.0/plugins/com.st.stm32cube.ide.mcu.externaltools.gnu-tools-for-stm32.11.3.rel1.linux64_1.1.100.202309141235/tools/bin/../lib/gcc/arm-none-eabi/11.3.1/thumb/v7-m/nofp/libgcc.a(_arm_addsubsf3.o)
                0x0000000008000b68                __aeabi_frsub
                0x0000000008000b70                __subsf3
                0x0000000008000b70                __aeabi_fsub
                0x0000000008000b74                __aeabi_fadd
                0x0000000008000b74                __addsf3
                0x0000000008000cd4                __aeabi_ui2f
                0x0000000008000cd4                __floatunsisf
                0x0000000008000cdc                __aeabi_i2f
                0x0000000008000cdc                __floatsisf
                0x0000000008000cf8                __floatundisf
                0x0000000008000cf8                __aeabi_ul2f
                0x0000000008000d08                __floatdisf
                0x0000000008000d08                __aeabi_l2f
 .text          0x0000000008000d84       0x40 /opt/st/stm32cubeide_1.14.0/plugins/com.st.stm32cube.ide.mcu.externaltools.gnu-tools-for-stm32.11.3.rel1.linux64_1.1.100.202309141235/tools/bin/../lib/gcc/arm-none-eabi/11.3.1/thumb/v7-m/nofp/libgcc.a(_arm_fixunssfsi.o)
                0x0000000008000d84                __aeabi_f2uiz
                0x0000000008000d84                __fixunssfsi
 *(.text*)
 .text.can_rx   0x0000000008000dc4       0x48 ./Core/Src/CAN.o
                0x0000000008000dc4                can_rx
 .text.can_tx   0x0000000008000e0c       0xa0 ./Core/Src/CAN.o
                0x0000000008000e0c                can_tx
 .text.HCompass_Init
                0x0000000008000eac       0x54 ./Core/Src/HCompass_HMC5883L_3.o
                0x0000000008000eac                HCompass_Init
 .text.calculate_compass_direction
                0x0000000008000f00       0x6c ./Core/Src/HCompass_HMC5883L_3.o
                0x0000000008000f00                calculate_compass_direction
 .text.HCompass_ReadAxis
                0x0000000008000f6c       0x5c ./Core/Src/HCompass_HMC5883L_3.o
                0x0000000008000f6c                HCompass_ReadAxis
 .text.HServo_Timer_Init
                0x0000000008000fc8        0xc ./Core/Src/HServo_Motor.o
                0x0000000008000fc8                HServo_Timer_Init
 .text.HServo_writePosition
                0x0000000008000fd4       0x1c ./Core/Src/HServo_Motor.o
                0x0000000008000fd4                HServo_writePosition
 .text.NRF24_csn.part.0
                0x0000000008000ff0       0x18 ./Core/Src/MY_NRF24.o
 .text.NRF24_ce.part.0
                0x0000000008001008       0x18 ./Core/Src/MY_NRF24.o
 .text.NRF24_csn
                0x0000000008001020       0x1c ./Core/Src/MY_NRF24.o
                0x0000000008001020                NRF24_csn
 .text.NRF24_ce
                0x000000000800103c       0x1c ./Core/Src/MY_NRF24.o
                0x000000000800103c                NRF24_ce
 .text.NRF24_read_register
                0x0000000008001058       0x40 ./Core/Src/MY_NRF24.o
                0x0000000008001058                NRF24_read_register
 .text.NRF24_read_registerN
                0x0000000008001098       0x3c ./Core/Src/MY_NRF24.o
                0x0000000008001098                NRF24_read_registerN
 .text.NRF24_write_register
                0x00000000080010d4       0x30 ./Core/Src/MY_NRF24.o
                0x00000000080010d4                NRF24_write_register
 .text.NRF24_write_registerN
                0x0000000008001104       0x3c ./Core/Src/MY_NRF24.o
                0x0000000008001104                NRF24_write_registerN
 .text.NRF24_read_payload
                0x0000000008001140       0x48 ./Core/Src/MY_NRF24.o
                0x0000000008001140                NRF24_read_payload
 .text.NRF24_flush_tx
                0x0000000008001188        0x8 ./Core/Src/MY_NRF24.o
                0x0000000008001188                NRF24_flush_tx
 .text.NRF24_flush_rx
                0x0000000008001190        0x8 ./Core/Src/MY_NRF24.o
                0x0000000008001190                NRF24_flush_rx
 .text.NRF24_get_status
                0x0000000008001198        0x6 ./Core/Src/MY_NRF24.o
                0x0000000008001198                NRF24_get_status
 *fill*         0x000000000800119e        0x2 
 .text.NRF24_startListening
                0x00000000080011a0       0x3c ./Core/Src/MY_NRF24.o
                0x00000000080011a0                NRF24_startListening
 .text.NRF24_openReadingPipe
                0x00000000080011dc       0x68 ./Core/Src/MY_NRF24.o
                0x00000000080011dc                NRF24_openReadingPipe
 .text.NRF24_setChannel
                0x0000000008001244        0xe ./Core/Src/MY_NRF24.o
                0x0000000008001244                NRF24_setChannel
 .text.NRF24_getDynamicPayloadSize
                0x0000000008001252        0x6 ./Core/Src/MY_NRF24.o
                0x0000000008001252                NRF24_getDynamicPayloadSize
 .text.NRF24_read
                0x0000000008001258       0x1c ./Core/Src/MY_NRF24.o
                0x0000000008001258                NRF24_read
 .text.NRF24_disableDynamicPayloads
                0x0000000008001274       0x1e ./Core/Src/MY_NRF24.o
                0x0000000008001274                NRF24_disableDynamicPayloads
 .text.NRF24_setAutoAck
                0x0000000008001292        0xc ./Core/Src/MY_NRF24.o
                0x0000000008001292                NRF24_setAutoAck
 .text.NRF24_setPALevel
                0x000000000800129e       0x38 ./Core/Src/MY_NRF24.o
                0x000000000800129e                NRF24_setPALevel
 .text.NRF24_setDataRate
                0x00000000080012d6       0x36 ./Core/Src/MY_NRF24.o
                0x00000000080012d6                NRF24_setDataRate
 .text.NRF24_setCRCLength
                0x000000000800130c       0x26 ./Core/Src/MY_NRF24.o
                0x000000000800130c                NRF24_setCRCLength
 .text.NRF24_powerDown
                0x0000000008001332       0x16 ./Core/Src/MY_NRF24.o
                0x0000000008001332                NRF24_powerDown
 .text.NRF24_availablePipe
                0x0000000008001348       0x38 ./Core/Src/MY_NRF24.o
                0x0000000008001348                NRF24_availablePipe
 .text.NRF24_available
                0x0000000008001380        0x6 ./Core/Src/MY_NRF24.o
                0x0000000008001380                NRF24_available
 .text.NRF24_writeAckPayload
                0x0000000008001386       0x2c ./Core/Src/MY_NRF24.o
                0x0000000008001386                NRF24_writeAckPayload
 .text.NRF24_resetStatus
                0x00000000080013b2        0x8 ./Core/Src/MY_NRF24.o
                0x00000000080013b2                NRF24_resetStatus
 *fill*         0x00000000080013ba        0x2 
 .text.NRF24_ACTIVATE_cmd
                0x00000000080013bc       0x2c ./Core/Src/MY_NRF24.o
                0x00000000080013bc                NRF24_ACTIVATE_cmd
 .text.printRadioSettings
                0x00000000080013e8      0x4e0 ./Core/Src/MY_NRF24.o
                0x00000000080013e8                printRadioSettings
 .text.NRF24_begin
                0x00000000080018c8      0x180 ./Core/Src/MY_NRF24.o
                0x00000000080018c8                NRF24_begin
 .text.nrf24_DebugUART_Init
                0x0000000008001a48       0x24 ./Core/Src/MY_NRF24.o
                0x0000000008001a48                nrf24_DebugUART_Init
 .text.nrf_init
                0x0000000008001a6c       0x84 ./Core/Src/MY_NRF24.o
                0x0000000008001a6c                nrf_init
 .text.Read_Temperature
                0x0000000008001af0       0x6c ./Core/Src/Temperature_Battery.o
                0x0000000008001af0                Read_Temperature
 .text.gps_task
                0x0000000008001b5c       0x34 ./Core/Src/main.o
                0x0000000008001b5c                gps_task
 .text.Battery_Temperature_task
                0x0000000008001b90       0x28 ./Core/Src/main.o
                0x0000000008001b90                Battery_Temperature_task
 .text.compass_task
                0x0000000008001bb8       0x14 ./Core/Src/main.o
                0x0000000008001bb8                compass_task
 .text.CAN_task
                0x0000000008001bcc       0x28 ./Core/Src/main.o
                0x0000000008001bcc                CAN_task
 .text.STEERING_task
                0x0000000008001bf4       0x12 ./Core/Src/main.o
                0x0000000008001bf4                STEERING_task
 *fill*         0x0000000008001c06        0x2 
 .text.NRF_task
                0x0000000008001c08       0x40 ./Core/Src/main.o
                0x0000000008001c08                NRF_task
 .text.StartDefaultTask
                0x0000000008001c48        0xa ./Core/Src/main.o
                0x0000000008001c48                StartDefaultTask
 *fill*         0x0000000008001c52        0x2 
 .text.HAL_GPIO_EXTI_Callback
                0x0000000008001c54       0x10 ./Core/Src/main.o
                0x0000000008001c54                HAL_GPIO_EXTI_Callback
 .text.SystemClock_Config
                0x0000000008001c64       0x7e ./Core/Src/main.o
                0x0000000008001c64                SystemClock_Config
 *fill*         0x0000000008001ce2        0x2 
 .text.startup.main
                0x0000000008001ce4      0x448 ./Core/Src/main.o
                0x0000000008001ce4                main
 .text.HAL_TIM_PeriodElapsedCallback
                0x000000000800212c       0x44 ./Core/Src/main.o
                0x000000000800212c                HAL_TIM_PeriodElapsedCallback
 .text.Error_Handler
                0x0000000008002170        0x4 ./Core/Src/main.o
                0x0000000008002170                Error_Handler
 .text.decodeGGA
                0x0000000008002174      0x394 ./Core/Src/new_NMEA.o
                0x0000000008002174                decodeGGA
 .text.dma_uart
                0x0000000008002508       0x66 ./Core/Src/new_NMEA.o
                0x0000000008002508                dma_uart
 *fill*         0x000000000800256e        0x2 
 .text.steering
                0x0000000008002570      0x114 ./Core/Src/steering_pid.o
                0x0000000008002570                steering
 .text.HAL_MspInit
                0x0000000008002684       0x50 ./Core/Src/stm32f1xx_hal_msp.o
                0x0000000008002684                HAL_MspInit
 .text.HAL_ADC_MspInit
                0x00000000080026d4       0x98 ./Core/Src/stm32f1xx_hal_msp.o
                0x00000000080026d4                HAL_ADC_MspInit
 .text.HAL_CAN_MspInit
                0x000000000800276c       0x88 ./Core/Src/stm32f1xx_hal_msp.o
                0x000000000800276c                HAL_CAN_MspInit
 .text.HAL_I2C_MspInit
                0x00000000080027f4       0x64 ./Core/Src/stm32f1xx_hal_msp.o
                0x00000000080027f4                HAL_I2C_MspInit
 .text.HAL_SPI_MspInit
                0x0000000008002858       0x78 ./Core/Src/stm32f1xx_hal_msp.o
                0x0000000008002858                HAL_SPI_MspInit
 .text.HAL_TIM_Base_MspInit
                0x00000000080028d0       0x3c ./Core/Src/stm32f1xx_hal_msp.o
                0x00000000080028d0                HAL_TIM_Base_MspInit
 .text.HAL_TIM_PWM_MspInit
                0x000000000800290c       0x28 ./Core/Src/stm32f1xx_hal_msp.o
                0x000000000800290c                HAL_TIM_PWM_MspInit
 .text.HAL_TIM_MspPostInit
                0x0000000008002934       0x4c ./Core/Src/stm32f1xx_hal_msp.o
                0x0000000008002934                HAL_TIM_MspPostInit
 .text.HAL_UART_MspInit
                0x0000000008002980      0x100 ./Core/Src/stm32f1xx_hal_msp.o
                0x0000000008002980                HAL_UART_MspInit
 .text.HAL_InitTick
                0x0000000008002a80       0x90 ./Core/Src/stm32f1xx_hal_timebase_tim.o
                0x0000000008002a80                HAL_InitTick
 .text.NMI_Handler
                0x0000000008002b10        0x2 ./Core/Src/stm32f1xx_it.o
                0x0000000008002b10                NMI_Handler
 .text.HardFault_Handler
                0x0000000008002b12        0x2 ./Core/Src/stm32f1xx_it.o
                0x0000000008002b12                HardFault_Handler
 .text.MemManage_Handler
                0x0000000008002b14        0x2 ./Core/Src/stm32f1xx_it.o
                0x0000000008002b14                MemManage_Handler
 .text.BusFault_Handler
                0x0000000008002b16        0x2 ./Core/Src/stm32f1xx_it.o
                0x0000000008002b16                BusFault_Handler
 .text.UsageFault_Handler
                0x0000000008002b18        0x2 ./Core/Src/stm32f1xx_it.o
                0x0000000008002b18                UsageFault_Handler
 .text.DebugMon_Handler
                0x0000000008002b1a        0x2 ./Core/Src/stm32f1xx_it.o
                0x0000000008002b1a                DebugMon_Handler
 .text.EXTI4_IRQHandler
                0x0000000008002b1c        0x6 ./Core/Src/stm32f1xx_it.o
                0x0000000008002b1c                EXTI4_IRQHandler
 *fill*         0x0000000008002b22        0x2 
 .text.DMA1_Channel1_IRQHandler
                0x0000000008002b24        0xc ./Core/Src/stm32f1xx_it.o
                0x0000000008002b24                DMA1_Channel1_IRQHandler
 .text.DMA1_Channel5_IRQHandler
                0x0000000008002b30        0xc ./Core/Src/stm32f1xx_it.o
                0x0000000008002b30                DMA1_Channel5_IRQHandler
 .text.TIM1_UP_IRQHandler
                0x0000000008002b3c        0xc ./Core/Src/stm32f1xx_it.o
                0x0000000008002b3c                TIM1_UP_IRQHandler
 .text.TIM2_IRQHandler
                0x0000000008002b48        0xc ./Core/Src/stm32f1xx_it.o
                0x0000000008002b48                TIM2_IRQHandler
 .text._sbrk    0x0000000008002b54       0x40 ./Core/Src/sysmem.o
                0x0000000008002b54                _sbrk
 .text.SystemInit
                0x0000000008002b94        0x2 ./Core/Src/system_stm32f1xx.o
                0x0000000008002b94                SystemInit
 *fill*         0x0000000008002b96        0x2 
 .text.Reset_Handler
                0x0000000008002b98       0x48 ./Core/Startup/startup_stm32f103c8tx.o
                0x0000000008002b98                Reset_Handler
 .text.Default_Handler
                0x0000000008002be0        0x2 ./Core/Startup/startup_stm32f103c8tx.o
                0x0000000008002be0                RTC_Alarm_IRQHandler
                0x0000000008002be0                EXTI2_IRQHandler
                0x0000000008002be0                TIM1_CC_IRQHandler
                0x0000000008002be0                PVD_IRQHandler
                0x0000000008002be0                EXTI3_IRQHandler
                0x0000000008002be0                EXTI0_IRQHandler
                0x0000000008002be0                I2C2_EV_IRQHandler
                0x0000000008002be0                ADC1_2_IRQHandler
                0x0000000008002be0                SPI1_IRQHandler
                0x0000000008002be0                TAMPER_IRQHandler
                0x0000000008002be0                DMA1_Channel4_IRQHandler
                0x0000000008002be0                USART3_IRQHandler
                0x0000000008002be0                RTC_IRQHandler
                0x0000000008002be0                DMA1_Channel7_IRQHandler
                0x0000000008002be0                CAN1_RX1_IRQHandler
                0x0000000008002be0                TIM4_IRQHandler
                0x0000000008002be0                I2C1_EV_IRQHandler
                0x0000000008002be0                DMA1_Channel6_IRQHandler
                0x0000000008002be0                TIM3_IRQHandler
                0x0000000008002be0                RCC_IRQHandler
                0x0000000008002be0                TIM1_TRG_COM_IRQHandler
                0x0000000008002be0                Default_Handler
                0x0000000008002be0                EXTI15_10_IRQHandler
                0x0000000008002be0                EXTI9_5_IRQHandler
                0x0000000008002be0                SPI2_IRQHandler
                0x0000000008002be0                USB_LP_CAN1_RX0_IRQHandler
                0x0000000008002be0                USB_HP_CAN1_TX_IRQHandler
                0x0000000008002be0                DMA1_Channel3_IRQHandler
                0x0000000008002be0                WWDG_IRQHandler
                0x0000000008002be0                TIM1_BRK_IRQHandler
                0x0000000008002be0                EXTI1_IRQHandler
                0x0000000008002be0                USART2_IRQHandler
                0x0000000008002be0                I2C2_ER_IRQHandler
                0x0000000008002be0                DMA1_Channel2_IRQHandler
                0x0000000008002be0                CAN1_SCE_IRQHandler
                0x0000000008002be0                FLASH_IRQHandler
                0x0000000008002be0                USART1_IRQHandler
                0x0000000008002be0                I2C1_ER_IRQHandler
                0x0000000008002be0                USBWakeUp_IRQHandler
 *fill*         0x0000000008002be2        0x2 
 .text.HAL_Init
                0x0000000008002be4       0x24 ./Drivers/STM32F1xx_HAL_Driver/Src/stm32f1xx_hal.o
                0x0000000008002be4                HAL_Init
 .text.HAL_IncTick
                0x0000000008002c08       0x18 ./Drivers/STM32F1xx_HAL_Driver/Src/stm32f1xx_hal.o
                0x0000000008002c08                HAL_IncTick
 .text.HAL_GetTick
                0x0000000008002c20        0xc ./Drivers/STM32F1xx_HAL_Driver/Src/stm32f1xx_hal.o
                0x0000000008002c20                HAL_GetTick
 .text.HAL_Delay
                0x0000000008002c2c       0x24 ./Drivers/STM32F1xx_HAL_Driver/Src/stm32f1xx_hal.o
                0x0000000008002c2c                HAL_Delay
 .text.HAL_ADC_ConvCpltCallback
                0x0000000008002c50        0x2 ./Drivers/STM32F1xx_HAL_Driver/Src/stm32f1xx_hal_adc.o
                0x0000000008002c50                HAL_ADC_ConvCpltCallback
 .text.ADC_DMAConvCplt
                0x0000000008002c52       0x4e ./Drivers/STM32F1xx_HAL_Driver/Src/stm32f1xx_hal_adc.o
                0x0000000008002c52                ADC_DMAConvCplt
 .text.HAL_ADC_ConvHalfCpltCallback
                0x0000000008002ca0        0x2 ./Drivers/STM32F1xx_HAL_Driver/Src/stm32f1xx_hal_adc.o
                0x0000000008002ca0                HAL_ADC_ConvHalfCpltCallback
 .text.ADC_DMAHalfConvCplt
                0x0000000008002ca2        0xa ./Drivers/STM32F1xx_HAL_Driver/Src/stm32f1xx_hal_adc.o
                0x0000000008002ca2                ADC_DMAHalfConvCplt
 .text.HAL_ADC_ErrorCallback
                0x0000000008002cac        0x2 ./Drivers/STM32F1xx_HAL_Driver/Src/stm32f1xx_hal_adc.o
                0x0000000008002cac                HAL_ADC_ErrorCallback
 .text.ADC_DMAError
                0x0000000008002cae       0x1a ./Drivers/STM32F1xx_HAL_Driver/Src/stm32f1xx_hal_adc.o
                0x0000000008002cae                ADC_DMAError
 .text.HAL_ADC_ConfigChannel
                0x0000000008002cc8       0xfc ./Drivers/STM32F1xx_HAL_Driver/Src/stm32f1xx_hal_adc.o
                0x0000000008002cc8                HAL_ADC_ConfigChannel
 .text.ADC_Enable
                0x0000000008002dc4       0x78 ./Drivers/STM32F1xx_HAL_Driver/Src/stm32f1xx_hal_adc.o
                0x0000000008002dc4                ADC_Enable
 .text.HAL_ADC_Start_DMA
                0x0000000008002e3c      0x11c ./Drivers/STM32F1xx_HAL_Driver/Src/stm32f1xx_hal_adc.o
                0x0000000008002e3c                HAL_ADC_Start_DMA
 .text.ADC_ConversionStop_Disable
                0x0000000008002f58       0x4c ./Drivers/STM32F1xx_HAL_Driver/Src/stm32f1xx_hal_adc.o
                0x0000000008002f58                ADC_ConversionStop_Disable
 .text.HAL_ADC_Init
                0x0000000008002fa4       0xfc ./Drivers/STM32F1xx_HAL_Driver/Src/stm32f1xx_hal_adc.o
                0x0000000008002fa4                HAL_ADC_Init
 .text.HAL_CAN_Init
                0x00000000080030a0       0xf6 ./Drivers/STM32F1xx_HAL_Driver/Src/stm32f1xx_hal_can.o
                0x00000000080030a0                HAL_CAN_Init
 .text.HAL_CAN_ConfigFilter
                0x0000000008003196       0xe0 ./Drivers/STM32F1xx_HAL_Driver/Src/stm32f1xx_hal_can.o
                0x0000000008003196                HAL_CAN_ConfigFilter
 .text.HAL_CAN_Start
                0x0000000008003276       0x5c ./Drivers/STM32F1xx_HAL_Driver/Src/stm32f1xx_hal_can.o
                0x0000000008003276                HAL_CAN_Start
 .text.HAL_CAN_AddTxMessage
                0x00000000080032d2       0x98 ./Drivers/STM32F1xx_HAL_Driver/Src/stm32f1xx_hal_can.o
                0x00000000080032d2                HAL_CAN_AddTxMessage
 .text.HAL_CAN_GetTxMailboxesFreeLevel
                0x000000000800336a       0x28 ./Drivers/STM32F1xx_HAL_Driver/Src/stm32f1xx_hal_can.o
                0x000000000800336a                HAL_CAN_GetTxMailboxesFreeLevel
 .text.HAL_CAN_IsTxMessagePending
                0x0000000008003392       0x22 ./Drivers/STM32F1xx_HAL_Driver/Src/stm32f1xx_hal_can.o
                0x0000000008003392                HAL_CAN_IsTxMessagePending
 .text.HAL_CAN_GetRxMessage
                0x00000000080033b4       0xfc ./Drivers/STM32F1xx_HAL_Driver/Src/stm32f1xx_hal_can.o
                0x00000000080033b4                HAL_CAN_GetRxMessage
 .text.HAL_CAN_GetRxFifoFillLevel
                0x00000000080034b0       0x1e ./Drivers/STM32F1xx_HAL_Driver/Src/stm32f1xx_hal_can.o
                0x00000000080034b0                HAL_CAN_GetRxFifoFillLevel
 *fill*         0x00000000080034ce        0x2 
 .text.HAL_NVIC_SetPriorityGrouping
                0x00000000080034d0       0x24 ./Drivers/STM32F1xx_HAL_Driver/Src/stm32f1xx_hal_cortex.o
                0x00000000080034d0                HAL_NVIC_SetPriorityGrouping
 .text.HAL_NVIC_SetPriority
                0x00000000080034f4       0x60 ./Drivers/STM32F1xx_HAL_Driver/Src/stm32f1xx_hal_cortex.o
                0x00000000080034f4                HAL_NVIC_SetPriority
 .text.HAL_NVIC_EnableIRQ
                0x0000000008003554       0x1c ./Drivers/STM32F1xx_HAL_Driver/Src/stm32f1xx_hal_cortex.o
                0x0000000008003554                HAL_NVIC_EnableIRQ
 .text.HAL_DMA_Init
                0x0000000008003570       0x64 ./Drivers/STM32F1xx_HAL_Driver/Src/stm32f1xx_hal_dma.o
                0x0000000008003570                HAL_DMA_Init
 .text.HAL_DMA_Start_IT
                0x00000000080035d4       0x7e ./Drivers/STM32F1xx_HAL_Driver/Src/stm32f1xx_hal_dma.o
                0x00000000080035d4                HAL_DMA_Start_IT
 *fill*         0x0000000008003652        0x2 
 .text.HAL_DMA_IRQHandler
                0x0000000008003654      0x128 ./Drivers/STM32F1xx_HAL_Driver/Src/stm32f1xx_hal_dma.o
                0x0000000008003654                HAL_DMA_IRQHandler
 .text.HAL_GPIO_Init
                0x000000000800377c      0x1b4 ./Drivers/STM32F1xx_HAL_Driver/Src/stm32f1xx_hal_gpio.o
                0x000000000800377c                HAL_GPIO_Init
 .text.HAL_GPIO_WritePin
                0x0000000008003930        0xa ./Drivers/STM32F1xx_HAL_Driver/Src/stm32f1xx_hal_gpio.o
                0x0000000008003930                HAL_GPIO_WritePin
 *fill*         0x000000000800393a        0x2 
 .text.HAL_GPIO_EXTI_IRQHandler
                0x000000000800393c       0x18 ./Drivers/STM32F1xx_HAL_Driver/Src/stm32f1xx_hal_gpio.o
                0x000000000800393c                HAL_GPIO_EXTI_IRQHandler
 .text.I2C_IsAcknowledgeFailed
                0x0000000008003954       0x32 ./Drivers/STM32F1xx_HAL_Driver/Src/stm32f1xx_hal_i2c.o
 .text.I2C_WaitOnFlagUntilTimeout
                0x0000000008003986       0x80 ./Drivers/STM32F1xx_HAL_Driver/Src/stm32f1xx_hal_i2c.o
 .text.I2C_WaitOnMasterAddressFlagUntilTimeout
                0x0000000008003a06       0x84 ./Drivers/STM32F1xx_HAL_Driver/Src/stm32f1xx_hal_i2c.o
 .text.I2C_WaitOnTXEFlagUntilTimeout
                0x0000000008003a8a       0x54 ./Drivers/STM32F1xx_HAL_Driver/Src/stm32f1xx_hal_i2c.o
 *fill*         0x0000000008003ade        0x2 
 .text.I2C_RequestMemoryWrite
                0x0000000008003ae0       0xb0 ./Drivers/STM32F1xx_HAL_Driver/Src/stm32f1xx_hal_i2c.o
 .text.I2C_RequestMemoryRead
                0x0000000008003b90      0x104 ./Drivers/STM32F1xx_HAL_Driver/Src/stm32f1xx_hal_i2c.o
 .text.I2C_WaitOnBTFFlagUntilTimeout
                0x0000000008003c94       0x54 ./Drivers/STM32F1xx_HAL_Driver/Src/stm32f1xx_hal_i2c.o
 .text.I2C_WaitOnRXNEFlagUntilTimeout
                0x0000000008003ce8       0x66 ./Drivers/STM32F1xx_HAL_Driver/Src/stm32f1xx_hal_i2c.o
 *fill*         0x0000000008003d4e        0x2 
 .text.HAL_I2C_Init
                0x0000000008003d50      0x150 ./Drivers/STM32F1xx_HAL_Driver/Src/stm32f1xx_hal_i2c.o
                0x0000000008003d50                HAL_I2C_Init
 .text.HAL_I2C_Mem_Write
                0x0000000008003ea0      0x120 ./Drivers/STM32F1xx_HAL_Driver/Src/stm32f1xx_hal_i2c.o
                0x0000000008003ea0                HAL_I2C_Mem_Write
 .text.HAL_I2C_Mem_Read
                0x0000000008003fc0      0x27c ./Drivers/STM32F1xx_HAL_Driver/Src/stm32f1xx_hal_i2c.o
                0x0000000008003fc0                HAL_I2C_Mem_Read
 .text.HAL_RCC_OscConfig
                0x000000000800423c      0x338 ./Drivers/STM32F1xx_HAL_Driver/Src/stm32f1xx_hal_rcc.o
                0x000000000800423c                HAL_RCC_OscConfig
 .text.HAL_RCC_GetSysClockFreq
                0x0000000008004574       0x4c ./Drivers/STM32F1xx_HAL_Driver/Src/stm32f1xx_hal_rcc.o
                0x0000000008004574                HAL_RCC_GetSysClockFreq
 .text.HAL_RCC_ClockConfig
                0x00000000080045c0      0x138 ./Drivers/STM32F1xx_HAL_Driver/Src/stm32f1xx_hal_rcc.o
                0x00000000080045c0                HAL_RCC_ClockConfig
 .text.HAL_RCC_GetPCLK1Freq
                0x00000000080046f8       0x20 ./Drivers/STM32F1xx_HAL_Driver/Src/stm32f1xx_hal_rcc.o
                0x00000000080046f8                HAL_RCC_GetPCLK1Freq
 .text.HAL_RCC_GetPCLK2Freq
                0x0000000008004718       0x20 ./Drivers/STM32F1xx_HAL_Driver/Src/stm32f1xx_hal_rcc.o
                0x0000000008004718                HAL_RCC_GetPCLK2Freq
 .text.HAL_RCC_GetClockConfig
                0x0000000008004738       0x3c ./Drivers/STM32F1xx_HAL_Driver/Src/stm32f1xx_hal_rcc.o
                0x0000000008004738                HAL_RCC_GetClockConfig
 .text.HAL_RCCEx_PeriphCLKConfig
                0x0000000008004774       0xf4 ./Drivers/STM32F1xx_HAL_Driver/Src/stm32f1xx_hal_rcc_ex.o
                0x0000000008004774                HAL_RCCEx_PeriphCLKConfig
 .text.SPI_WaitFlagStateUntilTimeout.constprop.0
                0x0000000008004868       0xac ./Drivers/STM32F1xx_HAL_Driver/Src/stm32f1xx_hal_spi.o
 .text.SPI_EndRxTransaction
                0x0000000008004914       0x4e ./Drivers/STM32F1xx_HAL_Driver/Src/stm32f1xx_hal_spi.o
 .text.SPI_EndRxTxTransaction
                0x0000000008004962       0x1c ./Drivers/STM32F1xx_HAL_Driver/Src/stm32f1xx_hal_spi.o
 .text.HAL_SPI_Init
                0x000000000800497e       0xb0 ./Drivers/STM32F1xx_HAL_Driver/Src/stm32f1xx_hal_spi.o
                0x000000000800497e                HAL_SPI_Init
 .text.HAL_SPI_Transmit
                0x0000000008004a2e      0x168 ./Drivers/STM32F1xx_HAL_Driver/Src/stm32f1xx_hal_spi.o
                0x0000000008004a2e                HAL_SPI_Transmit
 .text.HAL_SPI_TransmitReceive
                0x0000000008004b96      0x1ea ./Drivers/STM32F1xx_HAL_Driver/Src/stm32f1xx_hal_spi.o
                0x0000000008004b96                HAL_SPI_TransmitReceive
 .text.HAL_SPI_Receive
                0x0000000008004d80      0x14a ./Drivers/STM32F1xx_HAL_Driver/Src/stm32f1xx_hal_spi.o
                0x0000000008004d80                HAL_SPI_Receive
 *fill*         0x0000000008004eca        0x2 
 .text.TIM_OC1_SetConfig
                0x0000000008004ecc       0x50 ./Drivers/STM32F1xx_HAL_Driver/Src/stm32f1xx_hal_tim.o
 .text.TIM_OC3_SetConfig
                0x0000000008004f1c       0x54 ./Drivers/STM32F1xx_HAL_Driver/Src/stm32f1xx_hal_tim.o
 .text.TIM_OC4_SetConfig
                0x0000000008004f70       0x44 ./Drivers/STM32F1xx_HAL_Driver/Src/stm32f1xx_hal_tim.o
 .text.HAL_TIM_Base_Start_IT
                0x0000000008004fb4       0x54 ./Drivers/STM32F1xx_HAL_Driver/Src/stm32f1xx_hal_tim.o
                0x0000000008004fb4                HAL_TIM_Base_Start_IT
 .text.HAL_TIM_OC_DelayElapsedCallback
                0x0000000008005008        0x2 ./Drivers/STM32F1xx_HAL_Driver/Src/stm32f1xx_hal_tim.o
                0x0000000008005008                HAL_TIM_OC_DelayElapsedCallback
 .text.HAL_TIM_IC_CaptureCallback
                0x000000000800500a        0x2 ./Drivers/STM32F1xx_HAL_Driver/Src/stm32f1xx_hal_tim.o
                0x000000000800500a                HAL_TIM_IC_CaptureCallback
 .text.HAL_TIM_PWM_PulseFinishedCallback
                0x000000000800500c        0x2 ./Drivers/STM32F1xx_HAL_Driver/Src/stm32f1xx_hal_tim.o
                0x000000000800500c                HAL_TIM_PWM_PulseFinishedCallback
 .text.HAL_TIM_TriggerCallback
                0x000000000800500e        0x2 ./Drivers/STM32F1xx_HAL_Driver/Src/stm32f1xx_hal_tim.o
                0x000000000800500e                HAL_TIM_TriggerCallback
 .text.HAL_TIM_IRQHandler
                0x0000000008005010      0x144 ./Drivers/STM32F1xx_HAL_Driver/Src/stm32f1xx_hal_tim.o
                0x0000000008005010                HAL_TIM_IRQHandler
 .text.TIM_Base_SetConfig
                0x0000000008005154       0x70 ./Drivers/STM32F1xx_HAL_Driver/Src/stm32f1xx_hal_tim.o
                0x0000000008005154                TIM_Base_SetConfig
 .text.HAL_TIM_Base_Init
                0x00000000080051c4       0x58 ./Drivers/STM32F1xx_HAL_Driver/Src/stm32f1xx_hal_tim.o
                0x00000000080051c4                HAL_TIM_Base_Init
 .text.HAL_TIM_PWM_Init
                0x000000000800521c       0x58 ./Drivers/STM32F1xx_HAL_Driver/Src/stm32f1xx_hal_tim.o
                0x000000000800521c                HAL_TIM_PWM_Init
 .text.TIM_OC2_SetConfig
                0x0000000008005274       0x58 ./Drivers/STM32F1xx_HAL_Driver/Src/stm32f1xx_hal_tim.o
                0x0000000008005274                TIM_OC2_SetConfig
 .text.HAL_TIM_PWM_ConfigChannel
                0x00000000080052cc       0xb2 ./Drivers/STM32F1xx_HAL_Driver/Src/stm32f1xx_hal_tim.o
                0x00000000080052cc                HAL_TIM_PWM_ConfigChannel
 .text.TIM_ETR_SetConfig
                0x000000000800537e       0x14 ./Drivers/STM32F1xx_HAL_Driver/Src/stm32f1xx_hal_tim.o
                0x000000000800537e                TIM_ETR_SetConfig
 .text.HAL_TIM_ConfigClockSource
                0x0000000008005392      0x132 ./Drivers/STM32F1xx_HAL_Driver/Src/stm32f1xx_hal_tim.o
                0x0000000008005392                HAL_TIM_ConfigClockSource
 .text.TIM_CCxChannelCmd
                0x00000000080054c4       0x1c ./Drivers/STM32F1xx_HAL_Driver/Src/stm32f1xx_hal_tim.o
                0x00000000080054c4                TIM_CCxChannelCmd
 .text.HAL_TIM_OC_Start
                0x00000000080054e0       0xa0 ./Drivers/STM32F1xx_HAL_Driver/Src/stm32f1xx_hal_tim.o
                0x00000000080054e0                HAL_TIM_OC_Start
 .text.HAL_TIM_PWM_Start
                0x0000000008005580        0x4 ./Drivers/STM32F1xx_HAL_Driver/Src/stm32f1xx_hal_tim.o
                0x0000000008005580                HAL_TIM_PWM_Start
 .text.HAL_TIMEx_MasterConfigSynchronization
                0x0000000008005584       0x5c ./Drivers/STM32F1xx_HAL_Driver/Src/stm32f1xx_hal_tim_ex.o
                0x0000000008005584                HAL_TIMEx_MasterConfigSynchronization
 .text.HAL_TIMEx_CommutCallback
                0x00000000080055e0        0x2 ./Drivers/STM32F1xx_HAL_Driver/Src/stm32f1xx_hal_tim_ex.o
                0x00000000080055e0                HAL_TIMEx_CommutCallback
 .text.HAL_TIMEx_BreakCallback
                0x00000000080055e2        0x2 ./Drivers/STM32F1xx_HAL_Driver/Src/stm32f1xx_hal_tim_ex.o
                0x00000000080055e2                HAL_TIMEx_BreakCallback
 .text.UART_EndRxTransfer
                0x00000000080055e4       0x5c ./Drivers/STM32F1xx_HAL_Driver/Src/stm32f1xx_hal_uart.o
 .text.UART_SetConfig
                0x0000000008005640       0x74 ./Drivers/STM32F1xx_HAL_Driver/Src/stm32f1xx_hal_uart.o
 .text.UART_WaitOnFlagUntilTimeout.constprop.0
                0x00000000080056b4       0x6c ./Drivers/STM32F1xx_HAL_Driver/Src/stm32f1xx_hal_uart.o
 .text.HAL_UART_Init
                0x0000000008005720       0x5e ./Drivers/STM32F1xx_HAL_Driver/Src/stm32f1xx_hal_uart.o
                0x0000000008005720                HAL_UART_Init
 .text.HAL_UART_Transmit
                0x000000000800577e       0x96 ./Drivers/STM32F1xx_HAL_Driver/Src/stm32f1xx_hal_uart.o
                0x000000000800577e                HAL_UART_Transmit
 .text.HAL_UART_RxCpltCallback
                0x0000000008005814        0x2 ./Drivers/STM32F1xx_HAL_Driver/Src/stm32f1xx_hal_uart.o
                0x0000000008005814                HAL_UART_RxCpltCallback
 .text.HAL_UART_RxHalfCpltCallback
                0x0000000008005816        0x2 ./Drivers/STM32F1xx_HAL_Driver/Src/stm32f1xx_hal_uart.o
                0x0000000008005816                HAL_UART_RxHalfCpltCallback
 .text.HAL_UART_ErrorCallback
                0x0000000008005818        0x2 ./Drivers/STM32F1xx_HAL_Driver/Src/stm32f1xx_hal_uart.o
                0x0000000008005818                HAL_UART_ErrorCallback
 .text.UART_DMAError
                0x000000000800581a       0x5a ./Drivers/STM32F1xx_HAL_Driver/Src/stm32f1xx_hal_uart.o
 .text.HAL_UARTEx_RxEventCallback
                0x0000000008005874        0x2 ./Drivers/STM32F1xx_HAL_Driver/Src/stm32f1xx_hal_uart.o
                0x0000000008005874                HAL_UARTEx_RxEventCallback
 .text.UART_DMARxHalfCplt
                0x0000000008005876       0x1e ./Drivers/STM32F1xx_HAL_Driver/Src/stm32f1xx_hal_uart.o
 .text.UART_DMAReceiveCplt
                0x0000000008005894       0x98 ./Drivers/STM32F1xx_HAL_Driver/Src/stm32f1xx_hal_uart.o
 .text.UART_Start_Receive_DMA
                0x000000000800592c       0x98 ./Drivers/STM32F1xx_HAL_Driver/Src/stm32f1xx_hal_uart.o
                0x000000000800592c                UART_Start_Receive_DMA
 .text.HAL_UART_Receive_DMA
                0x00000000080059c4       0x22 ./Drivers/STM32F1xx_HAL_Driver/Src/stm32f1xx_hal_uart.o
                0x00000000080059c4                HAL_UART_Receive_DMA
 *fill*         0x00000000080059e6        0x2 
 .text.osKernelInitialize
                0x00000000080059e8       0x38 ./Middlewares/Third_Party/FreeRTOS/Source/CMSIS_RTOS_V2/cmsis_os2.o
                0x00000000080059e8                osKernelInitialize
 .text.osKernelStart
                0x0000000008005a20       0x40 ./Middlewares/Third_Party/FreeRTOS/Source/CMSIS_RTOS_V2/cmsis_os2.o
                0x0000000008005a20                osKernelStart
 .text.osThreadNew
                0x0000000008005a60       0xb8 ./Middlewares/Third_Party/FreeRTOS/Source/CMSIS_RTOS_V2/cmsis_os2.o
                0x0000000008005a60                osThreadNew
 .text.osDelay  0x0000000008005b18       0x38 ./Middlewares/Third_Party/FreeRTOS/Source/CMSIS_RTOS_V2/cmsis_os2.o
                0x0000000008005b18                osDelay
 .text.vApplicationGetIdleTaskMemory
                0x0000000008005b50       0x18 ./Middlewares/Third_Party/FreeRTOS/Source/CMSIS_RTOS_V2/cmsis_os2.o
                0x0000000008005b50                vApplicationGetIdleTaskMemory
 .text.vApplicationGetTimerTaskMemory
                0x0000000008005b68       0x18 ./Middlewares/Third_Party/FreeRTOS/Source/CMSIS_RTOS_V2/cmsis_os2.o
                0x0000000008005b68                vApplicationGetTimerTaskMemory
 .text.vListInitialise
                0x0000000008005b80       0x16 ./Middlewares/Third_Party/FreeRTOS/Source/list.o
                0x0000000008005b80                vListInitialise
 .text.vListInitialiseItem
                0x0000000008005b96        0x6 ./Middlewares/Third_Party/FreeRTOS/Source/list.o
                0x0000000008005b96                vListInitialiseItem
 .text.vListInsertEnd
                0x0000000008005b9c       0x18 ./Middlewares/Third_Party/FreeRTOS/Source/list.o
                0x0000000008005b9c                vListInsertEnd
 .text.vListInsert
                0x0000000008005bb4       0x2e ./Middlewares/Third_Party/FreeRTOS/Source/list.o
                0x0000000008005bb4                vListInsert
 .text.uxListRemove
                0x0000000008005be2       0x20 ./Middlewares/Third_Party/FreeRTOS/Source/list.o
                0x0000000008005be2                uxListRemove
 .text.prvIsQueueEmpty
                0x0000000008005c02       0x16 ./Middlewares/Third_Party/FreeRTOS/Source/queue.o
 .text.prvCopyDataToQueue
                0x0000000008005c18       0x6a ./Middlewares/Third_Party/FreeRTOS/Source/queue.o
 .text.prvCopyDataFromQueue
                0x0000000008005c82       0x28 ./Middlewares/Third_Party/FreeRTOS/Source/queue.o
 .text.prvUnlockQueue
                0x0000000008005caa       0x70 ./Middlewares/Third_Party/FreeRTOS/Source/queue.o
 .text.xQueueGenericReset
                0x0000000008005d1a       0x7e ./Middlewares/Third_Party/FreeRTOS/Source/queue.o
                0x0000000008005d1a                xQueueGenericReset
 .text.xQueueGenericCreateStatic
                0x0000000008005d98       0x9a ./Middlewares/Third_Party/FreeRTOS/Source/queue.o
                0x0000000008005d98                xQueueGenericCreateStatic
 .text.xQueueGenericSend
                0x0000000008005e32      0x166 ./Middlewares/Third_Party/FreeRTOS/Source/queue.o
                0x0000000008005e32                xQueueGenericSend
 .text.xQueueGenericSendFromISR
                0x0000000008005f98       0xc2 ./Middlewares/Third_Party/FreeRTOS/Source/queue.o
                0x0000000008005f98                xQueueGenericSendFromISR
 .text.xQueueReceive
                0x000000000800605a      0x13e ./Middlewares/Third_Party/FreeRTOS/Source/queue.o
                0x000000000800605a                xQueueReceive
 .text.vQueueAddToRegistry
                0x0000000008006198       0x24 ./Middlewares/Third_Party/FreeRTOS/Source/queue.o
                0x0000000008006198                vQueueAddToRegistry
 .text.vQueueWaitForMessageRestricted
                0x00000000080061bc       0x46 ./Middlewares/Third_Party/FreeRTOS/Source/queue.o
                0x00000000080061bc                vQueueWaitForMessageRestricted
 *fill*         0x0000000008006202        0x2 
 .text.prvAddNewTaskToReadyList
                0x0000000008006204      0x100 ./Middlewares/Third_Party/FreeRTOS/Source/tasks.o
 .text.prvAddCurrentTaskToDelayedList
                0x0000000008006304       0x70 ./Middlewares/Third_Party/FreeRTOS/Source/tasks.o
 .text.prvResetNextTaskUnblockTime
                0x0000000008006374       0x24 ./Middlewares/Third_Party/FreeRTOS/Source/tasks.o
 .text.prvDeleteTCB
                0x0000000008006398       0x3c ./Middlewares/Third_Party/FreeRTOS/Source/tasks.o
 .text.prvIdleTask
                0x00000000080063d4       0x60 ./Middlewares/Third_Party/FreeRTOS/Source/tasks.o
 .text.prvInitialiseNewTask.constprop.0
                0x0000000008006434       0xac ./Middlewares/Third_Party/FreeRTOS/Source/tasks.o
 .text.xTaskCreateStatic
                0x00000000080064e0       0x6e ./Middlewares/Third_Party/FreeRTOS/Source/tasks.o
                0x00000000080064e0                xTaskCreateStatic
 .text.xTaskCreate
                0x000000000800654e       0x5a ./Middlewares/Third_Party/FreeRTOS/Source/tasks.o
                0x000000000800654e                xTaskCreate
 .text.vTaskStartScheduler
                0x00000000080065a8       0xa0 ./Middlewares/Third_Party/FreeRTOS/Source/tasks.o
                0x00000000080065a8                vTaskStartScheduler
 .text.vTaskSuspendAll
                0x0000000008006648       0x10 ./Middlewares/Third_Party/FreeRTOS/Source/tasks.o
                0x0000000008006648                vTaskSuspendAll
 .text.xTaskGetTickCount
                0x0000000008006658        0xc ./Middlewares/Third_Party/FreeRTOS/Source/tasks.o
                0x0000000008006658                xTaskGetTickCount
 .text.xTaskIncrementTick
                0x0000000008006664      0x120 ./Middlewares/Third_Party/FreeRTOS/Source/tasks.o
                0x0000000008006664                xTaskIncrementTick
 .text.xTaskResumeAll
                0x0000000008006784       0xe8 ./Middlewares/Third_Party/FreeRTOS/Source/tasks.o
                0x0000000008006784                xTaskResumeAll
 .text.vTaskDelay
                0x000000000800686c       0x48 ./Middlewares/Third_Party/FreeRTOS/Source/tasks.o
                0x000000000800686c                vTaskDelay
 .text.vTaskSwitchContext
                0x00000000080068b4       0x84 ./Middlewares/Third_Party/FreeRTOS/Source/tasks.o
                0x00000000080068b4                vTaskSwitchContext
 .text.vTaskPlaceOnEventList
                0x0000000008006938       0x34 ./Middlewares/Third_Party/FreeRTOS/Source/tasks.o
                0x0000000008006938                vTaskPlaceOnEventList
 .text.vTaskPlaceOnEventListRestricted
                0x000000000800696c       0x40 ./Middlewares/Third_Party/FreeRTOS/Source/tasks.o
                0x000000000800696c                vTaskPlaceOnEventListRestricted
 .text.xTaskRemoveFromEventList
                0x00000000080069ac       0x80 ./Middlewares/Third_Party/FreeRTOS/Source/tasks.o
                0x00000000080069ac                xTaskRemoveFromEventList
 .text.vTaskInternalSetTimeOutState
                0x0000000008006a2c       0x18 ./Middlewares/Third_Party/FreeRTOS/Source/tasks.o
                0x0000000008006a2c                vTaskInternalSetTimeOutState
 .text.xTaskCheckForTimeOut
                0x0000000008006a44       0x78 ./Middlewares/Third_Party/FreeRTOS/Source/tasks.o
                0x0000000008006a44                xTaskCheckForTimeOut
 .text.vTaskMissedYield
                0x0000000008006abc        0xc ./Middlewares/Third_Party/FreeRTOS/Source/tasks.o
                0x0000000008006abc                vTaskMissedYield
 .text.xTaskGetSchedulerState
                0x0000000008006ac8       0x20 ./Middlewares/Third_Party/FreeRTOS/Source/tasks.o
                0x0000000008006ac8                xTaskGetSchedulerState
 .text.xTaskPriorityDisinherit
                0x0000000008006ae8       0x84 ./Middlewares/Third_Party/FreeRTOS/Source/tasks.o
                0x0000000008006ae8                xTaskPriorityDisinherit
 .text.prvCheckForValidListAndQueue
                0x0000000008006b6c       0x68 ./Middlewares/Third_Party/FreeRTOS/Source/timers.o
 .text.prvInsertTimerInActiveList
                0x0000000008006bd4       0x3c ./Middlewares/Third_Party/FreeRTOS/Source/timers.o
 .text.xTimerCreateTimerTask
                0x0000000008006c10       0x64 ./Middlewares/Third_Party/FreeRTOS/Source/timers.o
                0x0000000008006c10                xTimerCreateTimerTask
 .text.xTimerGenericCommand
                0x0000000008006c74       0x58 ./Middlewares/Third_Party/FreeRTOS/Source/timers.o
                0x0000000008006c74                xTimerGenericCommand
 .text.prvSampleTimeNow
                0x0000000008006ccc       0xa8 ./Middlewares/Third_Party/FreeRTOS/Source/timers.o
 .text.prvTimerTask
                0x0000000008006d74      0x1b8 ./Middlewares/Third_Party/FreeRTOS/Source/timers.o
 .text.prvPortStartFirstTask
                0x0000000008006f2c       0x20 ./Middlewares/Third_Party/FreeRTOS/Source/portable/GCC/ARM_CM3/port.o
 .text.prvTaskExitError
                0x0000000008006f4c       0x40 ./Middlewares/Third_Party/FreeRTOS/Source/portable/GCC/ARM_CM3/port.o
 .text.pxPortInitialiseStack
                0x0000000008006f8c       0x24 ./Middlewares/Third_Party/FreeRTOS/Source/portable/GCC/ARM_CM3/port.o
                0x0000000008006f8c                pxPortInitialiseStack
 .text.SVC_Handler
                0x0000000008006fb0       0x24 ./Middlewares/Third_Party/FreeRTOS/Source/portable/GCC/ARM_CM3/port.o
                0x0000000008006fb0                SVC_Handler
 .text.vPortEnterCritical
                0x0000000008006fd4       0x40 ./Middlewares/Third_Party/FreeRTOS/Source/portable/GCC/ARM_CM3/port.o
                0x0000000008006fd4                vPortEnterCritical
 .text.vPortExitCritical
                0x0000000008007014       0x28 ./Middlewares/Third_Party/FreeRTOS/Source/portable/GCC/ARM_CM3/port.o
                0x0000000008007014                vPortExitCritical
 *fill*         0x000000000800703c        0x4 
 .text.PendSV_Handler
                0x0000000008007040       0x44 ./Middlewares/Third_Party/FreeRTOS/Source/portable/GCC/ARM_CM3/port.o
                0x0000000008007040                PendSV_Handler
 .text.SysTick_Handler
                0x0000000008007084       0x2c ./Middlewares/Third_Party/FreeRTOS/Source/portable/GCC/ARM_CM3/port.o
                0x0000000008007084                SysTick_Handler
 .text.vPortSetupTimerInterrupt
                0x00000000080070b0       0x24 ./Middlewares/Third_Party/FreeRTOS/Source/portable/GCC/ARM_CM3/port.o
                0x00000000080070b0                vPortSetupTimerInterrupt
 .text.xPortStartScheduler
                0x00000000080070d4       0xb8 ./Middlewares/Third_Party/FreeRTOS/Source/portable/GCC/ARM_CM3/port.o
                0x00000000080070d4                xPortStartScheduler
 .text.vPortValidateInterruptPriority
                0x000000000800718c       0x5c ./Middlewares/Third_Party/FreeRTOS/Source/portable/GCC/ARM_CM3/port.o
                0x000000000800718c                vPortValidateInterruptPriority
 .text.prvInsertBlockIntoFreeList
                0x00000000080071e8       0x4c ./Middlewares/Third_Party/FreeRTOS/Source/portable/MemMang/heap_4.o
 .text.pvPortMalloc
                0x0000000008007234      0x124 ./Middlewares/Third_Party/FreeRTOS/Source/portable/MemMang/heap_4.o
                0x0000000008007234                pvPortMalloc
 .text.vPortFree
                0x0000000008007358       0x70 ./Middlewares/Third_Party/FreeRTOS/Source/portable/MemMang/heap_4.o
                0x0000000008007358                vPortFree
 .text.atoi     0x00000000080073c8        0x8 /opt/st/stm32cubeide_1.14.0/plugins/com.st.stm32cube.ide.mcu.externaltools.gnu-tools-for-stm32.11.3.rel1.linux64_1.1.100.202309141235/tools/bin/../lib/gcc/arm-none-eabi/11.3.1/../../../../arm-none-eabi/lib/thumb/v7-m/nofp/libc_nano.a(libc_a-atoi.o)
                0x00000000080073c8                atoi
 .text._strtol_l.constprop.0
                0x00000000080073d0       0xfc /opt/st/stm32cubeide_1.14.0/plugins/com.st.stm32cube.ide.mcu.externaltools.gnu-tools-for-stm32.11.3.rel1.linux64_1.1.100.202309141235/tools/bin/../lib/gcc/arm-none-eabi/11.3.1/../../../../arm-none-eabi/lib/thumb/v7-m/nofp/libc_nano.a(libc_a-strtol.o)
 .text.strtol   0x00000000080074cc       0x14 /opt/st/stm32cubeide_1.14.0/plugins/com.st.stm32cube.ide.mcu.externaltools.gnu-tools-for-stm32.11.3.rel1.linux64_1.1.100.202309141235/tools/bin/../lib/gcc/arm-none-eabi/11.3.1/../../../../arm-none-eabi/lib/thumb/v7-m/nofp/libc_nano.a(libc_a-strtol.o)
                0x00000000080074cc                strtol
 .text.sprintf  0x00000000080074e0       0x40 /opt/st/stm32cubeide_1.14.0/plugins/com.st.stm32cube.ide.mcu.externaltools.gnu-tools-for-stm32.11.3.rel1.linux64_1.1.100.202309141235/tools/bin/../lib/gcc/arm-none-eabi/11.3.1/../../../../arm-none-eabi/lib/thumb/v7-m/nofp/libc_nano.a(libc_a-sprintf.o)
                0x00000000080074e0                sprintf
                0x00000000080074e0                siprintf
 .text.memset   0x0000000008007520       0x10 /opt/st/stm32cubeide_1.14.0/plugins/com.st.stm32cube.ide.mcu.externaltools.gnu-tools-for-stm32.11.3.rel1.linux64_1.1.100.202309141235/tools/bin/../lib/gcc/arm-none-eabi/11.3.1/../../../../arm-none-eabi/lib/thumb/v7-m/nofp/libc_nano.a(libc_a-memset.o)
                0x0000000008007520                memset
 .text._reclaim_reent
                0x0000000008007530       0xac /opt/st/stm32cubeide_1.14.0/plugins/com.st.stm32cube.ide.mcu.externaltools.gnu-tools-for-stm32.11.3.rel1.linux64_1.1.100.202309141235/tools/bin/../lib/gcc/arm-none-eabi/11.3.1/../../../../arm-none-eabi/lib/thumb/v7-m/nofp/libc_nano.a(libc_a-reent.o)
                0x0000000008007530                _reclaim_reent
 .text.__errno  0x00000000080075dc        0xc /opt/st/stm32cubeide_1.14.0/plugins/com.st.stm32cube.ide.mcu.externaltools.gnu-tools-for-stm32.11.3.rel1.linux64_1.1.100.202309141235/tools/bin/../lib/gcc/arm-none-eabi/11.3.1/../../../../arm-none-eabi/lib/thumb/v7-m/nofp/libc_nano.a(libc_a-errno.o)
                0x00000000080075dc                __errno
 .text.__libc_init_array
                0x00000000080075e8       0x48 /opt/st/stm32cubeide_1.14.0/plugins/com.st.stm32cube.ide.mcu.externaltools.gnu-tools-for-stm32.11.3.rel1.linux64_1.1.100.202309141235/tools/bin/../lib/gcc/arm-none-eabi/11.3.1/../../../../arm-none-eabi/lib/thumb/v7-m/nofp/libc_nano.a(libc_a-init.o)
                0x00000000080075e8                __libc_init_array
 .text.__retarget_lock_acquire_recursive
                0x0000000008007630        0x2 /opt/st/stm32cubeide_1.14.0/plugins/com.st.stm32cube.ide.mcu.externaltools.gnu-tools-for-stm32.11.3.rel1.linux64_1.1.100.202309141235/tools/bin/../lib/gcc/arm-none-eabi/11.3.1/../../../../arm-none-eabi/lib/thumb/v7-m/nofp/libc_nano.a(libc_a-lock.o)
                0x0000000008007630                __retarget_lock_acquire_recursive
 .text.__retarget_lock_release_recursive
                0x0000000008007632        0x2 /opt/st/stm32cubeide_1.14.0/plugins/com.st.stm32cube.ide.mcu.externaltools.gnu-tools-for-stm32.11.3.rel1.linux64_1.1.100.202309141235/tools/bin/../lib/gcc/arm-none-eabi/11.3.1/../../../../arm-none-eabi/lib/thumb/v7-m/nofp/libc_nano.a(libc_a-lock.o)
                0x0000000008007632                __retarget_lock_release_recursive
 .text.strcpy   0x0000000008007634       0x10 /opt/st/stm32cubeide_1.14.0/plugins/com.st.stm32cube.ide.mcu.externaltools.gnu-tools-for-stm32.11.3.rel1.linux64_1.1.100.202309141235/tools/bin/../lib/gcc/arm-none-eabi/11.3.1/../../../../arm-none-eabi/lib/thumb/v7-m/nofp/libc_nano.a(libc_a-strcpy.o)
                0x0000000008007634                strcpy
 .text.memcpy   0x0000000008007644       0x1c /opt/st/stm32cubeide_1.14.0/plugins/com.st.stm32cube.ide.mcu.externaltools.gnu-tools-for-stm32.11.3.rel1.linux64_1.1.100.202309141235/tools/bin/../lib/gcc/arm-none-eabi/11.3.1/../../../../arm-none-eabi/lib/thumb/v7-m/nofp/libc_nano.a(libc_a-memcpy-stub.o)
                0x0000000008007644                memcpy
 .text._free_r  0x0000000008007660       0x90 /opt/st/stm32cubeide_1.14.0/plugins/com.st.stm32cube.ide.mcu.externaltools.gnu-tools-for-stm32.11.3.rel1.linux64_1.1.100.202309141235/tools/bin/../lib/gcc/arm-none-eabi/11.3.1/../../../../arm-none-eabi/lib/thumb/v7-m/nofp/libc_nano.a(libc_a-freer.o)
                0x0000000008007660                _free_r
 .text.sbrk_aligned
                0x00000000080076f0       0x40 /opt/st/stm32cubeide_1.14.0/plugins/com.st.stm32cube.ide.mcu.externaltools.gnu-tools-for-stm32.11.3.rel1.linux64_1.1.100.202309141235/tools/bin/../lib/gcc/arm-none-eabi/11.3.1/../../../../arm-none-eabi/lib/thumb/v7-m/nofp/libc_nano.a(libc_a-mallocr.o)
 .text._malloc_r
                0x0000000008007730      0x100 /opt/st/stm32cubeide_1.14.0/plugins/com.st.stm32cube.ide.mcu.externaltools.gnu-tools-for-stm32.11.3.rel1.linux64_1.1.100.202309141235/tools/bin/../lib/gcc/arm-none-eabi/11.3.1/../../../../arm-none-eabi/lib/thumb/v7-m/nofp/libc_nano.a(libc_a-mallocr.o)
                0x0000000008007730                _malloc_r
 .text.__malloc_lock
                0x0000000008007830        0xc /opt/st/stm32cubeide_1.14.0/plugins/com.st.stm32cube.ide.mcu.externaltools.gnu-tools-for-stm32.11.3.rel1.linux64_1.1.100.202309141235/tools/bin/../lib/gcc/arm-none-eabi/11.3.1/../../../../arm-none-eabi/lib/thumb/v7-m/nofp/libc_nano.a(libc_a-mlock.o)
                0x0000000008007830                __malloc_lock
 .text.__malloc_unlock
                0x000000000800783c        0xc /opt/st/stm32cubeide_1.14.0/plugins/com.st.stm32cube.ide.mcu.externaltools.gnu-tools-for-stm32.11.3.rel1.linux64_1.1.100.202309141235/tools/bin/../lib/gcc/arm-none-eabi/11.3.1/../../../../arm-none-eabi/lib/thumb/v7-m/nofp/libc_nano.a(libc_a-mlock.o)
                0x000000000800783c                __malloc_unlock
 .text.__ssputs_r
                0x0000000008007848       0xb4 /opt/st/stm32cubeide_1.14.0/plugins/com.st.stm32cube.ide.mcu.externaltools.gnu-tools-for-stm32.11.3.rel1.linux64_1.1.100.202309141235/tools/bin/../lib/gcc/arm-none-eabi/11.3.1/../../../../arm-none-eabi/lib/thumb/v7-m/nofp/libc_nano.a(libc_a-nano-svfprintf.o)
                0x0000000008007848                __ssputs_r
 .text._svfprintf_r
                0x00000000080078fc      0x1fc /opt/st/stm32cubeide_1.14.0/plugins/com.st.stm32cube.ide.mcu.externaltools.gnu-tools-for-stm32.11.3.rel1.linux64_1.1.100.202309141235/tools/bin/../lib/gcc/arm-none-eabi/11.3.1/../../../../arm-none-eabi/lib/thumb/v7-m/nofp/libc_nano.a(libc_a-nano-svfprintf.o)
                0x00000000080078fc                _svfprintf_r
                0x00000000080078fc                _svfiprintf_r
 .text._printf_common
                0x0000000008007af8       0xe4 /opt/st/stm32cubeide_1.14.0/plugins/com.st.stm32cube.ide.mcu.externaltools.gnu-tools-for-stm32.11.3.rel1.linux64_1.1.100.202309141235/tools/bin/../lib/gcc/arm-none-eabi/11.3.1/../../../../arm-none-eabi/lib/thumb/v7-m/nofp/libc_nano.a(libc_a-nano-vfprintf_i.o)
                0x0000000008007af8                _printf_common
 .text._printf_i
                0x0000000008007bdc      0x244 /opt/st/stm32cubeide_1.14.0/plugins/com.st.stm32cube.ide.mcu.externaltools.gnu-tools-for-stm32.11.3.rel1.linux64_1.1.100.202309141235/tools/bin/../lib/gcc/arm-none-eabi/11.3.1/../../../../arm-none-eabi/lib/thumb/v7-m/nofp/libc_nano.a(libc_a-nano-vfprintf_i.o)
                0x0000000008007bdc                _printf_i
 .text.memmove  0x0000000008007e20       0x34 /opt/st/stm32cubeide_1.14.0/plugins/com.st.stm32cube.ide.mcu.externaltools.gnu-tools-for-stm32.11.3.rel1.linux64_1.1.100.202309141235/tools/bin/../lib/gcc/arm-none-eabi/11.3.1/../../../../arm-none-eabi/lib/thumb/v7-m/nofp/libc_nano.a(libc_a-memmove.o)
                0x0000000008007e20                memmove
 .text._sbrk_r  0x0000000008007e54       0x20 /opt/st/stm32cubeide_1.14.0/plugins/com.st.stm32cube.ide.mcu.externaltools.gnu-tools-for-stm32.11.3.rel1.linux64_1.1.100.202309141235/tools/bin/../lib/gcc/arm-none-eabi/11.3.1/../../../../arm-none-eabi/lib/thumb/v7-m/nofp/libc_nano.a(libc_a-sbrkr.o)
                0x0000000008007e54                _sbrk_r
 .text.memchr   0x0000000008007e74       0x1c /opt/st/stm32cubeide_1.14.0/plugins/com.st.stm32cube.ide.mcu.externaltools.gnu-tools-for-stm32.11.3.rel1.linux64_1.1.100.202309141235/tools/bin/../lib/gcc/arm-none-eabi/11.3.1/../../../../arm-none-eabi/lib/thumb/v7-m/nofp/libc_nano.a(libc_a-memchr-stub.o)
                0x0000000008007e74                memchr
 .text._realloc_r
                0x0000000008007e90       0x5e /opt/st/stm32cubeide_1.14.0/plugins/com.st.stm32cube.ide.mcu.externaltools.gnu-tools-for-stm32.11.3.rel1.linux64_1.1.100.202309141235/tools/bin/../lib/gcc/arm-none-eabi/11.3.1/../../../../arm-none-eabi/lib/thumb/v7-m/nofp/libc_nano.a(libc_a-reallocr.o)
                0x0000000008007e90                _realloc_r
 .text._malloc_usable_size_r
                0x0000000008007eee       0x10 /opt/st/stm32cubeide_1.14.0/plugins/com.st.stm32cube.ide.mcu.externaltools.gnu-tools-for-stm32.11.3.rel1.linux64_1.1.100.202309141235/tools/bin/../lib/gcc/arm-none-eabi/11.3.1/../../../../arm-none-eabi/lib/thumb/v7-m/nofp/libc_nano.a(libc_a-msizer.o)
                0x0000000008007eee                _malloc_usable_size_r
 .text.atan2    0x0000000008007efe        0x4 /opt/st/stm32cubeide_1.14.0/plugins/com.st.stm32cube.ide.mcu.externaltools.gnu-tools-for-stm32.11.3.rel1.linux64_1.1.100.202309141235/tools/bin/../lib/gcc/arm-none-eabi/11.3.1/../../../../arm-none-eabi/lib/thumb/v7-m/nofp/libm.a(libm_a-w_atan2.o)
                0x0000000008007efe                atan2
 *fill*         0x0000000008007f02        0x2 
 .text.pow      0x0000000008007f04       0xd0 /opt/st/stm32cubeide_1.14.0/plugins/com.st.stm32cube.ide.mcu.externaltools.gnu-tools-for-stm32.11.3.rel1.linux64_1.1.100.202309141235/tools/bin/../lib/gcc/arm-none-eabi/11.3.1/../../../../arm-none-eabi/lib/thumb/v7-m/nofp/libm.a(libm_a-w_pow.o)
                0x0000000008007f04                pow
 .text.finite   0x0000000008007fd4        0xc /opt/st/stm32cubeide_1.14.0/plugins/com.st.stm32cube.ide.mcu.externaltools.gnu-tools-for-stm32.11.3.rel1.linux64_1.1.100.202309141235/tools/bin/../lib/gcc/arm-none-eabi/11.3.1/../../../../arm-none-eabi/lib/thumb/v7-m/nofp/libm.a(libm_a-s_finite.o)
                0x0000000008007fd4                finite
 .text.__ieee754_atan2
                0x0000000008007fe0      0x19c /opt/st/stm32cubeide_1.14.0/plugins/com.st.stm32cube.ide.mcu.externaltools.gnu-tools-for-stm32.11.3.rel1.linux64_1.1.100.202309141235/tools/bin/../lib/gcc/arm-none-eabi/11.3.1/../../../../arm-none-eabi/lib/thumb/v7-m/nofp/libm.a(libm_a-e_atan2.o)
                0x0000000008007fe0                __ieee754_atan2
 *fill*         0x000000000800817c        0x4 
 .text.__ieee754_pow
                0x0000000008008180      0xa2c /opt/st/stm32cubeide_1.14.0/plugins/com.st.stm32cube.ide.mcu.externaltools.gnu-tools-for-stm32.11.3.rel1.linux64_1.1.100.202309141235/tools/bin/../lib/gcc/arm-none-eabi/11.3.1/../../../../arm-none-eabi/lib/thumb/v7-m/nofp/libm.a(libm_a-e_pow.o)
                0x0000000008008180                __ieee754_pow
 *fill*         0x0000000008008bac        0x4 
 .text.atan     0x0000000008008bb0      0x314 /opt/st/stm32cubeide_1.14.0/plugins/com.st.stm32cube.ide.mcu.externaltools.gnu-tools-for-stm32.11.3.rel1.linux64_1.1.100.202309141235/tools/bin/../lib/gcc/arm-none-eabi/11.3.1/../../../../arm-none-eabi/lib/thumb/v7-m/nofp/libm.a(libm_a-s_atan.o)
                0x0000000008008bb0                atan
 .text.fabs     0x0000000008008ec4        0x8 /opt/st/stm32cubeide_1.14.0/plugins/com.st.stm32cube.ide.mcu.externaltools.gnu-tools-for-stm32.11.3.rel1.linux64_1.1.100.202309141235/tools/bin/../lib/gcc/arm-none-eabi/11.3.1/../../../../arm-none-eabi/lib/thumb/v7-m/nofp/libm.a(libm_a-s_fabs.o)
                0x0000000008008ec4                fabs
 *fill*         0x0000000008008ecc        0x4 
 .text.scalbn   0x0000000008008ed0       0xf4 /opt/st/stm32cubeide_1.14.0/plugins/com.st.stm32cube.ide.mcu.externaltools.gnu-tools-for-stm32.11.3.rel1.linux64_1.1.100.202309141235/tools/bin/../lib/gcc/arm-none-eabi/11.3.1/../../../../arm-none-eabi/lib/thumb/v7-m/nofp/libm.a(libm_a-s_scalbn.o)
                0x0000000008008ed0                scalbn
 .text.with_errno
                0x0000000008008fc4       0x14 /opt/st/stm32cubeide_1.14.0/plugins/com.st.stm32cube.ide.mcu.externaltools.gnu-tools-for-stm32.11.3.rel1.linux64_1.1.100.202309141235/tools/bin/../lib/gcc/arm-none-eabi/11.3.1/../../../../arm-none-eabi/lib/thumb/v7-m/nofp/libm.a(libm_a-math_err.o)
 .text.xflow    0x0000000008008fd8       0x30 /opt/st/stm32cubeide_1.14.0/plugins/com.st.stm32cube.ide.mcu.externaltools.gnu-tools-for-stm32.11.3.rel1.linux64_1.1.100.202309141235/tools/bin/../lib/gcc/arm-none-eabi/11.3.1/../../../../arm-none-eabi/lib/thumb/v7-m/nofp/libm.a(libm_a-math_err.o)
 .text.__math_uflow
                0x0000000008009008        0xa /opt/st/stm32cubeide_1.14.0/plugins/com.st.stm32cube.ide.mcu.externaltools.gnu-tools-for-stm32.11.3.rel1.linux64_1.1.100.202309141235/tools/bin/../lib/gcc/arm-none-eabi/11.3.1/../../../../arm-none-eabi/lib/thumb/v7-m/nofp/libm.a(libm_a-math_err.o)
                0x0000000008009008                __math_uflow
 .text.__math_oflow
                0x0000000008009012        0xa /opt/st/stm32cubeide_1.14.0/plugins/com.st.stm32cube.ide.mcu.externaltools.gnu-tools-for-stm32.11.3.rel1.linux64_1.1.100.202309141235/tools/bin/../lib/gcc/arm-none-eabi/11.3.1/../../../../arm-none-eabi/lib/thumb/v7-m/nofp/libm.a(libm_a-math_err.o)
                0x0000000008009012                __math_oflow
 .text.__ieee754_sqrt
                0x000000000800901c      0x1b0 /opt/st/stm32cubeide_1.14.0/plugins/com.st.stm32cube.ide.mcu.externaltools.gnu-tools-for-stm32.11.3.rel1.linux64_1.1.100.202309141235/tools/bin/../lib/gcc/arm-none-eabi/11.3.1/../../../../arm-none-eabi/lib/thumb/v7-m/nofp/libm.a(libm_a-e_sqrt.o)
                0x000000000800901c                __ieee754_sqrt
 *(.glue_7)
 .glue_7        0x00000000080091cc        0x0 linker stubs
 *(.glue_7t)
 .glue_7t       0x00000000080091cc        0x0 linker stubs
 *(.eh_frame)
 .eh_frame      0x00000000080091cc        0x0 /opt/st/stm32cubeide_1.14.0/plugins/com.st.stm32cube.ide.mcu.externaltools.gnu-tools-for-stm32.11.3.rel1.linux64_1.1.100.202309141235/tools/bin/../lib/gcc/arm-none-eabi/11.3.1/thumb/v7-m/nofp/crtbegin.o
 *(.init)
 .init          0x00000000080091cc        0x4 /opt/st/stm32cubeide_1.14.0/plugins/com.st.stm32cube.ide.mcu.externaltools.gnu-tools-for-stm32.11.3.rel1.linux64_1.1.100.202309141235/tools/bin/../lib/gcc/arm-none-eabi/11.3.1/thumb/v7-m/nofp/crti.o
                0x00000000080091cc                _init
 .init          0x00000000080091d0        0x8 /opt/st/stm32cubeide_1.14.0/plugins/com.st.stm32cube.ide.mcu.externaltools.gnu-tools-for-stm32.11.3.rel1.linux64_1.1.100.202309141235/tools/bin/../lib/gcc/arm-none-eabi/11.3.1/thumb/v7-m/nofp/crtn.o
 *(.fini)
 .fini          0x00000000080091d8        0x4 /opt/st/stm32cubeide_1.14.0/plugins/com.st.stm32cube.ide.mcu.externaltools.gnu-tools-for-stm32.11.3.rel1.linux64_1.1.100.202309141235/tools/bin/../lib/gcc/arm-none-eabi/11.3.1/thumb/v7-m/nofp/crti.o
                0x00000000080091d8                _fini
 .fini          0x00000000080091dc        0x8 /opt/st/stm32cubeide_1.14.0/plugins/com.st.stm32cube.ide.mcu.externaltools.gnu-tools-for-stm32.11.3.rel1.linux64_1.1.100.202309141235/tools/bin/../lib/gcc/arm-none-eabi/11.3.1/thumb/v7-m/nofp/crtn.o
                0x00000000080091e4                . = ALIGN (0x4)
                0x00000000080091e4                _etext = .

.vfp11_veneer   0x00000000080091e4        0x0
 .vfp11_veneer  0x00000000080091e4        0x0 linker stubs

.v4_bx          0x00000000080091e4        0x0
 .v4_bx         0x00000000080091e4        0x0 linker stubs

.iplt           0x00000000080091e4        0x0
 .iplt          0x00000000080091e4        0x0 /opt/st/stm32cubeide_1.14.0/plugins/com.st.stm32cube.ide.mcu.externaltools.gnu-tools-for-stm32.11.3.rel1.linux64_1.1.100.202309141235/tools/bin/../lib/gcc/arm-none-eabi/11.3.1/thumb/v7-m/nofp/crtbegin.o

.rodata         0x00000000080091e8      0x6b8
                0x00000000080091e8                . = ALIGN (0x4)
 *(.rodata)
 *(.rodata*)
 .rodata.printRadioSettings.str1.1
                0x00000000080091e8      0x41e ./Core/Src/MY_NRF24.o
 .rodata.NRF24_ADDR_REGS
                0x0000000008009606        0x7 ./Core/Src/MY_NRF24.o
 .rodata.RF24_RX_PW_PIPE
                0x000000000800960d        0x6 ./Core/Src/MY_NRF24.o
 .rodata.main.str1.1
                0x0000000008009613       0x4c ./Core/Src/main.o
 .rodata.str1.1
                0x000000000800965f        0xc ./Core/Src/main.o
 *fill*         0x000000000800966b        0x1 
 .rodata.defaultTask_attributes
                0x000000000800966c       0x24 ./Core/Src/main.o
                0x000000000800966c                defaultTask_attributes
 .rodata.AHBPrescTable
                0x0000000008009690       0x10 ./Core/Src/system_stm32f1xx.o
                0x0000000008009690                AHBPrescTable
 .rodata.APBPrescTable
                0x00000000080096a0        0x8 ./Core/Src/system_stm32f1xx.o
                0x00000000080096a0                APBPrescTable
 .rodata.aPLLMULFactorTable.1
                0x00000000080096a8       0x10 ./Drivers/STM32F1xx_HAL_Driver/Src/stm32f1xx_hal_rcc.o
 .rodata.aPredivFactorTable.0
                0x00000000080096b8        0x2 ./Drivers/STM32F1xx_HAL_Driver/Src/stm32f1xx_hal_rcc.o
 .rodata.vTaskStartScheduler.str1.1
                0x00000000080096ba        0x5 ./Middlewares/Third_Party/FreeRTOS/Source/tasks.o
 .rodata.prvCheckForValidListAndQueue.str1.1
                0x00000000080096bf        0x5 ./Middlewares/Third_Party/FreeRTOS/Source/timers.o
 .rodata.xTimerCreateTimerTask.str1.1
                0x00000000080096c4        0x8 ./Middlewares/Third_Party/FreeRTOS/Source/timers.o
 .rodata._ctype_
                0x00000000080096cc      0x101 /opt/st/stm32cubeide_1.14.0/plugins/com.st.stm32cube.ide.mcu.externaltools.gnu-tools-for-stm32.11.3.rel1.linux64_1.1.100.202309141235/tools/bin/../lib/gcc/arm-none-eabi/11.3.1/../../../../arm-none-eabi/lib/thumb/v7-m/nofp/libc_nano.a(libc_a-ctype_.o)
                0x00000000080096cc                _ctype_
 .rodata._svfprintf_r.str1.1
                0x00000000080097cd       0x11 /opt/st/stm32cubeide_1.14.0/plugins/com.st.stm32cube.ide.mcu.externaltools.gnu-tools-for-stm32.11.3.rel1.linux64_1.1.100.202309141235/tools/bin/../lib/gcc/arm-none-eabi/11.3.1/../../../../arm-none-eabi/lib/thumb/v7-m/nofp/libc_nano.a(libc_a-nano-svfprintf.o)
 .rodata._printf_i.str1.1
                0x00000000080097de       0x22 /opt/st/stm32cubeide_1.14.0/plugins/com.st.stm32cube.ide.mcu.externaltools.gnu-tools-for-stm32.11.3.rel1.linux64_1.1.100.202309141235/tools/bin/../lib/gcc/arm-none-eabi/11.3.1/../../../../arm-none-eabi/lib/thumb/v7-m/nofp/libc_nano.a(libc_a-nano-vfprintf_i.o)
 .rodata.CSWTCH.8
                0x0000000008009800       0x18 /opt/st/stm32cubeide_1.14.0/plugins/com.st.stm32cube.ide.mcu.externaltools.gnu-tools-for-stm32.11.3.rel1.linux64_1.1.100.202309141235/tools/bin/../lib/gcc/arm-none-eabi/11.3.1/../../../../arm-none-eabi/lib/thumb/v7-m/nofp/libm.a(libm_a-e_atan2.o)
 .rodata.CSWTCH.9
                0x0000000008009818       0x18 /opt/st/stm32cubeide_1.14.0/plugins/com.st.stm32cube.ide.mcu.externaltools.gnu-tools-for-stm32.11.3.rel1.linux64_1.1.100.202309141235/tools/bin/../lib/gcc/arm-none-eabi/11.3.1/../../../../arm-none-eabi/lib/thumb/v7-m/nofp/libm.a(libm_a-e_atan2.o)
 .rodata.bp     0x0000000008009830       0x10 /opt/st/stm32cubeide_1.14.0/plugins/com.st.stm32cube.ide.mcu.externaltools.gnu-tools-for-stm32.11.3.rel1.linux64_1.1.100.202309141235/tools/bin/../lib/gcc/arm-none-eabi/11.3.1/../../../../arm-none-eabi/lib/thumb/v7-m/nofp/libm.a(libm_a-e_pow.o)
 .rodata.dp_h   0x0000000008009840       0x10 /opt/st/stm32cubeide_1.14.0/plugins/com.st.stm32cube.ide.mcu.externaltools.gnu-tools-for-stm32.11.3.rel1.linux64_1.1.100.202309141235/tools/bin/../lib/gcc/arm-none-eabi/11.3.1/../../../../arm-none-eabi/lib/thumb/v7-m/nofp/libm.a(libm_a-e_pow.o)
 .rodata.dp_l   0x0000000008009850       0x10 /opt/st/stm32cubeide_1.14.0/plugins/com.st.stm32cube.ide.mcu.externaltools.gnu-tools-for-stm32.11.3.rel1.linux64_1.1.100.202309141235/tools/bin/../lib/gcc/arm-none-eabi/11.3.1/../../../../arm-none-eabi/lib/thumb/v7-m/nofp/libm.a(libm_a-e_pow.o)
 .rodata.atanhi
                0x0000000008009860       0x20 /opt/st/stm32cubeide_1.14.0/plugins/com.st.stm32cube.ide.mcu.externaltools.gnu-tools-for-stm32.11.3.rel1.linux64_1.1.100.202309141235/tools/bin/../lib/gcc/arm-none-eabi/11.3.1/../../../../arm-none-eabi/lib/thumb/v7-m/nofp/libm.a(libm_a-s_atan.o)
 .rodata.atanlo
                0x0000000008009880       0x20 /opt/st/stm32cubeide_1.14.0/plugins/com.st.stm32cube.ide.mcu.externaltools.gnu-tools-for-stm32.11.3.rel1.linux64_1.1.100.202309141235/tools/bin/../lib/gcc/arm-none-eabi/11.3.1/../../../../arm-none-eabi/lib/thumb/v7-m/nofp/libm.a(libm_a-s_atan.o)
                0x00000000080098a0                . = ALIGN (0x4)

.rel.dyn        0x00000000080098a0        0x0
 .rel.iplt      0x00000000080098a0        0x0 /opt/st/stm32cubeide_1.14.0/plugins/com.st.stm32cube.ide.mcu.externaltools.gnu-tools-for-stm32.11.3.rel1.linux64_1.1.100.202309141235/tools/bin/../lib/gcc/arm-none-eabi/11.3.1/thumb/v7-m/nofp/crtbegin.o

.ARM.extab      0x00000000080098a0        0x0
                0x00000000080098a0                . = ALIGN (0x4)
 *(.ARM.extab* .gnu.linkonce.armextab.*)
                0x00000000080098a0                . = ALIGN (0x4)

.ARM            0x00000000080098a0        0x0
                0x00000000080098a0                . = ALIGN (0x4)
                0x00000000080098a0                __exidx_start = .
 *(.ARM.exidx*)
                0x00000000080098a0                __exidx_end = .
                0x00000000080098a0                . = ALIGN (0x4)

.preinit_array  0x00000000080098a0        0x0
                0x00000000080098a0                . = ALIGN (0x4)
                0x00000000080098a0                PROVIDE (__preinit_array_start = .)
 *(.preinit_array*)
                0x00000000080098a0                PROVIDE (__preinit_array_end = .)
                0x00000000080098a0                . = ALIGN (0x4)

.init_array     0x00000000080098a0        0x4
                0x00000000080098a0                . = ALIGN (0x4)
                0x00000000080098a0                PROVIDE (__init_array_start = .)
 *(SORT_BY_NAME(.init_array.*))
 *(.init_array*)
 .init_array    0x00000000080098a0        0x4 /opt/st/stm32cubeide_1.14.0/plugins/com.st.stm32cube.ide.mcu.externaltools.gnu-tools-for-stm32.11.3.rel1.linux64_1.1.100.202309141235/tools/bin/../lib/gcc/arm-none-eabi/11.3.1/thumb/v7-m/nofp/crtbegin.o
                0x00000000080098a4                PROVIDE (__init_array_end = .)
                0x00000000080098a4                . = ALIGN (0x4)

.fini_array     0x00000000080098a4        0x4
                0x00000000080098a4                . = ALIGN (0x4)
                [!provide]                        PROVIDE (__fini_array_start = .)
 *(SORT_BY_NAME(.fini_array.*))
 *(.fini_array*)
 .fini_array    0x00000000080098a4        0x4 /opt/st/stm32cubeide_1.14.0/plugins/com.st.stm32cube.ide.mcu.externaltools.gnu-tools-for-stm32.11.3.rel1.linux64_1.1.100.202309141235/tools/bin/../lib/gcc/arm-none-eabi/11.3.1/thumb/v7-m/nofp/crtbegin.o
                [!provide]                        PROVIDE (__fini_array_end = .)
                0x00000000080098a8                . = ALIGN (0x4)
                0x00000000080098a8                _sidata = LOADADDR (.data)

.data           0x0000000020000000       0xb0 load address 0x00000000080098a8
                0x0000000020000000                . = ALIGN (0x4)
                0x0000000020000000                _sdata = .
 *(.data)
 *(.data*)
 .data.lane_dist
                0x0000000020000000        0x4 ./Core/Src/CAN.o
                0x0000000020000000                lane_dist
 *fill*         0x0000000020000004        0x4 
 .data.RxpipeAddrs
                0x0000000020000008        0x8 ./Core/Src/MY_NRF24.o
                0x0000000020000008                RxpipeAddrs
 .data.myAckPayload
                0x0000000020000010       0x20 ./Core/Src/MY_NRF24.o
                0x0000000020000010                myAckPayload
 .data.GMT      0x0000000020000030        0x4 ./Core/Src/new_NMEA.o
                0x0000000020000030                GMT
 .data.kd       0x0000000020000034        0x4 ./Core/Src/steering_pid.o
                0x0000000020000034                kd
 .data.kp       0x0000000020000038        0x4 ./Core/Src/steering_pid.o
                0x0000000020000038                kp
 .data.SystemCoreClock
                0x000000002000003c        0x4 ./Core/Src/system_stm32f1xx.o
                0x000000002000003c                SystemCoreClock
 .data.uwTickFreq
                0x0000000020000040        0x1 ./Drivers/STM32F1xx_HAL_Driver/Src/stm32f1xx_hal.o
                0x0000000020000040                uwTickFreq
 *fill*         0x0000000020000041        0x3 
 .data.uwTickPrio
                0x0000000020000044        0x4 ./Drivers/STM32F1xx_HAL_Driver/Src/stm32f1xx_hal.o
                0x0000000020000044                uwTickPrio
 .data.uxCriticalNesting
                0x0000000020000048        0x4 ./Middlewares/Third_Party/FreeRTOS/Source/portable/GCC/ARM_CM3/port.o
 .data._impure_data
                0x000000002000004c       0x4c /opt/st/stm32cubeide_1.14.0/plugins/com.st.stm32cube.ide.mcu.externaltools.gnu-tools-for-stm32.11.3.rel1.linux64_1.1.100.202309141235/tools/bin/../lib/gcc/arm-none-eabi/11.3.1/../../../../arm-none-eabi/lib/thumb/v7-m/nofp/libc_nano.a(libc_a-impure.o)
                0x000000002000004c                _impure_data
 .data._impure_ptr
                0x0000000020000098        0x4 /opt/st/stm32cubeide_1.14.0/plugins/com.st.stm32cube.ide.mcu.externaltools.gnu-tools-for-stm32.11.3.rel1.linux64_1.1.100.202309141235/tools/bin/../lib/gcc/arm-none-eabi/11.3.1/../../../../arm-none-eabi/lib/thumb/v7-m/nofp/libc_nano.a(libc_a-impure.o)
                0x0000000020000098                _impure_ptr
 *fill*         0x000000002000009c        0x4 
 .data.one      0x00000000200000a0        0x8 /opt/st/stm32cubeide_1.14.0/plugins/com.st.stm32cube.ide.mcu.externaltools.gnu-tools-for-stm32.11.3.rel1.linux64_1.1.100.202309141235/tools/bin/../lib/gcc/arm-none-eabi/11.3.1/../../../../arm-none-eabi/lib/thumb/v7-m/nofp/libm.a(libm_a-e_sqrt.o)
 .data.tiny     0x00000000200000a8        0x8 /opt/st/stm32cubeide_1.14.0/plugins/com.st.stm32cube.ide.mcu.externaltools.gnu-tools-for-stm32.11.3.rel1.linux64_1.1.100.202309141235/tools/bin/../lib/gcc/arm-none-eabi/11.3.1/../../../../arm-none-eabi/lib/thumb/v7-m/nofp/libm.a(libm_a-e_sqrt.o)
 *(.RamFunc)
 *(.RamFunc*)
                0x00000000200000b0                . = ALIGN (0x4)
                0x00000000200000b0                _edata = .

.igot.plt       0x00000000200000b0        0x0 load address 0x0000000008009958
 .igot.plt      0x00000000200000b0        0x0 /opt/st/stm32cubeide_1.14.0/plugins/com.st.stm32cube.ide.mcu.externaltools.gnu-tools-for-stm32.11.3.rel1.linux64_1.1.100.202309141235/tools/bin/../lib/gcc/arm-none-eabi/11.3.1/thumb/v7-m/nofp/crtbegin.o
                0x00000000200000b0                . = ALIGN (0x4)

.bss            0x00000000200000b0     0x2920 load address 0x0000000008009958
                0x00000000200000b0                _sbss = .
                0x00000000200000b0                __bss_start__ = _sbss
 *(.bss)
 .bss           0x00000000200000b0       0x1c /opt/st/stm32cubeide_1.14.0/plugins/com.st.stm32cube.ide.mcu.externaltools.gnu-tools-for-stm32.11.3.rel1.linux64_1.1.100.202309141235/tools/bin/../lib/gcc/arm-none-eabi/11.3.1/thumb/v7-m/nofp/crtbegin.o
 *(.bss*)
 .bss.RxHeader  0x00000000200000cc       0x1c ./Core/Src/CAN.o
                0x00000000200000cc                RxHeader
 .bss.Rx_can_data
                0x00000000200000e8        0x8 ./Core/Src/CAN.o
                0x00000000200000e8                Rx_can_data
 .bss.TxHeader  0x00000000200000f0       0x18 ./Core/Src/CAN.o
                0x00000000200000f0                TxHeader
 .bss.Tx_can_data
                0x0000000020000108        0x8 ./Core/Src/CAN.o
                0x0000000020000108                Tx_can_data
 .bss.Txmailbox
                0x0000000020000110        0x4 ./Core/Src/CAN.o
                0x0000000020000110                Txmailbox
 .bss.bump_detected
                0x0000000020000114        0x1 ./Core/Src/CAN.o
                0x0000000020000114                bump_detected
 *fill*         0x0000000020000115        0x3 
 .bss.counter   0x0000000020000118        0x4 ./Core/Src/CAN.o
                0x0000000020000118                counter
 .bss.nearest_dist
                0x000000002000011c        0x1 ./Core/Src/CAN.o
                0x000000002000011c                nearest_dist
 *fill*         0x000000002000011d        0x3 
 .bss.range     0x0000000020000120        0x4 ./Core/Src/CAN.o
                0x0000000020000120                range
 .bss.speed     0x0000000020000124        0x4 ./Core/Src/CAN.o
                0x0000000020000124                speed
 .bss.compass   0x0000000020000128        0x8 ./Core/Src/HCompass_HMC5883L_3.o
                0x0000000020000128                compass
 .bss.myRxData  0x0000000020000130       0x32 ./Core/Src/MY_NRF24.o
                0x0000000020000130                myRxData
 .bss.nrf24_CE_PIN
                0x0000000020000162        0x2 ./Core/Src/MY_NRF24.o
 .bss.nrf24_CSN_PIN
                0x0000000020000164        0x2 ./Core/Src/MY_NRF24.o
 *fill*         0x0000000020000166        0x2 
 .bss.nrf24_PORT
                0x0000000020000168        0x4 ./Core/Src/MY_NRF24.o
 .bss.nrf24_hspi
                0x000000002000016c       0x58 ./Core/Src/MY_NRF24.o
 .bss.nrf24_huart
                0x00000000200001c4       0x48 ./Core/Src/MY_NRF24.o
 .bss.payload_size
                0x000000002000020c        0x1 ./Core/Src/MY_NRF24.o
 *fill*         0x000000002000020d        0x3 
 .bss.pipe0_reading_address
                0x0000000020000210        0x8 ./Core/Src/MY_NRF24.o
 .bss.adc       0x0000000020000218        0x8 ./Core/Src/Temperature_Battery.o
                0x0000000020000218                adc
 .bss.new_percentage
                0x0000000020000220        0x4 ./Core/Src/Temperature_Battery.o
                0x0000000020000220                new_percentage
 .bss.percentage
                0x0000000020000224        0x4 ./Core/Src/Temperature_Battery.o
                0x0000000020000224                percentage
 .bss.temp      0x0000000020000228        0x4 ./Core/Src/Temperature_Battery.o
                0x0000000020000228                temp
 .bss.defaultTaskHandle
                0x000000002000022c        0x4 ./Core/Src/main.o
                0x000000002000022c                defaultTaskHandle
 .bss.hadc1     0x0000000020000230       0x30 ./Core/Src/main.o
                0x0000000020000230                hadc1
 .bss.hcan      0x0000000020000260       0x28 ./Core/Src/main.o
                0x0000000020000260                hcan
 .bss.hdma_adc1
                0x0000000020000288       0x44 ./Core/Src/main.o
                0x0000000020000288                hdma_adc1
 .bss.hdma_usart1_rx
                0x00000000200002cc       0x44 ./Core/Src/main.o
                0x00000000200002cc                hdma_usart1_rx
 .bss.hi2c1     0x0000000020000310       0x54 ./Core/Src/main.o
                0x0000000020000310                hi2c1
 .bss.hspi2     0x0000000020000364       0x58 ./Core/Src/main.o
                0x0000000020000364                hspi2
 .bss.htim2     0x00000000200003bc       0x48 ./Core/Src/main.o
                0x00000000200003bc                htim2
 .bss.htim3     0x0000000020000404       0x48 ./Core/Src/main.o
                0x0000000020000404                htim3
 .bss.huart1    0x000000002000044c       0x48 ./Core/Src/main.o
                0x000000002000044c                huart1
 .bss.huart2    0x0000000020000494       0x48 ./Core/Src/main.o
                0x0000000020000494                huart2
 .bss.GGA       0x00000000200004dc       0x64 ./Core/Src/new_NMEA.o
                0x00000000200004dc                GGA
 .bss.daychange
                0x0000000020000540        0x4 ./Core/Src/new_NMEA.o
                0x0000000020000540                daychange
 .bss.gpsdata   0x0000000020000544       0x30 ./Core/Src/new_NMEA.o
                0x0000000020000544                gpsdata
 .bss.hr        0x0000000020000574        0x4 ./Core/Src/new_NMEA.o
                0x0000000020000574                hr
 .bss.inx       0x0000000020000578        0x4 ./Core/Src/new_NMEA.o
                0x0000000020000578                inx
 .bss.min       0x000000002000057c        0x4 ./Core/Src/new_NMEA.o
                0x000000002000057c                min
 .bss.rx_databuffer
                0x0000000020000580      0x15e ./Core/Src/new_NMEA.o
                0x0000000020000580                rx_databuffer
 *fill*         0x00000000200006de        0x2 
 .bss.angle     0x00000000200006e0        0x4 ./Core/Src/steering_pid.o
                0x00000000200006e0                angle
 *fill*         0x00000000200006e4        0x4 
 .bss.controlSignal
                0x00000000200006e8        0x8 ./Core/Src/steering_pid.o
                0x00000000200006e8                controlSignal
 .bss.derivative
                0x00000000200006f0        0x8 ./Core/Src/steering_pid.o
                0x00000000200006f0                derivative
 .bss.error     0x00000000200006f8        0x8 ./Core/Src/steering_pid.o
                0x00000000200006f8                error
 .bss.integral  0x0000000020000700        0x8 ./Core/Src/steering_pid.o
                0x0000000020000700                integral
 .bss.ki        0x0000000020000708        0x4 ./Core/Src/steering_pid.o
                0x0000000020000708                ki
 *fill*         0x000000002000070c        0x4 
 .bss.previousError
                0x0000000020000710        0x8 ./Core/Src/steering_pid.o
                0x0000000020000710                previousError
 .bss.proportional
                0x0000000020000718        0x8 ./Core/Src/steering_pid.o
                0x0000000020000718                proportional
 .bss.htim1     0x0000000020000720       0x48 ./Core/Src/stm32f1xx_hal_timebase_tim.o
                0x0000000020000720                htim1
 .bss.__sbrk_heap_end
                0x0000000020000768        0x4 ./Core/Src/sysmem.o
 .bss.uwTick    0x000000002000076c        0x4 ./Drivers/STM32F1xx_HAL_Driver/Src/stm32f1xx_hal.o
                0x000000002000076c                uwTick
 .bss.Idle_Stack
                0x0000000020000770      0x140 ./Middlewares/Third_Party/FreeRTOS/Source/CMSIS_RTOS_V2/cmsis_os2.o
 .bss.Idle_TCB  0x00000000200008b0       0xa8 ./Middlewares/Third_Party/FreeRTOS/Source/CMSIS_RTOS_V2/cmsis_os2.o
 .bss.KernelState
                0x0000000020000958        0x4 ./Middlewares/Third_Party/FreeRTOS/Source/CMSIS_RTOS_V2/cmsis_os2.o
 .bss.Timer_Stack
                0x000000002000095c      0x280 ./Middlewares/Third_Party/FreeRTOS/Source/CMSIS_RTOS_V2/cmsis_os2.o
 .bss.Timer_TCB
                0x0000000020000bdc       0xa8 ./Middlewares/Third_Party/FreeRTOS/Source/CMSIS_RTOS_V2/cmsis_os2.o
 .bss.xQueueRegistry
                0x0000000020000c84       0x40 ./Middlewares/Third_Party/FreeRTOS/Source/queue.o
                0x0000000020000c84                xQueueRegistry
 .bss.pxCurrentTCB
                0x0000000020000cc4        0x4 ./Middlewares/Third_Party/FreeRTOS/Source/tasks.o
                0x0000000020000cc4                pxCurrentTCB
 .bss.pxDelayedTaskList
                0x0000000020000cc8        0x4 ./Middlewares/Third_Party/FreeRTOS/Source/tasks.o
 .bss.pxOverflowDelayedTaskList
                0x0000000020000ccc        0x4 ./Middlewares/Third_Party/FreeRTOS/Source/tasks.o